Archive member included to satisfy reference by file (symbol)

d:/stm32cubeide_1.4.0/stm32cubeide/plugins/com.st.stm32cube.ide.mcu.externaltools.gnu-tools-for-stm32.7-2018-q2-update.win32_1.4.0.202007081208/tools/bin/../lib/gcc/arm-none-eabi/7.3.1/../../../../arm-none-eabi/lib/thumb/v7e-m/fpv4-sp/hard\libc_nano.a(lib_a-errno.o)
                              Src/syscalls.o (__errno)
d:/stm32cubeide_1.4.0/stm32cubeide/plugins/com.st.stm32cube.ide.mcu.externaltools.gnu-tools-for-stm32.7-2018-q2-update.win32_1.4.0.202007081208/tools/bin/../lib/gcc/arm-none-eabi/7.3.1/../../../../arm-none-eabi/lib/thumb/v7e-m/fpv4-sp/hard\libc_nano.a(lib_a-exit.o)
                              d:/stm32cubeide_1.4.0/stm32cubeide/plugins/com.st.stm32cube.ide.mcu.externaltools.gnu-tools-for-stm32.7-2018-q2-update.win32_1.4.0.202007081208/tools/bin/../lib/gcc/arm-none-eabi/7.3.1/../../../../arm-none-eabi/lib/thumb/v7e-m/fpv4-sp/hard/crt0.o (exit)
d:/stm32cubeide_1.4.0/stm32cubeide/plugins/com.st.stm32cube.ide.mcu.externaltools.gnu-tools-for-stm32.7-2018-q2-update.win32_1.4.0.202007081208/tools/bin/../lib/gcc/arm-none-eabi/7.3.1/../../../../arm-none-eabi/lib/thumb/v7e-m/fpv4-sp/hard\libc_nano.a(lib_a-impure.o)
                              d:/stm32cubeide_1.4.0/stm32cubeide/plugins/com.st.stm32cube.ide.mcu.externaltools.gnu-tools-for-stm32.7-2018-q2-update.win32_1.4.0.202007081208/tools/bin/../lib/gcc/arm-none-eabi/7.3.1/../../../../arm-none-eabi/lib/thumb/v7e-m/fpv4-sp/hard\libc_nano.a(lib_a-exit.o) (_global_impure_ptr)
d:/stm32cubeide_1.4.0/stm32cubeide/plugins/com.st.stm32cube.ide.mcu.externaltools.gnu-tools-for-stm32.7-2018-q2-update.win32_1.4.0.202007081208/tools/bin/../lib/gcc/arm-none-eabi/7.3.1/../../../../arm-none-eabi/lib/thumb/v7e-m/fpv4-sp/hard\libc_nano.a(lib_a-init.o)
                              d:/stm32cubeide_1.4.0/stm32cubeide/plugins/com.st.stm32cube.ide.mcu.externaltools.gnu-tools-for-stm32.7-2018-q2-update.win32_1.4.0.202007081208/tools/bin/../lib/gcc/arm-none-eabi/7.3.1/../../../../arm-none-eabi/lib/thumb/v7e-m/fpv4-sp/hard/crt0.o (__libc_init_array)
d:/stm32cubeide_1.4.0/stm32cubeide/plugins/com.st.stm32cube.ide.mcu.externaltools.gnu-tools-for-stm32.7-2018-q2-update.win32_1.4.0.202007081208/tools/bin/../lib/gcc/arm-none-eabi/7.3.1/../../../../arm-none-eabi/lib/thumb/v7e-m/fpv4-sp/hard\libc_nano.a(lib_a-memset.o)
                              d:/stm32cubeide_1.4.0/stm32cubeide/plugins/com.st.stm32cube.ide.mcu.externaltools.gnu-tools-for-stm32.7-2018-q2-update.win32_1.4.0.202007081208/tools/bin/../lib/gcc/arm-none-eabi/7.3.1/../../../../arm-none-eabi/lib/thumb/v7e-m/fpv4-sp/hard/crt0.o (memset)
d:/stm32cubeide_1.4.0/stm32cubeide/plugins/com.st.stm32cube.ide.mcu.externaltools.gnu-tools-for-stm32.7-2018-q2-update.win32_1.4.0.202007081208/tools/bin/../lib/gcc/arm-none-eabi/7.3.1/thumb/v7e-m/fpv4-sp/hard\libgcc.a(_aeabi_uldivmod.o)
                              Drivers/STM32F4xx_HAL_Driver/Src/stm32f4xx_hal_rcc.o (__aeabi_uldivmod)
d:/stm32cubeide_1.4.0/stm32cubeide/plugins/com.st.stm32cube.ide.mcu.externaltools.gnu-tools-for-stm32.7-2018-q2-update.win32_1.4.0.202007081208/tools/bin/../lib/gcc/arm-none-eabi/7.3.1/thumb/v7e-m/fpv4-sp/hard\libgcc.a(_udivmoddi4.o)
                              d:/stm32cubeide_1.4.0/stm32cubeide/plugins/com.st.stm32cube.ide.mcu.externaltools.gnu-tools-for-stm32.7-2018-q2-update.win32_1.4.0.202007081208/tools/bin/../lib/gcc/arm-none-eabi/7.3.1/thumb/v7e-m/fpv4-sp/hard\libgcc.a(_aeabi_uldivmod.o) (__udivmoddi4)
d:/stm32cubeide_1.4.0/stm32cubeide/plugins/com.st.stm32cube.ide.mcu.externaltools.gnu-tools-for-stm32.7-2018-q2-update.win32_1.4.0.202007081208/tools/bin/../lib/gcc/arm-none-eabi/7.3.1/thumb/v7e-m/fpv4-sp/hard\libgcc.a(_dvmd_tls.o)
                              d:/stm32cubeide_1.4.0/stm32cubeide/plugins/com.st.stm32cube.ide.mcu.externaltools.gnu-tools-for-stm32.7-2018-q2-update.win32_1.4.0.202007081208/tools/bin/../lib/gcc/arm-none-eabi/7.3.1/thumb/v7e-m/fpv4-sp/hard\libgcc.a(_aeabi_uldivmod.o) (__aeabi_ldiv0)

Allocating common symbols
Common symbol       size              file

hspi2               0x58              Src/spi.o
uwTick              0x4               Drivers/STM32F4xx_HAL_Driver/Src/stm32f4xx_hal.o
pFlash              0x20              Drivers/STM32F4xx_HAL_Driver/Src/stm32f4xx_hal_flash.o
my_rx_data          0x22              Src/main.o
htim1               0x40              Src/tim.o
huart2              0x40              Src/usart.o

Discarded input sections

 .text          0x0000000000000000        0x0 d:/stm32cubeide_1.4.0/stm32cubeide/plugins/com.st.stm32cube.ide.mcu.externaltools.gnu-tools-for-stm32.7-2018-q2-update.win32_1.4.0.202007081208/tools/bin/../lib/gcc/arm-none-eabi/7.3.1/thumb/v7e-m/fpv4-sp/hard/crti.o
[...]
Memory Configuration

Name             Origin             Length             Attributes
RAM              0x0000000020000000 0x0000000000020000 xrw
FLASH            0x0000000008000000 0x0000000000080000 xr
*default*        0x0000000000000000 0xffffffffffffffff

Linker script and memory map

LOAD d:/stm32cubeide_1.4.0/stm32cubeide/plugins/com.st.stm32cube.ide.mcu.externaltools.gnu-tools-for-stm32.7-2018-q2-update.win32_1.4.0.202007081208/tools/bin/../lib/gcc/arm-none-eabi/7.3.1/thumb/v7e-m/fpv4-sp/hard/crti.o
LOAD d:/stm32cubeide_1.4.0/stm32cubeide/plugins/com.st.stm32cube.ide.mcu.externaltools.gnu-tools-for-stm32.7-2018-q2-update.win32_1.4.0.202007081208/tools/bin/../lib/gcc/arm-none-eabi/7.3.1/thumb/v7e-m/fpv4-sp/hard/crtbegin.o
LOAD d:/stm32cubeide_1.4.0/stm32cubeide/plugins/com.st.stm32cube.ide.mcu.externaltools.gnu-tools-for-stm32.7-2018-q2-update.win32_1.4.0.202007081208/tools/bin/../lib/gcc/arm-none-eabi/7.3.1/../../../../arm-none-eabi/lib/thumb/v7e-m/fpv4-sp/hard/crt0.o
LOAD Drivers/STM32F4xx_HAL_Driver/Src/stm32f4xx_hal.o
LOAD Drivers/STM32F4xx_HAL_Driver/Src/stm32f4xx_hal_cortex.o
LOAD Drivers/STM32F4xx_HAL_Driver/Src/stm32f4xx_hal_dma.o
LOAD Drivers/STM32F4xx_HAL_Driver/Src/stm32f4xx_hal_dma_ex.o
LOAD Drivers/STM32F4xx_HAL_Driver/Src/stm32f4xx_hal_exti.o
LOAD Drivers/STM32F4xx_HAL_Driver/Src/stm32f4xx_hal_flash.o
LOAD Drivers/STM32F4xx_HAL_Driver/Src/stm32f4xx_hal_flash_ex.o
LOAD Drivers/STM32F4xx_HAL_Driver/Src/stm32f4xx_hal_flash_ramfunc.o
LOAD Drivers/STM32F4xx_HAL_Driver/Src/stm32f4xx_hal_gpio.o
LOAD Drivers/STM32F4xx_HAL_Driver/Src/stm32f4xx_hal_pwr.o
LOAD Drivers/STM32F4xx_HAL_Driver/Src/stm32f4xx_hal_pwr_ex.o
LOAD Drivers/STM32F4xx_HAL_Driver/Src/stm32f4xx_hal_rcc.o
LOAD Drivers/STM32F4xx_HAL_Driver/Src/stm32f4xx_hal_rcc_ex.o
LOAD Drivers/STM32F4xx_HAL_Driver/Src/stm32f4xx_hal_spi.o
LOAD Drivers/STM32F4xx_HAL_Driver/Src/stm32f4xx_hal_tim.o
LOAD Drivers/STM32F4xx_HAL_Driver/Src/stm32f4xx_hal_tim_ex.o
LOAD Drivers/STM32F4xx_HAL_Driver/Src/stm32f4xx_hal_uart.o
LOAD Src/NRF24.o
LOAD Src/gpio.o
LOAD Src/main.o
LOAD Src/spi.o
LOAD Src/stm32f4xx_hal_msp.o
LOAD Src/stm32f4xx_it.o
LOAD Src/syscalls.o
LOAD Src/sysmem.o
LOAD Src/system_stm32f4xx.o
LOAD Src/tim.o
LOAD Src/usart.o
LOAD Startup/startup_stm32f446retx.o
START GROUP
LOAD d:/stm32cubeide_1.4.0/stm32cubeide/plugins/com.st.stm32cube.ide.mcu.externaltools.gnu-tools-for-stm32.7-2018-q2-update.win32_1.4.0.202007081208/tools/bin/../lib/gcc/arm-none-eabi/7.3.1/../../../../arm-none-eabi/lib/thumb/v7e-m/fpv4-sp/hard\libc_nano.a
LOAD d:/stm32cubeide_1.4.0/stm32cubeide/plugins/com.st.stm32cube.ide.mcu.externaltools.gnu-tools-for-stm32.7-2018-q2-update.win32_1.4.0.202007081208/tools/bin/../lib/gcc/arm-none-eabi/7.3.1/../../../../arm-none-eabi/lib/thumb/v7e-m/fpv4-sp/hard\libm.a
END GROUP
START GROUP
LOAD d:/stm32cubeide_1.4.0/stm32cubeide/plugins/com.st.stm32cube.ide.mcu.externaltools.gnu-tools-for-stm32.7-2018-q2-update.win32_1.4.0.202007081208/tools/bin/../lib/gcc/arm-none-eabi/7.3.1/thumb/v7e-m/fpv4-sp/hard\libgcc.a
LOAD d:/stm32cubeide_1.4.0/stm32cubeide/plugins/com.st.stm32cube.ide.mcu.externaltools.gnu-tools-for-stm32.7-2018-q2-update.win32_1.4.0.202007081208/tools/bin/../lib/gcc/arm-none-eabi/7.3.1/../../../../arm-none-eabi/lib/thumb/v7e-m/fpv4-sp/hard\libc_nano.a
END GROUP
START GROUP
LOAD d:/stm32cubeide_1.4.0/stm32cubeide/plugins/com.st.stm32cube.ide.mcu.externaltools.gnu-tools-for-stm32.7-2018-q2-update.win32_1.4.0.202007081208/tools/bin/../lib/gcc/arm-none-eabi/7.3.1/thumb/v7e-m/fpv4-sp/hard\libgcc.a
LOAD d:/stm32cubeide_1.4.0/stm32cubeide/plugins/com.st.stm32cube.ide.mcu.externaltools.gnu-tools-for-stm32.7-2018-q2-update.win32_1.4.0.202007081208/tools/bin/../lib/gcc/arm-none-eabi/7.3.1/../../../../arm-none-eabi/lib/thumb/v7e-m/fpv4-sp/hard\libc_nano.a
LOAD d:/stm32cubeide_1.4.0/stm32cubeide/plugins/com.st.stm32cube.ide.mcu.externaltools.gnu-tools-for-stm32.7-2018-q2-update.win32_1.4.0.202007081208/tools/bin/../lib/gcc/arm-none-eabi/7.3.1/../../../../arm-none-eabi/lib/thumb/v7e-m/fpv4-sp/hard\libnosys.a
END GROUP
START GROUP
LOAD d:/stm32cubeide_1.4.0/stm32cubeide/plugins/com.st.stm32cube.ide.mcu.externaltools.gnu-tools-for-stm32.7-2018-q2-update.win32_1.4.0.202007081208/tools/bin/../lib/gcc/arm-none-eabi/7.3.1/thumb/v7e-m/fpv4-sp/hard\libgcc.a
LOAD d:/stm32cubeide_1.4.0/stm32cubeide/plugins/com.st.stm32cube.ide.mcu.externaltools.gnu-tools-for-stm32.7-2018-q2-update.win32_1.4.0.202007081208/tools/bin/../lib/gcc/arm-none-eabi/7.3.1/../../../../arm-none-eabi/lib/thumb/v7e-m/fpv4-sp/hard\libc_nano.a
LOAD d:/stm32cubeide_1.4.0/stm32cubeide/plugins/com.st.stm32cube.ide.mcu.externaltools.gnu-tools-for-stm32.7-2018-q2-update.win32_1.4.0.202007081208/tools/bin/../lib/gcc/arm-none-eabi/7.3.1/../../../../arm-none-eabi/lib/thumb/v7e-m/fpv4-sp/hard\libnosys.a
END GROUP
LOAD d:/stm32cubeide_1.4.0/stm32cubeide/plugins/com.st.stm32cube.ide.mcu.externaltools.gnu-tools-for-stm32.7-2018-q2-update.win32_1.4.0.202007081208/tools/bin/../lib/gcc/arm-none-eabi/7.3.1/thumb/v7e-m/fpv4-sp/hard/crtend.o
LOAD d:/stm32cubeide_1.4.0/stm32cubeide/plugins/com.st.stm32cube.ide.mcu.externaltools.gnu-tools-for-stm32.7-2018-q2-update.win32_1.4.0.202007081208/tools/bin/../lib/gcc/arm-none-eabi/7.3.1/thumb/v7e-m/fpv4-sp/hard/crtn.o
                0x0000000020020000                _estack = (ORIGIN (RAM) + LENGTH (RAM))
                0x0000000000000200                _Min_Heap_Size = 0x200
                0x0000000000000400                _Min_Stack_Size = 0x400

.isr_vector     0x0000000008000000      0x1c4
                0x0000000008000000                . = ALIGN (0x4)
 *(.isr_vector)
 .isr_vector    0x0000000008000000      0x1c4 Startup/startup_stm32f446retx.o
                0x0000000008000000                g_pfnVectors
                0x00000000080001c4                . = ALIGN (0x4)

.text           0x00000000080001c8     0x4028
                0x00000000080001c8                . = ALIGN (0x4)
 *(.text)
 .text          0x00000000080001c8       0x40 d:/stm32cubeide_1.4.0/stm32cubeide/plugins/com.st.stm32cube.ide.mcu.externaltools.gnu-tools-for-stm32.7-2018-q2-update.win32_1.4.0.202007081208/tools/bin/../lib/gcc/arm-none-eabi/7.3.1/thumb/v7e-m/fpv4-sp/hard/crtbegin.o
 .text          0x0000000008000208       0x30 d:/stm32cubeide_1.4.0/stm32cubeide/plugins/com.st.stm32cube.ide.mcu.externaltools.gnu-tools-for-stm32.7-2018-q2-update.win32_1.4.0.202007081208/tools/bin/../lib/gcc/arm-none-eabi/7.3.1/thumb/v7e-m/fpv4-sp/hard\libgcc.a(_aeabi_uldivmod.o)
                0x0000000008000208                __aeabi_uldivmod
 .text          0x0000000008000238      0x2cc d:/stm32cubeide_1.4.0/stm32cubeide/plugins/com.st.stm32cube.ide.mcu.externaltools.gnu-tools-for-stm32.7-2018-q2-update.win32_1.4.0.202007081208/tools/bin/../lib/gcc/arm-none-eabi/7.3.1/thumb/v7e-m/fpv4-sp/hard\libgcc.a(_udivmoddi4.o)
                0x0000000008000238                __udivmoddi4
 .text          0x0000000008000504        0x4 d:/stm32cubeide_1.4.0/stm32cubeide/plugins/com.st.stm32cube.ide.mcu.externaltools.gnu-tools-for-stm32.7-2018-q2-update.win32_1.4.0.202007081208/tools/bin/../lib/gcc/arm-none-eabi/7.3.1/thumb/v7e-m/fpv4-sp/hard\libgcc.a(_dvmd_tls.o)
                0x0000000008000504                __aeabi_idiv0
                0x0000000008000504                __aeabi_ldiv0
 *(.text*)
 .text.HAL_Init
                0x0000000008000508       0x44 Drivers/STM32F4xx_HAL_Driver/Src/stm32f4xx_hal.o
                0x0000000008000508                HAL_Init
 .text.HAL_InitTick
                0x000000000800054c       0x60 Drivers/STM32F4xx_HAL_Driver/Src/stm32f4xx_hal.o
                0x000000000800054c                HAL_InitTick
 .text.HAL_IncTick
                0x00000000080005ac       0x28 Drivers/STM32F4xx_HAL_Driver/Src/stm32f4xx_hal.o
                0x00000000080005ac                HAL_IncTick
 .text.HAL_GetTick
                0x00000000080005d4       0x18 Drivers/STM32F4xx_HAL_Driver/Src/stm32f4xx_hal.o
                0x00000000080005d4                HAL_GetTick
 .text.HAL_Delay
                0x00000000080005ec       0x44 Drivers/STM32F4xx_HAL_Driver/Src/stm32f4xx_hal.o
                0x00000000080005ec                HAL_Delay
 .text.__NVIC_SetPriorityGrouping
                0x0000000008000630       0x48 Drivers/STM32F4xx_HAL_Driver/Src/stm32f4xx_hal_cortex.o
 .text.__NVIC_GetPriorityGrouping
                0x0000000008000678       0x1c Drivers/STM32F4xx_HAL_Driver/Src/stm32f4xx_hal_cortex.o
 .text.__NVIC_SetPriority
                0x0000000008000694       0x54 Drivers/STM32F4xx_HAL_Driver/Src/stm32f4xx_hal_cortex.o
 .text.NVIC_EncodePriority
                0x00000000080006e8       0x66 Drivers/STM32F4xx_HAL_Driver/Src/stm32f4xx_hal_cortex.o
 *fill*         0x000000000800074e        0x2 
 .text.SysTick_Config
                0x0000000008000750       0x44 Drivers/STM32F4xx_HAL_Driver/Src/stm32f4xx_hal_cortex.o
 .text.HAL_NVIC_SetPriorityGrouping
                0x0000000008000794       0x16 Drivers/STM32F4xx_HAL_Driver/Src/stm32f4xx_hal_cortex.o
                0x0000000008000794                HAL_NVIC_SetPriorityGrouping
 .text.HAL_NVIC_SetPriority
                0x00000000080007aa       0x38 Drivers/STM32F4xx_HAL_Driver/Src/stm32f4xx_hal_cortex.o
                0x00000000080007aa                HAL_NVIC_SetPriority
 .text.HAL_SYSTICK_Config
                0x00000000080007e2       0x18 Drivers/STM32F4xx_HAL_Driver/Src/stm32f4xx_hal_cortex.o
                0x00000000080007e2                HAL_SYSTICK_Config
 *fill*         0x00000000080007fa        0x2 
 .text.HAL_GPIO_Init
                0x00000000080007fc      0x324 Drivers/STM32F4xx_HAL_Driver/Src/stm32f4xx_hal_gpio.o
                0x00000000080007fc                HAL_GPIO_Init
 .text.HAL_GPIO_WritePin
                0x0000000008000b20       0x32 Drivers/STM32F4xx_HAL_Driver/Src/stm32f4xx_hal_gpio.o
                0x0000000008000b20                HAL_GPIO_WritePin
 *fill*         0x0000000008000b52        0x2 
 .text.HAL_RCC_ClockConfig
                0x0000000008000b54      0x1cc Drivers/STM32F4xx_HAL_Driver/Src/stm32f4xx_hal_rcc.o
                0x0000000008000b54                HAL_RCC_ClockConfig
 .text.HAL_RCC_GetHCLKFreq
                0x0000000008000d20       0x18 Drivers/STM32F4xx_HAL_Driver/Src/stm32f4xx_hal_rcc.o
                0x0000000008000d20                HAL_RCC_GetHCLKFreq
 .text.HAL_RCC_GetPCLK1Freq
                0x0000000008000d38       0x28 Drivers/STM32F4xx_HAL_Driver/Src/stm32f4xx_hal_rcc.o
                0x0000000008000d38                HAL_RCC_GetPCLK1Freq
 .text.HAL_RCC_GetPCLK2Freq
                0x0000000008000d60       0x28 Drivers/STM32F4xx_HAL_Driver/Src/stm32f4xx_hal_rcc.o
                0x0000000008000d60                HAL_RCC_GetPCLK2Freq
 .text.HAL_RCC_GetSysClockFreq
                0x0000000008000d88      0x340 Drivers/STM32F4xx_HAL_Driver/Src/stm32f4xx_hal_rcc_ex.o
                0x0000000008000d88                HAL_RCC_GetSysClockFreq
 .text.HAL_RCC_OscConfig
                0x00000000080010c8      0x4b4 Drivers/STM32F4xx_HAL_Driver/Src/stm32f4xx_hal_rcc_ex.o
                0x00000000080010c8                HAL_RCC_OscConfig
 .text.HAL_SPI_Init
                0x000000000800157c       0xc8 Drivers/STM32F4xx_HAL_Driver/Src/stm32f4xx_hal_spi.o
                0x000000000800157c                HAL_SPI_Init
 .text.HAL_SPI_Transmit
                0x0000000008001644      0x268 Drivers/STM32F4xx_HAL_Driver/Src/stm32f4xx_hal_spi.o
                0x0000000008001644                HAL_SPI_Transmit
 .text.HAL_SPI_Receive
                0x00000000080018ac      0x212 Drivers/STM32F4xx_HAL_Driver/Src/stm32f4xx_hal_spi.o
                0x00000000080018ac                HAL_SPI_Receive
 .text.HAL_SPI_TransmitReceive
                0x0000000008001abe      0x344 Drivers/STM32F4xx_HAL_Driver/Src/stm32f4xx_hal_spi.o
                0x0000000008001abe                HAL_SPI_TransmitReceive
 .text.SPI_WaitFlagStateUntilTimeout
                0x0000000008001e02       0xd4 Drivers/STM32F4xx_HAL_Driver/Src/stm32f4xx_hal_spi.o
 .text.SPI_EndRxTransaction
                0x0000000008001ed6       0xca Drivers/STM32F4xx_HAL_Driver/Src/stm32f4xx_hal_spi.o
 .text.SPI_EndRxTxTransaction
                0x0000000008001fa0       0x84 Drivers/STM32F4xx_HAL_Driver/Src/stm32f4xx_hal_spi.o
 .text.HAL_TIM_Base_Init
                0x0000000008002024       0x56 Drivers/STM32F4xx_HAL_Driver/Src/stm32f4xx_hal_tim.o
                0x0000000008002024                HAL_TIM_Base_Init
 .text.HAL_TIM_PWM_Init
                0x000000000800207a       0x56 Drivers/STM32F4xx_HAL_Driver/Src/stm32f4xx_hal_tim.o
                0x000000000800207a                HAL_TIM_PWM_Init
 .text.HAL_TIM_PWM_MspInit
                0x00000000080020d0       0x14 Drivers/STM32F4xx_HAL_Driver/Src/stm32f4xx_hal_tim.o
                0x00000000080020d0                HAL_TIM_PWM_MspInit
 .text.HAL_TIM_PWM_ConfigChannel
                0x00000000080020e4      0x18c Drivers/STM32F4xx_HAL_Driver/Src/stm32f4xx_hal_tim.o
                0x00000000080020e4                HAL_TIM_PWM_ConfigChannel
 .text.HAL_TIM_ConfigClockSource
                0x0000000008002270      0x16e Drivers/STM32F4xx_HAL_Driver/Src/stm32f4xx_hal_tim.o
                0x0000000008002270                HAL_TIM_ConfigClockSource
 *fill*         0x00000000080023de        0x2 
 .text.TIM_Base_SetConfig
                0x00000000080023e0      0x140 Drivers/STM32F4xx_HAL_Driver/Src/stm32f4xx_hal_tim.o
                0x00000000080023e0                TIM_Base_SetConfig
 .text.TIM_OC1_SetConfig
                0x0000000008002520       0xe0 Drivers/STM32F4xx_HAL_Driver/Src/stm32f4xx_hal_tim.o
 .text.TIM_OC2_SetConfig
                0x0000000008002600       0xec Drivers/STM32F4xx_HAL_Driver/Src/stm32f4xx_hal_tim.o
                0x0000000008002600                TIM_OC2_SetConfig
 .text.TIM_OC3_SetConfig
                0x00000000080026ec       0xe8 Drivers/STM32F4xx_HAL_Driver/Src/stm32f4xx_hal_tim.o
 .text.TIM_OC4_SetConfig
                0x00000000080027d4       0xac Drivers/STM32F4xx_HAL_Driver/Src/stm32f4xx_hal_tim.o
 .text.TIM_TI1_ConfigInputStage
                0x0000000008002880       0x5e Drivers/STM32F4xx_HAL_Driver/Src/stm32f4xx_hal_tim.o
 .text.TIM_TI2_ConfigInputStage
                0x00000000080028de       0x60 Drivers/STM32F4xx_HAL_Driver/Src/stm32f4xx_hal_tim.o
 .text.TIM_ITRx_SetConfig
                0x000000000800293e       0x36 Drivers/STM32F4xx_HAL_Driver/Src/stm32f4xx_hal_tim.o
 .text.TIM_ETR_SetConfig
                0x0000000008002974       0x40 Drivers/STM32F4xx_HAL_Driver/Src/stm32f4xx_hal_tim.o
                0x0000000008002974                TIM_ETR_SetConfig
 .text.HAL_TIMEx_MasterConfigSynchronization
                0x00000000080029b4       0xf8 Drivers/STM32F4xx_HAL_Driver/Src/stm32f4xx_hal_tim_ex.o
                0x00000000080029b4                HAL_TIMEx_MasterConfigSynchronization
 .text.HAL_TIMEx_ConfigBreakDeadTime
                0x0000000008002aac       0xa4 Drivers/STM32F4xx_HAL_Driver/Src/stm32f4xx_hal_tim_ex.o
                0x0000000008002aac                HAL_TIMEx_ConfigBreakDeadTime
 .text.HAL_UART_Init
                0x0000000008002b50       0x9a Drivers/STM32F4xx_HAL_Driver/Src/stm32f4xx_hal_uart.o
                0x0000000008002b50                HAL_UART_Init
 .text.HAL_UART_Transmit
                0x0000000008002bea      0x132 Drivers/STM32F4xx_HAL_Driver/Src/stm32f4xx_hal_uart.o
                0x0000000008002bea                HAL_UART_Transmit
 .text.UART_WaitOnFlagUntilTimeout
                0x0000000008002d1c       0x94 Drivers/STM32F4xx_HAL_Driver/Src/stm32f4xx_hal_uart.o
 .text.UART_SetConfig
                0x0000000008002db0      0x6f8 Drivers/STM32F4xx_HAL_Driver/Src/stm32f4xx_hal_uart.o
 .text.NRF24_init
                0x00000000080034a8      0x154 Src/NRF24.o
                0x00000000080034a8                NRF24_init
 .text.NRF24_CSN
                0x00000000080035fc       0x38 Src/NRF24.o
 .text.NRF24_CE
                0x0000000008003634       0x38 Src/NRF24.o
 .text.NRF24_write_register
                0x000000000800366c       0x48 Src/NRF24.o
 .text.NRF24_write_registerN
                0x00000000080036b4       0x54 Src/NRF24.o
 .text.NRF24_read_register
                0x0000000008003708       0x50 Src/NRF24.o
 .text.NRF24_resetStatus
                0x0000000008003758       0x10 Src/NRF24.o
 .text.NRF24_flush_TX
                0x0000000008003768       0x10 Src/NRF24.o
 .text.NRF24_flush_RX
                0x0000000008003778       0x10 Src/NRF24.o
 .text.NRF24_power
                0x0000000008003788       0x46 Src/NRF24.o
 *fill*         0x00000000080037ce        0x2 
 .text.NRF24_openReadingPipe
                0x00000000080037d0       0xb4 Src/NRF24.o
                0x00000000080037d0                NRF24_openReadingPipe
 .text.NRF24_read
                0x0000000008003884       0x5c Src/NRF24.o
                0x0000000008003884                NRF24_read
 .text.NRF24_startListening
                0x00000000080038e0       0x38 Src/NRF24.o
                0x00000000080038e0                NRF24_startListening
 .text.NRF24_available
                0x0000000008003918       0x2c Src/NRF24.o
                0x0000000008003918                NRF24_available
 .text.MX_GPIO_Init
                0x0000000008003944      0x108 Src/gpio.o
                0x0000000008003944                MX_GPIO_Init
 *fill*         0x0000000008003a4c        0x4 
 .text.main     0x0000000008003a50       0xc8 Src/main.o
                0x0000000008003a50                main
 .text.SystemClock_Config
                0x0000000008003b18       0xdc Src/main.o
                0x0000000008003b18                SystemClock_Config
 .text.Error_Handler
                0x0000000008003bf4        0xe Src/main.o
                0x0000000008003bf4                Error_Handler
 *fill*         0x0000000008003c02        0x2 
 .text.MX_SPI2_Init
                0x0000000008003c04       0x6c Src/spi.o
                0x0000000008003c04                MX_SPI2_Init
 .text.HAL_SPI_MspInit
                0x0000000008003c70       0xf0 Src/spi.o
                0x0000000008003c70                HAL_SPI_MspInit
 .text.HAL_MspInit
                0x0000000008003d60       0x50 Src/stm32f4xx_hal_msp.o
                0x0000000008003d60                HAL_MspInit
 .text.NMI_Handler
                0x0000000008003db0        0xe Src/stm32f4xx_it.o
                0x0000000008003db0                NMI_Handler
 .text.HardFault_Handler
                0x0000000008003dbe        0x6 Src/stm32f4xx_it.o
                0x0000000008003dbe                HardFault_Handler
 .text.MemManage_Handler
                0x0000000008003dc4        0x6 Src/stm32f4xx_it.o
                0x0000000008003dc4                MemManage_Handler
 .text.BusFault_Handler
                0x0000000008003dca        0x6 Src/stm32f4xx_it.o
                0x0000000008003dca                BusFault_Handler
 .text.UsageFault_Handler
                0x0000000008003dd0        0x6 Src/stm32f4xx_it.o
                0x0000000008003dd0                UsageFault_Handler
 .text.SVC_Handler
                0x0000000008003dd6        0xe Src/stm32f4xx_it.o
                0x0000000008003dd6                SVC_Handler
 .text.DebugMon_Handler
                0x0000000008003de4        0xe Src/stm32f4xx_it.o
                0x0000000008003de4                DebugMon_Handler
 .text.PendSV_Handler
                0x0000000008003df2        0xe Src/stm32f4xx_it.o
                0x0000000008003df2                PendSV_Handler
 .text.SysTick_Handler
                0x0000000008003e00        0xc Src/stm32f4xx_it.o
                0x0000000008003e00                SysTick_Handler
 .text.SystemInit
                0x0000000008003e0c       0x2c Src/system_stm32f4xx.o
                0x0000000008003e0c                SystemInit
 .text.MX_TIM1_Init
                0x0000000008003e38      0x158 Src/tim.o
                0x0000000008003e38                MX_TIM1_Init
 .text.HAL_TIM_Base_MspInit
                0x0000000008003f90       0x44 Src/tim.o
                0x0000000008003f90                HAL_TIM_Base_MspInit
 .text.HAL_TIM_MspPostInit
                0x0000000008003fd4       0x74 Src/tim.o
                0x0000000008003fd4                HAL_TIM_MspPostInit
 .text.MX_USART2_UART_Init
                0x0000000008004048       0x54 Src/usart.o
                0x0000000008004048                MX_USART2_UART_Init
 .text.HAL_UART_MspInit
                0x000000000800409c       0x90 Src/usart.o
                0x000000000800409c                HAL_UART_MspInit
 .text.Reset_Handler
                0x000000000800412c       0x50 Startup/startup_stm32f446retx.o
                0x000000000800412c                Reset_Handler
 .text.Default_Handler
                0x000000000800417c        0x2 Startup/startup_stm32f446retx.o
                0x000000000800417c                RTC_Alarm_IRQHandler
                0x000000000800417c                EXTI2_IRQHandler
                0x000000000800417c                TIM8_CC_IRQHandler
                0x000000000800417c                FMPI2C1_EV_IRQHandler
                0x000000000800417c                SPI4_IRQHandler
                0x000000000800417c                TIM1_CC_IRQHandler
                0x000000000800417c                DMA2_Stream5_IRQHandler
                0x000000000800417c                DMA1_Stream5_IRQHandler
                0x000000000800417c                PVD_IRQHandler
                0x000000000800417c                SDIO_IRQHandler
                0x000000000800417c                TAMP_STAMP_IRQHandler
                0x000000000800417c                CAN2_RX1_IRQHandler
                0x000000000800417c                EXTI3_IRQHandler
                0x000000000800417c                TIM8_TRG_COM_TIM14_IRQHandler
                0x000000000800417c                TIM1_UP_TIM10_IRQHandler
                0x000000000800417c                TIM8_UP_TIM13_IRQHandler
                0x000000000800417c                I2C3_ER_IRQHandler
                0x000000000800417c                EXTI0_IRQHandler
                0x000000000800417c                I2C2_EV_IRQHandler
                0x000000000800417c                DMA1_Stream2_IRQHandler
                0x000000000800417c                CAN1_RX0_IRQHandler
                0x000000000800417c                FPU_IRQHandler
                0x000000000800417c                OTG_HS_WKUP_IRQHandler
                0x000000000800417c                CAN2_SCE_IRQHandler
                0x000000000800417c                DMA2_Stream2_IRQHandler
                0x000000000800417c                SPI1_IRQHandler
                0x000000000800417c                TIM6_DAC_IRQHandler
                0x000000000800417c                TIM1_BRK_TIM9_IRQHandler
                0x000000000800417c                DCMI_IRQHandler
                0x000000000800417c                CAN2_RX0_IRQHandler
                0x000000000800417c                DMA2_Stream3_IRQHandler
                0x000000000800417c                SAI2_IRQHandler
                0x000000000800417c                USART6_IRQHandler
                0x000000000800417c                USART3_IRQHandler
                0x000000000800417c                CAN1_RX1_IRQHandler
                0x000000000800417c                UART5_IRQHandler
                0x000000000800417c                DMA2_Stream0_IRQHandler
                0x000000000800417c                TIM4_IRQHandler
                0x000000000800417c                QUADSPI_IRQHandler
                0x000000000800417c                I2C1_EV_IRQHandler
                0x000000000800417c                DMA1_Stream6_IRQHandler
                0x000000000800417c                DMA1_Stream1_IRQHandler
                0x000000000800417c                UART4_IRQHandler
                0x000000000800417c                TIM3_IRQHandler
                0x000000000800417c                RCC_IRQHandler
                0x000000000800417c                TIM8_BRK_TIM12_IRQHandler
                0x000000000800417c                Default_Handler
                0x000000000800417c                CEC_IRQHandler
                0x000000000800417c                EXTI15_10_IRQHandler
                0x000000000800417c                ADC_IRQHandler
                0x000000000800417c                DMA1_Stream7_IRQHandler
                0x000000000800417c                TIM7_IRQHandler
                0x000000000800417c                CAN2_TX_IRQHandler
                0x000000000800417c                TIM5_IRQHandler
                0x000000000800417c                DMA2_Stream7_IRQHandler
                0x000000000800417c                I2C3_EV_IRQHandler
                0x000000000800417c                EXTI9_5_IRQHandler
                0x000000000800417c                RTC_WKUP_IRQHandler
                0x000000000800417c                SPDIF_RX_IRQHandler
                0x000000000800417c                SPI2_IRQHandler
                0x000000000800417c                OTG_HS_EP1_IN_IRQHandler
                0x000000000800417c                DMA1_Stream0_IRQHandler
                0x000000000800417c                CAN1_TX_IRQHandler
                0x000000000800417c                FMPI2C1_ER_IRQHandler
                0x000000000800417c                EXTI4_IRQHandler
                0x000000000800417c                OTG_HS_EP1_OUT_IRQHandler
                0x000000000800417c                WWDG_IRQHandler
                0x000000000800417c                TIM2_IRQHandler
                0x000000000800417c                OTG_FS_WKUP_IRQHandler
                0x000000000800417c                TIM1_TRG_COM_TIM11_IRQHandler
                0x000000000800417c                OTG_HS_IRQHandler
                0x000000000800417c                EXTI1_IRQHandler
                0x000000000800417c                USART2_IRQHandler
                0x000000000800417c                I2C2_ER_IRQHandler
                0x000000000800417c                DMA2_Stream1_IRQHandler
                0x000000000800417c                CAN1_SCE_IRQHandler
                0x000000000800417c                FLASH_IRQHandler
                0x000000000800417c                DMA2_Stream4_IRQHandler
                0x000000000800417c                USART1_IRQHandler
                0x000000000800417c                OTG_FS_IRQHandler
                0x000000000800417c                SPI3_IRQHandler
                0x000000000800417c                DMA1_Stream4_IRQHandler
                0x000000000800417c                I2C1_ER_IRQHandler
                0x000000000800417c                FMC_IRQHandler
                0x000000000800417c                DMA2_Stream6_IRQHandler
                0x000000000800417c                SAI1_IRQHandler
                0x000000000800417c                DMA1_Stream3_IRQHandler
 *fill*         0x000000000800417e        0x2 
 .text.__libc_init_array
                0x0000000008004180       0x48 d:/stm32cubeide_1.4.0/stm32cubeide/plugins/com.st.stm32cube.ide.mcu.externaltools.gnu-tools-for-stm32.7-2018-q2-update.win32_1.4.0.202007081208/tools/bin/../lib/gcc/arm-none-eabi/7.3.1/../../../../arm-none-eabi/lib/thumb/v7e-m/fpv4-sp/hard\libc_nano.a(lib_a-init.o)
                0x0000000008004180                __libc_init_array
 .text.memset   0x00000000080041c8       0x10 d:/stm32cubeide_1.4.0/stm32cubeide/plugins/com.st.stm32cube.ide.mcu.externaltools.gnu-tools-for-stm32.7-2018-q2-update.win32_1.4.0.202007081208/tools/bin/../lib/gcc/arm-none-eabi/7.3.1/../../../../arm-none-eabi/lib/thumb/v7e-m/fpv4-sp/hard\libc_nano.a(lib_a-memset.o)
                0x00000000080041c8                memset
 *(.glue_7)
 .glue_7        0x00000000080041d8        0x0 linker stubs
 *(.glue_7t)
 .glue_7t       0x00000000080041d8        0x0 linker stubs
 *(.eh_frame)
 .eh_frame      0x00000000080041d8        0x0 d:/stm32cubeide_1.4.0/stm32cubeide/plugins/com.st.stm32cube.ide.mcu.externaltools.gnu-tools-for-stm32.7-2018-q2-update.win32_1.4.0.202007081208/tools/bin/../lib/gcc/arm-none-eabi/7.3.1/thumb/v7e-m/fpv4-sp/hard/crtbegin.o
 *(.init)
 .init          0x00000000080041d8        0x4 d:/stm32cubeide_1.4.0/stm32cubeide/plugins/com.st.stm32cube.ide.mcu.externaltools.gnu-tools-for-stm32.7-2018-q2-update.win32_1.4.0.202007081208/tools/bin/../lib/gcc/arm-none-eabi/7.3.1/thumb/v7e-m/fpv4-sp/hard/crti.o
                0x00000000080041d8                _init
 .init          0x00000000080041dc        0x8 d:/stm32cubeide_1.4.0/stm32cubeide/plugins/com.st.stm32cube.ide.mcu.externaltools.gnu-tools-for-stm32.7-2018-q2-update.win32_1.4.0.202007081208/tools/bin/../lib/gcc/arm-none-eabi/7.3.1/thumb/v7e-m/fpv4-sp/hard/crtn.o
 *(.fini)
 .fini          0x00000000080041e4        0x4 d:/stm32cubeide_1.4.0/stm32cubeide/plugins/com.st.stm32cube.ide.mcu.externaltools.gnu-tools-for-stm32.7-2018-q2-update.win32_1.4.0.202007081208/tools/bin/../lib/gcc/arm-none-eabi/7.3.1/thumb/v7e-m/fpv4-sp/hard/crti.o
                0x00000000080041e4                _fini
 .fini          0x00000000080041e8        0x8 d:/stm32cubeide_1.4.0/stm32cubeide/plugins/com.st.stm32cube.ide.mcu.externaltools.gnu-tools-for-stm32.7-2018-q2-update.win32_1.4.0.202007081208/tools/bin/../lib/gcc/arm-none-eabi/7.3.1/thumb/v7e-m/fpv4-sp/hard/crtn.o
                0x00000000080041f0                . = ALIGN (0x4)
                0x00000000080041f0                _etext = .

.vfp11_veneer   0x00000000080041f0        0x0
 .vfp11_veneer  0x00000000080041f0        0x0 linker stubs

.v4_bx          0x00000000080041f0        0x0
 .v4_bx         0x00000000080041f0        0x0 linker stubs

.iplt           0x00000000080041f0        0x0
 .iplt          0x00000000080041f0        0x0 d:/stm32cubeide_1.4.0/stm32cubeide/plugins/com.st.stm32cube.ide.mcu.externaltools.gnu-tools-for-stm32.7-2018-q2-update.win32_1.4.0.202007081208/tools/bin/../lib/gcc/arm-none-eabi/7.3.1/thumb/v7e-m/fpv4-sp/hard/crtbegin.o

.rodata         0x00000000080041f0       0x3c
                0x00000000080041f0                . = ALIGN (0x4)
 *(.rodata)
 .rodata        0x00000000080041f0        0xe Src/NRF24.o
 *fill*         0x00000000080041fe        0x2 
 .rodata        0x0000000008004200       0x12 Src/main.o
 *(.rodata*)
 *fill*         0x0000000008004212        0x2 
 .rodata.AHBPrescTable
                0x0000000008004214       0x10 Src/system_stm32f4xx.o
                0x0000000008004214                AHBPrescTable
 .rodata.APBPrescTable
                0x0000000008004224        0x8 Src/system_stm32f4xx.o
                0x0000000008004224                APBPrescTable
                0x000000000800422c                . = ALIGN (0x4)

.ARM.extab      0x000000000800422c        0x0
                0x000000000800422c                . = ALIGN (0x4)
 *(.ARM.extab* .gnu.linkonce.armextab.*)
                0x000000000800422c                . = ALIGN (0x4)

.ARM            0x000000000800422c        0x8
                0x000000000800422c                . = ALIGN (0x4)
                0x000000000800422c                __exidx_start = .
 *(.ARM.exidx*)
 .ARM.exidx     0x000000000800422c        0x8 d:/stm32cubeide_1.4.0/stm32cubeide/plugins/com.st.stm32cube.ide.mcu.externaltools.gnu-tools-for-stm32.7-2018-q2-update.win32_1.4.0.202007081208/tools/bin/../lib/gcc/arm-none-eabi/7.3.1/thumb/v7e-m/fpv4-sp/hard\libgcc.a(_udivmoddi4.o)
                0x0000000008004234                __exidx_end = .
                0x0000000008004234                . = ALIGN (0x4)

.rel.dyn        0x0000000008004234        0x0
 .rel.iplt      0x0000000008004234        0x0 d:/stm32cubeide_1.4.0/stm32cubeide/plugins/com.st.stm32cube.ide.mcu.externaltools.gnu-tools-for-stm32.7-2018-q2-update.win32_1.4.0.202007081208/tools/bin/../lib/gcc/arm-none-eabi/7.3.1/thumb/v7e-m/fpv4-sp/hard/crtbegin.o

.preinit_array  0x0000000008004234        0x0
                0x0000000008004234                . = ALIGN (0x4)
                0x0000000008004234                PROVIDE (__preinit_array_start = .)
 *(.preinit_array*)
                0x0000000008004234                PROVIDE (__preinit_array_end = .)
                0x0000000008004234                . = ALIGN (0x4)

.init_array     0x0000000008004234        0x4
                0x0000000008004234                . = ALIGN (0x4)
                0x0000000008004234                PROVIDE (__init_array_start = .)
 *(SORT_BY_NAME(.init_array.*))
 *(.init_array*)
 .init_array    0x0000000008004234        0x4 d:/stm32cubeide_1.4.0/stm32cubeide/plugins/com.st.stm32cube.ide.mcu.externaltools.gnu-tools-for-stm32.7-2018-q2-update.win32_1.4.0.202007081208/tools/bin/../lib/gcc/arm-none-eabi/7.3.1/thumb/v7e-m/fpv4-sp/hard/crtbegin.o
                0x0000000008004238                PROVIDE (__init_array_end = .)
                0x0000000008004238                . = ALIGN (0x4)

.fini_array     0x0000000008004238        0x4
                0x0000000008004238                . = ALIGN (0x4)
                [!provide]                        PROVIDE (__fini_array_start = .)
 *(SORT_BY_NAME(.fini_array.*))
 *(.fini_array*)
 .fini_array    0x0000000008004238        0x4 d:/stm32cubeide_1.4.0/stm32cubeide/plugins/com.st.stm32cube.ide.mcu.externaltools.gnu-tools-for-stm32.7-2018-q2-update.win32_1.4.0.202007081208/tools/bin/../lib/gcc/arm-none-eabi/7.3.1/thumb/v7e-m/fpv4-sp/hard/crtbegin.o
                [!provide]                        PROVIDE (__fini_array_end = .)
                0x000000000800423c                . = ALIGN (0x4)
                0x000000000800423c                _sidata = LOADADDR (.data)

.data           0x0000000020000000        0xc load address 0x000000000800423c
                0x0000000020000000                . = ALIGN (0x4)
                0x0000000020000000                _sdata = .
 *(.data)
 *(.data*)
 .data.uwTickPrio
                0x0000000020000000        0x4 Drivers/STM32F4xx_HAL_Driver/Src/stm32f4xx_hal.o
                0x0000000020000000                uwTickPrio
 .data.uwTickFreq
                0x0000000020000004        0x1 Drivers/STM32F4xx_HAL_Driver/Src/stm32f4xx_hal.o
                0x0000000020000004                uwTickFreq
 .data.payload_size
                0x0000000020000005        0x1 Src/NRF24.o
                0x0000000020000005                payload_size
 *fill*         0x0000000020000006        0x2 
 .data.SystemCoreClock
                0x0000000020000008        0x4 Src/system_stm32f4xx.o
                0x0000000020000008                SystemCoreClock
                0x000000002000000c                . = ALIGN (0x4)
                0x000000002000000c                _edata = .

.igot.plt       0x000000002000000c        0x0 load address 0x0000000008004248
 .igot.plt      0x000000002000000c        0x0 d:/stm32cubeide_1.4.0/stm32cubeide/plugins/com.st.stm32cube.ide.mcu.externaltools.gnu-tools-for-stm32.7-2018-q2-update.win32_1.4.0.202007081208/tools/bin/../lib/gcc/arm-none-eabi/7.3.1/thumb/v7e-m/fpv4-sp/hard/crtbegin.o
                0x000000002000000c                . = ALIGN (0x4)

.bss            0x000000002000000c      0x120 load address 0x0000000008004248
                0x000000002000000c                _sbss = .
                0x000000002000000c                __bss_start__ = _sbss
 *(.bss)
 .bss           0x000000002000000c       0x1c d:/stm32cubeide_1.4.0/stm32cubeide/plugins/com.st.stm32cube.ide.mcu.externaltools.gnu-tools-for-stm32.7-2018-q2-update.win32_1.4.0.202007081208/tools/bin/../lib/gcc/arm-none-eabi/7.3.1/thumb/v7e-m/fpv4-sp/hard/crtbegin.o
 *(.bss*)
 .bss.nrf24_hspi
                0x0000000020000028        0x4 Src/NRF24.o
 *(COMMON)
 COMMON         0x000000002000002c        0x4 Drivers/STM32F4xx_HAL_Driver/Src/stm32f4xx_hal.o
                0x000000002000002c                uwTick
 COMMON         0x0000000020000030       0x22 Src/main.o
                0x0000000020000030                my_rx_data
 *fill*         0x0000000020000052        0x2 
 COMMON         0x0000000020000054       0x58 Src/spi.o
                0x0000000020000054                hspi2
 COMMON         0x00000000200000ac       0x40 Src/tim.o
                0x00000000200000ac                htim1
 COMMON         0x00000000200000ec       0x40 Src/usart.o
                0x00000000200000ec                huart2
                0x000000002000012c                . = ALIGN (0x4)
                0x000000002000012c                _ebss = .
                0x000000002000012c                __bss_end__ = _ebss

._user_heap_stack
                0x000000002000012c      0x604 load address 0x0000000008004248
                0x0000000020000130                . = ALIGN (0x8)
 *fill*         0x000000002000012c        0x4 
                0x0000000020000130                PROVIDE (end = .)
                [!provide]                        PROVIDE (_end = .)
                0x0000000020000330                . = (. + _Min_Heap_Size)
 *fill*         0x0000000020000130      0x200 
                0x0000000020000730                . = (. + _Min_Stack_Size)
 *fill*         0x0000000020000330      0x400 
                0x0000000020000730                . = ALIGN (0x8)

/DISCARD/
 libc.a(*)
 libm.a(*)
 libgcc.a(*)

.ARM.attributes
                0x0000000000000000       0x30
 *(.ARM.attributes)
 .ARM.attributes
                0x0000000000000000       0x22 d:/stm32cubeide_1.4.0/stm32cubeide/plugins/com.st.stm32cube.ide.mcu.externaltools.gnu-tools-for-stm32.7-2018-q2-update.win32_1.4.0.202007081208/tools/bin/../lib/gcc/arm-none-eabi/7.3.1/thumb/v7e-m/fpv4-sp/hard/crti.o
 .ARM.attributes
                0x0000000000000022       0x34 d:/stm32cubeide_1.4.0/stm32cubeide/plugins/com.st.stm32cube.ide.mcu.externaltools.gnu-tools-for-stm32.7-2018-q2-update.win32_1.4.0.202007081208/tools/bin/../lib/gcc/arm-none-eabi/7.3.1/thumb/v7e-m/fpv4-sp/hard/crtbegin.o
 .ARM.attributes
                0x0000000000000056       0x39 Drivers/STM32F4xx_HAL_Driver/Src/stm32f4xx_hal.o
 .ARM.attributes
                0x000000000000008f       0x39 Drivers/STM32F4xx_HAL_Driver/Src/stm32f4xx_hal_cortex.o
 .ARM.attributes
                0x00000000000000c8       0x39 Drivers/STM32F4xx_HAL_Driver/Src/stm32f4xx_hal_gpio.o
 .ARM.attributes
                0x0000000000000101       0x39 Drivers/STM32F4xx_HAL_Driver/Src/stm32f4xx_hal_rcc.o
 .ARM.attributes
                0x000000000000013a       0x39 Drivers/STM32F4xx_HAL_Driver/Src/stm32f4xx_hal_rcc_ex.o
 .ARM.attributes
                0x0000000000000173       0x39 Drivers/STM32F4xx_HAL_Driver/Src/stm32f4xx_hal_spi.o
 .ARM.attributes
                0x00000000000001ac       0x39 Drivers/STM32F4xx_HAL_Driver/Src/stm32f4xx_hal_tim.o
 .ARM.attributes
                0x00000000000001e5       0x39 Drivers/STM32F4xx_HAL_Driver/Src/stm32f4xx_hal_tim_ex.o
 .ARM.attributes
                0x000000000000021e       0x39 Drivers/STM32F4xx_HAL_Driver/Src/stm32f4xx_hal_uart.o
 .ARM.attributes
                0x0000000000000257       0x39 Src/NRF24.o
 .ARM.attributes
                0x0000000000000290       0x39 Src/gpio.o
 .ARM.attributes
                0x00000000000002c9       0x39 Src/main.o
 .ARM.attributes
                0x0000000000000302       0x39 Src/spi.o
 .ARM.attributes
                0x000000000000033b       0x39 Src/stm32f4xx_hal_msp.o
 .ARM.attributes
                0x0000000000000374       0x39 Src/stm32f4xx_it.o
 .ARM.attributes
                0x00000000000003ad       0x39 Src/system_stm32f4xx.o
 .ARM.attributes
                0x00000000000003e6       0x39 Src/tim.o
 .ARM.attributes
                0x000000000000041f       0x39 Src/usart.o
 .ARM.attributes
                0x0000000000000458       0x21 Startup/startup_stm32f446retx.o
 .ARM.attributes
                0x0000000000000479       0x34 d:/stm32cubeide_1.4.0/stm32cubeide/plugins/com.st.stm32cube.ide.mcu.externaltools.gnu-tools-for-stm32.7-2018-q2-update.win32_1.4.0.202007081208/tools/bin/../lib/gcc/arm-none-eabi/7.3.1/../../../../arm-none-eabi/lib/thumb/v7e-m/fpv4-sp/hard\libc_nano.a(lib_a-init.o)
 .ARM.attributes
                0x00000000000004ad       0x34 d:/stm32cubeide_1.4.0/stm32cubeide/plugins/com.st.stm32cube.ide.mcu.externaltools.gnu-tools-for-stm32.7-2018-q2-update.win32_1.4.0.202007081208/tools/bin/../lib/gcc/arm-none-eabi/7.3.1/../../../../arm-none-eabi/lib/thumb/v7e-m/fpv4-sp/hard\libc_nano.a(lib_a-memset.o)
 .ARM.attributes
                0x00000000000004e1       0x22 d:/stm32cubeide_1.4.0/stm32cubeide/plugins/com.st.stm32cube.ide.mcu.externaltools.gnu-tools-for-stm32.7-2018-q2-update.win32_1.4.0.202007081208/tools/bin/../lib/gcc/arm-none-eabi/7.3.1/thumb/v7e-m/fpv4-sp/hard\libgcc.a(_aeabi_uldivmod.o)
 .ARM.attributes
                0x0000000000000503       0x34 d:/stm32cubeide_1.4.0/stm32cubeide/plugins/com.st.stm32cube.ide.mcu.externaltools.gnu-tools-for-stm32.7-2018-q2-update.win32_1.4.0.202007081208/tools/bin/../lib/gcc/arm-none-eabi/7.3.1/thumb/v7e-m/fpv4-sp/hard\libgcc.a(_udivmoddi4.o)
 .ARM.attributes
                0x0000000000000537       0x22 d:/stm32cubeide_1.4.0/stm32cubeide/plugins/com.st.stm32cube.ide.mcu.externaltools.gnu-tools-for-stm32.7-2018-q2-update.win32_1.4.0.202007081208/tools/bin/../lib/gcc/arm-none-eabi/7.3.1/thumb/v7e-m/fpv4-sp/hard\libgcc.a(_dvmd_tls.o)
 .ARM.attributes
                0x0000000000000559       0x22 d:/stm32cubeide_1.4.0/stm32cubeide/plugins/com.st.stm32cube.ide.mcu.externaltools.gnu-tools-for-stm32.7-2018-q2-update.win32_1.4.0.202007081208/tools/bin/../lib/gcc/arm-none-eabi/7.3.1/thumb/v7e-m/fpv4-sp/hard/crtn.o
OUTPUT(Boat_RX.elf elf32-littlearm)

.debug_info     0x0000000000000000     0xea6f
 .debug_info    0x0000000000000000      0x997 Drivers/STM32F4xx_HAL_Driver/Src/stm32f4xx_hal.o
 .debug_info    0x0000000000000997      0xe46 Drivers/STM32F4xx_HAL_Driver/Src/stm32f4xx_hal_cortex.o
 .debug_info    0x00000000000017dd      0x803 Drivers/STM32F4xx_HAL_Driver/Src/stm32f4xx_hal_gpio.o
 .debug_info    0x0000000000001fe0      0x944 Drivers/STM32F4xx_HAL_Driver/Src/stm32f4xx_hal_rcc.o
 .debug_info    0x0000000000002924      0x9d5 Drivers/STM32F4xx_HAL_Driver/Src/stm32f4xx_hal_rcc_ex.o
 .debug_info    0x00000000000032f9     0x163a Drivers/STM32F4xx_HAL_Driver/Src/stm32f4xx_hal_spi.o
 .debug_info    0x0000000000004933     0x24a9 Drivers/STM32F4xx_HAL_Driver/Src/stm32f4xx_hal_tim.o
 .debug_info    0x0000000000006ddc     0x1157 Drivers/STM32F4xx_HAL_Driver/Src/stm32f4xx_hal_tim_ex.o
 .debug_info    0x0000000000007f33     0x124c Drivers/STM32F4xx_HAL_Driver/Src/stm32f4xx_hal_uart.o
 .debug_info    0x000000000000917f     0x1253 Src/NRF24.o
 .debug_info    0x000000000000a3d2      0x4fc Src/gpio.o
 .debug_info    0x000000000000a8ce     0x1728 Src/main.o
 .debug_info    0x000000000000bff6      0xa07 Src/spi.o
 .debug_info    0x000000000000c9fd      0x396 Src/stm32f4xx_hal_msp.o
 .debug_info    0x000000000000cd93      0x20a Src/stm32f4xx_it.o
 .debug_info    0x000000000000cf9d      0x588 Src/system_stm32f4xx.o
 .debug_info    0x000000000000d525      0xbaa Src/tim.o
 .debug_info    0x000000000000e0cf      0x97e Src/usart.o
 .debug_info    0x000000000000ea4d       0x22 Startup/startup_stm32f446retx.o

.debug_abbrev   0x0000000000000000     0x214e
 .debug_abbrev  0x0000000000000000      0x1c7 Drivers/STM32F4xx_HAL_Driver/Src/stm32f4xx_hal.o
 .debug_abbrev  0x00000000000001c7      0x2fa Drivers/STM32F4xx_HAL_Driver/Src/stm32f4xx_hal_cortex.o
 .debug_abbrev  0x00000000000004c1      0x1c9 Drivers/STM32F4xx_HAL_Driver/Src/stm32f4xx_hal_gpio.o
 .debug_abbrev  0x000000000000068a      0x245 Drivers/STM32F4xx_HAL_Driver/Src/stm32f4xx_hal_rcc.o
 .debug_abbrev  0x00000000000008cf      0x1bc Drivers/STM32F4xx_HAL_Driver/Src/stm32f4xx_hal_rcc_ex.o
 .debug_abbrev  0x0000000000000a8b      0x240 Drivers/STM32F4xx_HAL_Driver/Src/stm32f4xx_hal_spi.o
 .debug_abbrev  0x0000000000000ccb      0x230 Drivers/STM32F4xx_HAL_Driver/Src/stm32f4xx_hal_tim.o
 .debug_abbrev  0x0000000000000efb      0x21e Drivers/STM32F4xx_HAL_Driver/Src/stm32f4xx_hal_tim_ex.o
 .debug_abbrev  0x0000000000001119      0x242 Drivers/STM32F4xx_HAL_Driver/Src/stm32f4xx_hal_uart.o
 .debug_abbrev  0x000000000000135b      0x2a4 Src/NRF24.o
 .debug_abbrev  0x00000000000015ff      0x134 Src/gpio.o
 .debug_abbrev  0x0000000000001733      0x224 Src/main.o
 .debug_abbrev  0x0000000000001957      0x199 Src/spi.o
 .debug_abbrev  0x0000000000001af0      0x109 Src/stm32f4xx_hal_msp.o
 .debug_abbrev  0x0000000000001bf9       0xc6 Src/stm32f4xx_it.o
 .debug_abbrev  0x0000000000001cbf      0x12b Src/system_stm32f4xx.o
 .debug_abbrev  0x0000000000001dea      0x1b9 Src/tim.o
 .debug_abbrev  0x0000000000001fa3      0x199 Src/usart.o
 .debug_abbrev  0x000000000000213c       0x12 Startup/startup_stm32f446retx.o

.debug_aranges  0x0000000000000000      0xe48
 .debug_aranges
                0x0000000000000000       0xf0 Drivers/STM32F4xx_HAL_Driver/Src/stm32f4xx_hal.o
 .debug_aranges
                0x00000000000000f0      0x118 Drivers/STM32F4xx_HAL_Driver/Src/stm32f4xx_hal_cortex.o
 .debug_aranges
                0x0000000000000208       0x58 Drivers/STM32F4xx_HAL_Driver/Src/stm32f4xx_hal_gpio.o
 .debug_aranges
                0x0000000000000260       0x88 Drivers/STM32F4xx_HAL_Driver/Src/stm32f4xx_hal_rcc.o
 .debug_aranges
                0x00000000000002e8       0x78 Drivers/STM32F4xx_HAL_Driver/Src/stm32f4xx_hal_rcc_ex.o
 .debug_aranges
                0x0000000000000360      0x1d0 Drivers/STM32F4xx_HAL_Driver/Src/stm32f4xx_hal_spi.o
 .debug_aranges
                0x0000000000000530      0x3a8 Drivers/STM32F4xx_HAL_Driver/Src/stm32f4xx_hal_tim.o
 .debug_aranges
                0x00000000000008d8      0x150 Drivers/STM32F4xx_HAL_Driver/Src/stm32f4xx_hal_tim_ex.o
 .debug_aranges
                0x0000000000000a28      0x1d0 Drivers/STM32F4xx_HAL_Driver/Src/stm32f4xx_hal_uart.o
 .debug_aranges
                0x0000000000000bf8       0x98 Src/NRF24.o
 .debug_aranges
                0x0000000000000c90       0x20 Src/gpio.o
 .debug_aranges
                0x0000000000000cb0       0x30 Src/main.o
 .debug_aranges
                0x0000000000000ce0       0x30 Src/spi.o
 .debug_aranges
                0x0000000000000d10       0x20 Src/stm32f4xx_hal_msp.o
 .debug_aranges
                0x0000000000000d30       0x60 Src/stm32f4xx_it.o
 .debug_aranges
                0x0000000000000d90       0x28 Src/system_stm32f4xx.o
 .debug_aranges
                0x0000000000000db8       0x38 Src/tim.o
 .debug_aranges
                0x0000000000000df0       0x30 Src/usart.o
 .debug_aranges
                0x0000000000000e20       0x28 Startup/startup_stm32f446retx.o

.debug_ranges   0x0000000000000000      0xd20
 .debug_ranges  0x0000000000000000       0xe0 Drivers/STM32F4xx_HAL_Driver/Src/stm32f4xx_hal.o
 .debug_ranges  0x00000000000000e0      0x108 Drivers/STM32F4xx_HAL_Driver/Src/stm32f4xx_hal_cortex.o
 .debug_ranges  0x00000000000001e8       0x48 Drivers/STM32F4xx_HAL_Driver/Src/stm32f4xx_hal_gpio.o
 .debug_ranges  0x0000000000000230       0x78 Drivers/STM32F4xx_HAL_Driver/Src/stm32f4xx_hal_rcc.o
 .debug_ranges  0x00000000000002a8       0x68 Drivers/STM32F4xx_HAL_Driver/Src/stm32f4xx_hal_rcc_ex.o
 .debug_ranges  0x0000000000000310      0x1c0 Drivers/STM32F4xx_HAL_Driver/Src/stm32f4xx_hal_spi.o
 .debug_ranges  0x00000000000004d0      0x398 Drivers/STM32F4xx_HAL_Driver/Src/stm32f4xx_hal_tim.o
 .debug_ranges  0x0000000000000868      0x140 Drivers/STM32F4xx_HAL_Driver/Src/stm32f4xx_hal_tim_ex.o
 .debug_ranges  0x00000000000009a8      0x1c0 Drivers/STM32F4xx_HAL_Driver/Src/stm32f4xx_hal_uart.o
 .debug_ranges  0x0000000000000b68       0x88 Src/NRF24.o
 .debug_ranges  0x0000000000000bf0       0x10 Src/gpio.o
 .debug_ranges  0x0000000000000c00       0x20 Src/main.o
 .debug_ranges  0x0000000000000c20       0x20 Src/spi.o
 .debug_ranges  0x0000000000000c40       0x10 Src/stm32f4xx_hal_msp.o
 .debug_ranges  0x0000000000000c50       0x50 Src/stm32f4xx_it.o
 .debug_ranges  0x0000000000000ca0       0x18 Src/system_stm32f4xx.o
 .debug_ranges  0x0000000000000cb8       0x28 Src/tim.o
 .debug_ranges  0x0000000000000ce0       0x20 Src/usart.o
 .debug_ranges  0x0000000000000d00       0x20 Startup/startup_stm32f446retx.o

.debug_macro    0x0000000000000000    0x22b75
 .debug_macro   0x0000000000000000      0x238 Drivers/STM32F4xx_HAL_Driver/Src/stm32f4xx_hal.o
 .debug_macro   0x0000000000000238      0xa5a Drivers/STM32F4xx_HAL_Driver/Src/stm32f4xx_hal.o
 .debug_macro   0x0000000000000c92      0x190 Drivers/STM32F4xx_HAL_Driver/Src/stm32f4xx_hal.o
 .debug_macro   0x0000000000000e22       0x2e Drivers/STM32F4xx_HAL_Driver/Src/stm32f4xx_hal.o
 .debug_macro   0x0000000000000e50       0x28 Drivers/STM32F4xx_HAL_Driver/Src/stm32f4xx_hal.o
 .debug_macro   0x0000000000000e78       0x22 Drivers/STM32F4xx_HAL_Driver/Src/stm32f4xx_hal.o
 .debug_macro   0x0000000000000e9a       0x8e Drivers/STM32F4xx_HAL_Driver/Src/stm32f4xx_hal.o
 .debug_macro   0x0000000000000f28       0x51 Drivers/STM32F4xx_HAL_Driver/Src/stm32f4xx_hal.o
 .debug_macro   0x0000000000000f79       0xef Drivers/STM32F4xx_HAL_Driver/Src/stm32f4xx_hal.o
 .debug_macro   0x0000000000001068       0x6a Drivers/STM32F4xx_HAL_Driver/Src/stm32f4xx_hal.o
 .debug_macro   0x00000000000010d2      0x1df Drivers/STM32F4xx_HAL_Driver/Src/stm32f4xx_hal.o
 .debug_macro   0x00000000000012b1       0x1c Drivers/STM32F4xx_HAL_Driver/Src/stm32f4xx_hal.o
 .debug_macro   0x00000000000012cd       0x22 Drivers/STM32F4xx_HAL_Driver/Src/stm32f4xx_hal.o
 .debug_macro   0x00000000000012ef       0xdf Drivers/STM32F4xx_HAL_Driver/Src/stm32f4xx_hal.o
 .debug_macro   0x00000000000013ce     0x102d Drivers/STM32F4xx_HAL_Driver/Src/stm32f4xx_hal.o
 .debug_macro   0x00000000000023fb      0x11f Drivers/STM32F4xx_HAL_Driver/Src/stm32f4xx_hal.o
 .debug_macro   0x000000000000251a    0x1672d Drivers/STM32F4xx_HAL_Driver/Src/stm32f4xx_hal.o
 .debug_macro   0x0000000000018c47       0x43 Drivers/STM32F4xx_HAL_Driver/Src/stm32f4xx_hal.o
 .debug_macro   0x0000000000018c8a     0x3659 Drivers/STM32F4xx_HAL_Driver/Src/stm32f4xx_hal.o
 .debug_macro   0x000000000001c2e3      0x174 Drivers/STM32F4xx_HAL_Driver/Src/stm32f4xx_hal.o
 .debug_macro   0x000000000001c457       0x5a Drivers/STM32F4xx_HAL_Driver/Src/stm32f4xx_hal.o
 .debug_macro   0x000000000001c4b1      0xc90 Drivers/STM32F4xx_HAL_Driver/Src/stm32f4xx_hal.o
 .debug_macro   0x000000000001d141      0x9fe Drivers/STM32F4xx_HAL_Driver/Src/stm32f4xx_hal.o
 .debug_macro   0x000000000001db3f      0x16d Drivers/STM32F4xx_HAL_Driver/Src/stm32f4xx_hal.o
 .debug_macro   0x000000000001dcac      0x117 Drivers/STM32F4xx_HAL_Driver/Src/stm32f4xx_hal.o
 .debug_macro   0x000000000001ddc3      0x1a0 Drivers/STM32F4xx_HAL_Driver/Src/stm32f4xx_hal.o
 .debug_macro   0x000000000001df63       0x27 Drivers/STM32F4xx_HAL_Driver/Src/stm32f4xx_hal.o
 .debug_macro   0x000000000001df8a      0x287 Drivers/STM32F4xx_HAL_Driver/Src/stm32f4xx_hal.o
 .debug_macro   0x000000000001e211       0x5f Drivers/STM32F4xx_HAL_Driver/Src/stm32f4xx_hal.o
 .debug_macro   0x000000000001e270      0x236 Drivers/STM32F4xx_HAL_Driver/Src/stm32f4xx_hal.o
 .debug_macro   0x000000000001e4a6      0x132 Drivers/STM32F4xx_HAL_Driver/Src/stm32f4xx_hal.o
 .debug_macro   0x000000000001e5d8      0x29c Drivers/STM32F4xx_HAL_Driver/Src/stm32f4xx_hal.o
 .debug_macro   0x000000000001e874       0x2e Drivers/STM32F4xx_HAL_Driver/Src/stm32f4xx_hal.o
 .debug_macro   0x000000000001e8a2      0x11a Drivers/STM32F4xx_HAL_Driver/Src/stm32f4xx_hal.o
 .debug_macro   0x000000000001e9bc       0xe8 Drivers/STM32F4xx_HAL_Driver/Src/stm32f4xx_hal.o
 .debug_macro   0x000000000001eaa4       0x89 Drivers/STM32F4xx_HAL_Driver/Src/stm32f4xx_hal.o
 .debug_macro   0x000000000001eb2d      0x225 Drivers/STM32F4xx_HAL_Driver/Src/stm32f4xx_hal.o
 .debug_macro   0x000000000001ed52      0x8a0 Drivers/STM32F4xx_HAL_Driver/Src/stm32f4xx_hal.o
 .debug_macro   0x000000000001f5f2       0x4d Drivers/STM32F4xx_HAL_Driver/Src/stm32f4xx_hal.o
 .debug_macro   0x000000000001f63f      0x287 Drivers/STM32F4xx_HAL_Driver/Src/stm32f4xx_hal.o
 .debug_macro   0x000000000001f8c6      0x126 Drivers/STM32F4xx_HAL_Driver/Src/stm32f4xx_hal.o
 .debug_macro   0x000000000001f9ec      0x1d8 Drivers/STM32F4xx_HAL_Driver/Src/stm32f4xx_hal_cortex.o
 .debug_macro   0x000000000001fbc4      0x20e Drivers/STM32F4xx_HAL_Driver/Src/stm32f4xx_hal_gpio.o
 .debug_macro   0x000000000001fdd2      0x1fc Drivers/STM32F4xx_HAL_Driver/Src/stm32f4xx_hal_rcc.o
 .debug_macro   0x000000000001ffce      0x1d8 Drivers/STM32F4xx_HAL_Driver/Src/stm32f4xx_hal_rcc_ex.o
 .debug_macro   0x00000000000201a6      0x1e7 Drivers/STM32F4xx_HAL_Driver/Src/stm32f4xx_hal_spi.o
 .debug_macro   0x000000000002038d      0x1d9 Drivers/STM32F4xx_HAL_Driver/Src/stm32f4xx_hal_tim.o
 .debug_macro   0x0000000000020566      0x1d8 Drivers/STM32F4xx_HAL_Driver/Src/stm32f4xx_hal_tim_ex.o
 .debug_macro   0x000000000002073e      0x1d9 Drivers/STM32F4xx_HAL_Driver/Src/stm32f4xx_hal_uart.o
 .debug_macro   0x0000000000020917      0x373 Src/NRF24.o
 .debug_macro   0x0000000000020c8a       0x46 Src/NRF24.o
 .debug_macro   0x0000000000020cd0       0x18 Src/NRF24.o
 .debug_macro   0x0000000000020ce8       0x3c Src/NRF24.o
 .debug_macro   0x0000000000020d24       0x34 Src/NRF24.o
 .debug_macro   0x0000000000020d58       0x16 Src/NRF24.o
 .debug_macro   0x0000000000020d6e       0x35 Src/NRF24.o
 .debug_macro   0x0000000000020da3      0x32a Src/NRF24.o
 .debug_macro   0x00000000000210cd       0x10 Src/NRF24.o
 .debug_macro   0x00000000000210dd       0x52 Src/NRF24.o
 .debug_macro   0x000000000002112f       0x1f Src/NRF24.o
 .debug_macro   0x000000000002114e       0x43 Src/NRF24.o
 .debug_macro   0x0000000000021191       0x20 Src/NRF24.o
 .debug_macro   0x00000000000211b1      0x1a3 Src/NRF24.o
 .debug_macro   0x0000000000021354       0x10 Src/NRF24.o
 .debug_macro   0x0000000000021364       0x1c Src/NRF24.o
 .debug_macro   0x0000000000021380       0x52 Src/NRF24.o
 .debug_macro   0x00000000000213d2       0x40 Src/NRF24.o
 .debug_macro   0x0000000000021412       0x10 Src/NRF24.o
 .debug_macro   0x0000000000021422       0x40 Src/NRF24.o
 .debug_macro   0x0000000000021462       0xd7 Src/NRF24.o
 .debug_macro   0x0000000000021539       0x1c Src/NRF24.o
 .debug_macro   0x0000000000021555       0x3d Src/NRF24.o
 .debug_macro   0x0000000000021592       0x16 Src/NRF24.o
 .debug_macro   0x00000000000215a8      0x145 Src/NRF24.o
 .debug_macro   0x00000000000216ed       0x16 Src/NRF24.o
 .debug_macro   0x0000000000021703       0x20 Src/NRF24.o
 .debug_macro   0x0000000000021723      0x2b4 Src/NRF24.o
 .debug_macro   0x00000000000219d7      0x1f1 Src/gpio.o
 .debug_macro   0x0000000000021bc8       0x70 Src/gpio.o
 .debug_macro   0x0000000000021c38      0x3b4 Src/main.o
 .debug_macro   0x0000000000021fec      0x1f1 Src/spi.o
 .debug_macro   0x00000000000221dd      0x1e7 Src/stm32f4xx_hal_msp.o
 .debug_macro   0x00000000000223c4      0x1f1 Src/stm32f4xx_it.o
 .debug_macro   0x00000000000225b5      0x1de Src/system_stm32f4xx.o
 .debug_macro   0x0000000000022793      0x1f1 Src/tim.o
 .debug_macro   0x0000000000022984      0x1f1 Src/usart.o

.debug_line     0x0000000000000000     0xba98
 .debug_line    0x0000000000000000      0x8cc Drivers/STM32F4xx_HAL_Driver/Src/stm32f4xx_hal.o
 .debug_line    0x00000000000008cc      0x9f0 Drivers/STM32F4xx_HAL_Driver/Src/stm32f4xx_hal_cortex.o
 .debug_line    0x00000000000012bc      0x897 Drivers/STM32F4xx_HAL_Driver/Src/stm32f4xx_hal_gpio.o
 .debug_line    0x0000000000001b53      0x924 Drivers/STM32F4xx_HAL_Driver/Src/stm32f4xx_hal_rcc.o
 .debug_line    0x0000000000002477      0xab5 Drivers/STM32F4xx_HAL_Driver/Src/stm32f4xx_hal_rcc_ex.o
 .debug_line    0x0000000000002f2c     0x1088 Drivers/STM32F4xx_HAL_Driver/Src/stm32f4xx_hal_spi.o
 .debug_line    0x0000000000003fb4     0x1945 Drivers/STM32F4xx_HAL_Driver/Src/stm32f4xx_hal_tim.o
 .debug_line    0x00000000000058f9      0xce2 Drivers/STM32F4xx_HAL_Driver/Src/stm32f4xx_hal_tim_ex.o
 .debug_line    0x00000000000065db      0xfda Drivers/STM32F4xx_HAL_Driver/Src/stm32f4xx_hal_uart.o
 .debug_line    0x00000000000075b5      0xa33 Src/NRF24.o
 .debug_line    0x0000000000007fe8      0x6d1 Src/gpio.o
 .debug_line    0x00000000000086b9      0x93a Src/main.o
 .debug_line    0x0000000000008ff3      0x704 Src/spi.o
 .debug_line    0x00000000000096f7      0x6c3 Src/stm32f4xx_hal_msp.o
 .debug_line    0x0000000000009dba      0x766 Src/stm32f4xx_it.o
 .debug_line    0x000000000000a520      0x6dd Src/system_stm32f4xx.o
 .debug_line    0x000000000000abfd      0x725 Src/tim.o
 .debug_line    0x000000000000b322      0x6f6 Src/usart.o
 .debug_line    0x000000000000ba18       0x80 Startup/startup_stm32f446retx.o

.debug_str      0x0000000000000000    0xd15ae
 .debug_str     0x0000000000000000    0xc9559 Drivers/STM32F4xx_HAL_Driver/Src/stm32f4xx_hal.o
                                      0xc9904 (size before relaxing)
 .debug_str     0x00000000000c9559      0x3ed Drivers/STM32F4xx_HAL_Driver/Src/stm32f4xx_hal_cortex.o
                                      0xc96ce (size before relaxing)
 .debug_str     0x00000000000c9946      0x292 Drivers/STM32F4xx_HAL_Driver/Src/stm32f4xx_hal_gpio.o
                                      0xc9035 (size before relaxing)
 .debug_str     0x00000000000c9bd8      0x394 Drivers/STM32F4xx_HAL_Driver/Src/stm32f4xx_hal_rcc.o
                                      0xc91e8 (size before relaxing)
 .debug_str     0x00000000000c9f6c      0x324 Drivers/STM32F4xx_HAL_Driver/Src/stm32f4xx_hal_rcc_ex.o
                                      0xc923a (size before relaxing)
 .debug_str     0x00000000000ca290      0x951 Drivers/STM32F4xx_HAL_Driver/Src/stm32f4xx_hal_spi.o
                                      0xc963f (size before relaxing)
 .debug_str     0x00000000000cabe1      0xf17 Drivers/STM32F4xx_HAL_Driver/Src/stm32f4xx_hal_tim.o
                                      0xc9edd (size before relaxing)
 .debug_str     0x00000000000cbaf8      0x4ec Drivers/STM32F4xx_HAL_Driver/Src/stm32f4xx_hal_tim_ex.o
                                      0xc96dd (size before relaxing)
 .debug_str     0x00000000000cbfe4      0x67c Drivers/STM32F4xx_HAL_Driver/Src/stm32f4xx_hal_uart.o
                                      0xc961d (size before relaxing)
 .debug_str     0x00000000000cc660     0x4aa0 Src/NRF24.o
                                      0xcdbdc (size before relaxing)
 .debug_str     0x00000000000d1100      0x1b9 Src/gpio.o
                                      0xc8f8f (size before relaxing)
 .debug_str     0x00000000000d12b9       0xae Src/main.o
                                      0xce1ce (size before relaxing)
 .debug_str     0x00000000000d1367       0x24 Src/spi.o
                                      0xc93ec (size before relaxing)
 .debug_str     0x00000000000d138b       0x1b Src/stm32f4xx_hal_msp.o
                                      0xc8ef4 (size before relaxing)
 .debug_str     0x00000000000d13a6       0xb8 Src/stm32f4xx_it.o
                                      0xc8e5d (size before relaxing)
 .debug_str     0x00000000000d145e       0x5a Src/system_stm32f4xx.o
                                      0xc8df1 (size before relaxing)
 .debug_str     0x00000000000d14b8       0x51 Src/tim.o
                                      0xc95bb (size before relaxing)
 .debug_str     0x00000000000d1509       0x2e Src/usart.o
                                      0xc93cf (size before relaxing)
 .debug_str     0x00000000000d1537       0x77 Startup/startup_stm32f446retx.o

.comment        0x0000000000000000       0x7b
 .comment       0x0000000000000000       0x7b Drivers/STM32F4xx_HAL_Driver/Src/stm32f4xx_hal.o
                                         0x7c (size before relaxing)
 .comment       0x000000000000007b       0x7c Drivers/STM32F4xx_HAL_Driver/Src/stm32f4xx_hal_cortex.o
 .comment       0x000000000000007b       0x7c Drivers/STM32F4xx_HAL_Driver/Src/stm32f4xx_hal_gpio.o
 .comment       0x000000000000007b       0x7c Drivers/STM32F4xx_HAL_Driver/Src/stm32f4xx_hal_rcc.o
 .comment       0x000000000000007b       0x7c Drivers/STM32F4xx_HAL_Driver/Src/stm32f4xx_hal_rcc_ex.o
 .comment       0x000000000000007b       0x7c Drivers/STM32F4xx_HAL_Driver/Src/stm32f4xx_hal_spi.o
 .comment       0x000000000000007b       0x7c Drivers/STM32F4xx_HAL_Driver/Src/stm32f4xx_hal_tim.o
 .comment       0x000000000000007b       0x7c Drivers/STM32F4xx_HAL_Driver/Src/stm32f4xx_hal_tim_ex.o
 .comment       0x000000000000007b       0x7c Drivers/STM32F4xx_HAL_Driver/Src/stm32f4xx_hal_uart.o
 .comment       0x000000000000007b       0x7c Src/NRF24.o
 .comment       0x000000000000007b       0x7c Src/gpio.o
 .comment       0x000000000000007b       0x7c Src/main.o
 .comment       0x000000000000007b       0x7c Src/spi.o
 .comment       0x000000000000007b       0x7c Src/stm32f4xx_hal_msp.o
 .comment       0x000000000000007b       0x7c Src/stm32f4xx_it.o
 .comment       0x000000000000007b       0x7c Src/system_stm32f4xx.o
 .comment       0x000000000000007b       0x7c Src/tim.o
 .comment       0x000000000000007b       0x7c Src/usart.o

.debug_frame    0x0000000000000000     0x3af0
 .debug_frame   0x0000000000000000      0x374 Drivers/STM32F4xx_HAL_Driver/Src/stm32f4xx_hal.o
 .debug_frame   0x0000000000000374      0x498 Drivers/STM32F4xx_HAL_Driver/Src/stm32f4xx_hal_cortex.o
 .debug_frame   0x000000000000080c      0x14c Drivers/STM32F4xx_HAL_Driver/Src/stm32f4xx_hal_gpio.o
 .debug_frame   0x0000000000000958      0x1f0 Drivers/STM32F4xx_HAL_Driver/Src/stm32f4xx_hal_rcc.o
 .debug_frame   0x0000000000000b48      0x1e0 Drivers/STM32F4xx_HAL_Driver/Src/stm32f4xx_hal_rcc_ex.o
 .debug_frame   0x0000000000000d28      0x824 Drivers/STM32F4xx_HAL_Driver/Src/stm32f4xx_hal_spi.o
 .debug_frame   0x000000000000154c     0x10f0 Drivers/STM32F4xx_HAL_Driver/Src/stm32f4xx_hal_tim.o
 .debug_frame   0x000000000000263c      0x5c0 Drivers/STM32F4xx_HAL_Driver/Src/stm32f4xx_hal_tim_ex.o
 .debug_frame   0x0000000000002bfc      0x844 Drivers/STM32F4xx_HAL_Driver/Src/stm32f4xx_hal_uart.o
 .debug_frame   0x0000000000003440      0x230 Src/NRF24.o
 .debug_frame   0x0000000000003670       0x34 Src/gpio.o
 .debug_frame   0x00000000000036a4       0x78 Src/main.o
 .debug_frame   0x000000000000371c       0x74 Src/spi.o
 .debug_frame   0x0000000000003790       0x34 Src/stm32f4xx_hal_msp.o
 .debug_frame   0x00000000000037c4      0x10c Src/stm32f4xx_it.o
 .debug_frame   0x00000000000038d0       0x58 Src/system_stm32f4xx.o
 .debug_frame   0x0000000000003928       0xa8 Src/tim.o
 .debug_frame   0x00000000000039d0       0x74 Src/usart.o
 .debug_frame   0x0000000000003a44       0x2c d:/stm32cubeide_1.4.0/stm32cubeide/plugins/com.st.stm32cube.ide.mcu.externaltools.gnu-tools-for-stm32.7-2018-q2-update.win32_1.4.0.202007081208/tools/bin/../lib/gcc/arm-none-eabi/7.3.1/../../../../arm-none-eabi/lib/thumb/v7e-m/fpv4-sp/hard\libc_nano.a(lib_a-init.o)
 .debug_frame   0x0000000000003a70       0x20 d:/stm32cubeide_1.4.0/stm32cubeide/plugins/com.st.stm32cube.ide.mcu.externaltools.gnu-tools-for-stm32.7-2018-q2-update.win32_1.4.0.202007081208/tools/bin/../lib/gcc/arm-none-eabi/7.3.1/../../../../arm-none-eabi/lib/thumb/v7e-m/fpv4-sp/hard\libc_nano.a(lib_a-memset.o)
 .debug_frame   0x0000000000003a90       0x2c d:/stm32cubeide_1.4.0/stm32cubeide/plugins/com.st.stm32cube.ide.mcu.externaltools.gnu-tools-for-stm32.7-2018-q2-update.win32_1.4.0.202007081208/tools/bin/../lib/gcc/arm-none-eabi/7.3.1/thumb/v7e-m/fpv4-sp/hard\libgcc.a(_aeabi_uldivmod.o)
 .debug_frame   0x0000000000003abc       0x34 d:/stm32cubeide_1.4.0/stm32cubeide/plugins/com.st.stm32cube.ide.mcu.externaltools.gnu-tools-for-stm32.7-2018-q2-update.win32_1.4.0.202007081208/tools/bin/../lib/gcc/arm-none-eabi/7.3.1/thumb/v7e-m/fpv4-sp/hard\libgcc.a(_udivmoddi4.o)
