Archive member included to satisfy reference by file (symbol)

d:/stm32cubeide_1.4.0/stm32cubeide/plugins/com.st.stm32cube.ide.mcu.externaltools.gnu-tools-for-stm32.7-2018-q2-update.win32_1.4.0.202007081208/tools/bin/../lib/gcc/arm-none-eabi/7.3.1/../../../../arm-none-eabi/lib/thumb/v7e-m/fpv4-sp/hard\libc_nano.a(lib_a-errno.o)
                              Src/syscalls.o (__errno)
d:/stm32cubeide_1.4.0/stm32cubeide/plugins/com.st.stm32cube.ide.mcu.externaltools.gnu-tools-for-stm32.7-2018-q2-update.win32_1.4.0.202007081208/tools/bin/../lib/gcc/arm-none-eabi/7.3.1/../../../../arm-none-eabi/lib/thumb/v7e-m/fpv4-sp/hard\libc_nano.a(lib_a-exit.o)
                              d:/stm32cubeide_1.4.0/stm32cubeide/plugins/com.st.stm32cube.ide.mcu.externaltools.gnu-tools-for-stm32.7-2018-q2-update.win32_1.4.0.202007081208/tools/bin/../lib/gcc/arm-none-eabi/7.3.1/../../../../arm-none-eabi/lib/thumb/v7e-m/fpv4-sp/hard/crt0.o (exit)
d:/stm32cubeide_1.4.0/stm32cubeide/plugins/com.st.stm32cube.ide.mcu.externaltools.gnu-tools-for-stm32.7-2018-q2-update.win32_1.4.0.202007081208/tools/bin/../lib/gcc/arm-none-eabi/7.3.1/../../../../arm-none-eabi/lib/thumb/v7e-m/fpv4-sp/hard\libc_nano.a(lib_a-impure.o)
                              d:/stm32cubeide_1.4.0/stm32cubeide/plugins/com.st.stm32cube.ide.mcu.externaltools.gnu-tools-for-stm32.7-2018-q2-update.win32_1.4.0.202007081208/tools/bin/../lib/gcc/arm-none-eabi/7.3.1/../../../../arm-none-eabi/lib/thumb/v7e-m/fpv4-sp/hard\libc_nano.a(lib_a-exit.o) (_global_impure_ptr)
d:/stm32cubeide_1.4.0/stm32cubeide/plugins/com.st.stm32cube.ide.mcu.externaltools.gnu-tools-for-stm32.7-2018-q2-update.win32_1.4.0.202007081208/tools/bin/../lib/gcc/arm-none-eabi/7.3.1/../../../../arm-none-eabi/lib/thumb/v7e-m/fpv4-sp/hard\libc_nano.a(lib_a-init.o)
                              d:/stm32cubeide_1.4.0/stm32cubeide/plugins/com.st.stm32cube.ide.mcu.externaltools.gnu-tools-for-stm32.7-2018-q2-update.win32_1.4.0.202007081208/tools/bin/../lib/gcc/arm-none-eabi/7.3.1/../../../../arm-none-eabi/lib/thumb/v7e-m/fpv4-sp/hard/crt0.o (__libc_init_array)
d:/stm32cubeide_1.4.0/stm32cubeide/plugins/com.st.stm32cube.ide.mcu.externaltools.gnu-tools-for-stm32.7-2018-q2-update.win32_1.4.0.202007081208/tools/bin/../lib/gcc/arm-none-eabi/7.3.1/../../../../arm-none-eabi/lib/thumb/v7e-m/fpv4-sp/hard\libc_nano.a(lib_a-memcpy-stub.o)
                              Src/KK_NRF24.o (memcpy)
d:/stm32cubeide_1.4.0/stm32cubeide/plugins/com.st.stm32cube.ide.mcu.externaltools.gnu-tools-for-stm32.7-2018-q2-update.win32_1.4.0.202007081208/tools/bin/../lib/gcc/arm-none-eabi/7.3.1/../../../../arm-none-eabi/lib/thumb/v7e-m/fpv4-sp/hard\libc_nano.a(lib_a-memset.o)
                              d:/stm32cubeide_1.4.0/stm32cubeide/plugins/com.st.stm32cube.ide.mcu.externaltools.gnu-tools-for-stm32.7-2018-q2-update.win32_1.4.0.202007081208/tools/bin/../lib/gcc/arm-none-eabi/7.3.1/../../../../arm-none-eabi/lib/thumb/v7e-m/fpv4-sp/hard/crt0.o (memset)
d:/stm32cubeide_1.4.0/stm32cubeide/plugins/com.st.stm32cube.ide.mcu.externaltools.gnu-tools-for-stm32.7-2018-q2-update.win32_1.4.0.202007081208/tools/bin/../lib/gcc/arm-none-eabi/7.3.1/../../../../arm-none-eabi/lib/thumb/v7e-m/fpv4-sp/hard\libc_nano.a(lib_a-sprintf.o)
                              Src/KK_NRF24.o (sprintf)
d:/stm32cubeide_1.4.0/stm32cubeide/plugins/com.st.stm32cube.ide.mcu.externaltools.gnu-tools-for-stm32.7-2018-q2-update.win32_1.4.0.202007081208/tools/bin/../lib/gcc/arm-none-eabi/7.3.1/../../../../arm-none-eabi/lib/thumb/v7e-m/fpv4-sp/hard\libc_nano.a(lib_a-strlen.o)
                              Src/KK_NRF24.o (strlen)
d:/stm32cubeide_1.4.0/stm32cubeide/plugins/com.st.stm32cube.ide.mcu.externaltools.gnu-tools-for-stm32.7-2018-q2-update.win32_1.4.0.202007081208/tools/bin/../lib/gcc/arm-none-eabi/7.3.1/../../../../arm-none-eabi/lib/thumb/v7e-m/fpv4-sp/hard\libc_nano.a(lib_a-nano-svfprintf.o)
                              d:/stm32cubeide_1.4.0/stm32cubeide/plugins/com.st.stm32cube.ide.mcu.externaltools.gnu-tools-for-stm32.7-2018-q2-update.win32_1.4.0.202007081208/tools/bin/../lib/gcc/arm-none-eabi/7.3.1/../../../../arm-none-eabi/lib/thumb/v7e-m/fpv4-sp/hard\libc_nano.a(lib_a-sprintf.o) (_svfprintf_r)
d:/stm32cubeide_1.4.0/stm32cubeide/plugins/com.st.stm32cube.ide.mcu.externaltools.gnu-tools-for-stm32.7-2018-q2-update.win32_1.4.0.202007081208/tools/bin/../lib/gcc/arm-none-eabi/7.3.1/../../../../arm-none-eabi/lib/thumb/v7e-m/fpv4-sp/hard\libc_nano.a(lib_a-nano-vfprintf_i.o)
                              d:/stm32cubeide_1.4.0/stm32cubeide/plugins/com.st.stm32cube.ide.mcu.externaltools.gnu-tools-for-stm32.7-2018-q2-update.win32_1.4.0.202007081208/tools/bin/../lib/gcc/arm-none-eabi/7.3.1/../../../../arm-none-eabi/lib/thumb/v7e-m/fpv4-sp/hard\libc_nano.a(lib_a-nano-svfprintf.o) (_printf_i)
[...]
Memory Configuration

Name             Origin             Length             Attributes
RAM              0x0000000020000000 0x0000000000020000 xrw
FLASH            0x0000000008000000 0x0000000000080000 xr
*default*        0x0000000000000000 0xffffffffffffffff

Linker script and memory map

LOAD d:/stm32cubeide_1.4.0/stm32cubeide/plugins/com.st.stm32cube.ide.mcu.externaltools.gnu-tools-for-stm32.7-2018-q2-update.win32_1.4.0.202007081208/tools/bin/../lib/gcc/arm-none-eabi/7.3.1/thumb/v7e-m/fpv4-sp/hard/crti.o
LOAD d:/stm32cubeide_1.4.0/stm32cubeide/plugins/com.st.stm32cube.ide.mcu.externaltools.gnu-tools-for-stm32.7-2018-q2-update.win32_1.4.0.202007081208/tools/bin/../lib/gcc/arm-none-eabi/7.3.1/thumb/v7e-m/fpv4-sp/hard/crtbegin.o
LOAD d:/stm32cubeide_1.4.0/stm32cubeide/plugins/com.st.stm32cube.ide.mcu.externaltools.gnu-tools-for-stm32.7-2018-q2-update.win32_1.4.0.202007081208/tools/bin/../lib/gcc/arm-none-eabi/7.3.1/../../../../arm-none-eabi/lib/thumb/v7e-m/fpv4-sp/hard/crt0.o
LOAD Drivers/STM32F4xx_HAL_Driver/Src/stm32f4xx_hal.o
LOAD Drivers/STM32F4xx_HAL_Driver/Src/stm32f4xx_hal_adc.o
LOAD Drivers/STM32F4xx_HAL_Driver/Src/stm32f4xx_hal_adc_ex.o
LOAD Drivers/STM32F4xx_HAL_Driver/Src/stm32f4xx_hal_cortex.o
LOAD Drivers/STM32F4xx_HAL_Driver/Src/stm32f4xx_hal_dma.o
LOAD Drivers/STM32F4xx_HAL_Driver/Src/stm32f4xx_hal_dma_ex.o
LOAD Drivers/STM32F4xx_HAL_Driver/Src/stm32f4xx_hal_exti.o
LOAD Drivers/STM32F4xx_HAL_Driver/Src/stm32f4xx_hal_flash.o
LOAD Drivers/STM32F4xx_HAL_Driver/Src/stm32f4xx_hal_flash_ex.o
LOAD Drivers/STM32F4xx_HAL_Driver/Src/stm32f4xx_hal_flash_ramfunc.o
LOAD Drivers/STM32F4xx_HAL_Driver/Src/stm32f4xx_hal_gpio.o
LOAD Drivers/STM32F4xx_HAL_Driver/Src/stm32f4xx_hal_pwr.o
LOAD Drivers/STM32F4xx_HAL_Driver/Src/stm32f4xx_hal_pwr_ex.o
LOAD Drivers/STM32F4xx_HAL_Driver/Src/stm32f4xx_hal_rcc.o
LOAD Drivers/STM32F4xx_HAL_Driver/Src/stm32f4xx_hal_rcc_ex.o
LOAD Drivers/STM32F4xx_HAL_Driver/Src/stm32f4xx_hal_spi.o
LOAD Drivers/STM32F4xx_HAL_Driver/Src/stm32f4xx_hal_tim.o
LOAD Drivers/STM32F4xx_HAL_Driver/Src/stm32f4xx_hal_tim_ex.o
LOAD Drivers/STM32F4xx_HAL_Driver/Src/stm32f4xx_hal_uart.o
LOAD Src/KK_NRF24.o
LOAD Src/adc.o
LOAD Src/dma.o
LOAD Src/gpio.o
LOAD Src/main.o
LOAD Src/spi.o
LOAD Src/stm32f4xx_hal_msp.o
LOAD Src/stm32f4xx_it.o
LOAD Src/syscalls.o
LOAD Src/sysmem.o
LOAD Src/system_stm32f4xx.o
LOAD Src/usart.o
LOAD Startup/startup_stm32f446retx.o
START GROUP
LOAD d:/stm32cubeide_1.4.0/stm32cubeide/plugins/com.st.stm32cube.ide.mcu.externaltools.gnu-tools-for-stm32.7-2018-q2-update.win32_1.4.0.202007081208/tools/bin/../lib/gcc/arm-none-eabi/7.3.1/../../../../arm-none-eabi/lib/thumb/v7e-m/fpv4-sp/hard\libc_nano.a
LOAD d:/stm32cubeide_1.4.0/stm32cubeide/plugins/com.st.stm32cube.ide.mcu.externaltools.gnu-tools-for-stm32.7-2018-q2-update.win32_1.4.0.202007081208/tools/bin/../lib/gcc/arm-none-eabi/7.3.1/../../../../arm-none-eabi/lib/thumb/v7e-m/fpv4-sp/hard\libm.a
END GROUP
START GROUP
LOAD d:/stm32cubeide_1.4.0/stm32cubeide/plugins/com.st.stm32cube.ide.mcu.externaltools.gnu-tools-for-stm32.7-2018-q2-update.win32_1.4.0.202007081208/tools/bin/../lib/gcc/arm-none-eabi/7.3.1/thumb/v7e-m/fpv4-sp/hard\libgcc.a
LOAD d:/stm32cubeide_1.4.0/stm32cubeide/plugins/com.st.stm32cube.ide.mcu.externaltools.gnu-tools-for-stm32.7-2018-q2-update.win32_1.4.0.202007081208/tools/bin/../lib/gcc/arm-none-eabi/7.3.1/../../../../arm-none-eabi/lib/thumb/v7e-m/fpv4-sp/hard\libc_nano.a
END GROUP
START GROUP
LOAD d:/stm32cubeide_1.4.0/stm32cubeide/plugins/com.st.stm32cube.ide.mcu.externaltools.gnu-tools-for-stm32.7-2018-q2-update.win32_1.4.0.202007081208/tools/bin/../lib/gcc/arm-none-eabi/7.3.1/thumb/v7e-m/fpv4-sp/hard\libgcc.a
LOAD d:/stm32cubeide_1.4.0/stm32cubeide/plugins/com.st.stm32cube.ide.mcu.externaltools.gnu-tools-for-stm32.7-2018-q2-update.win32_1.4.0.202007081208/tools/bin/../lib/gcc/arm-none-eabi/7.3.1/../../../../arm-none-eabi/lib/thumb/v7e-m/fpv4-sp/hard\libc_nano.a
LOAD d:/stm32cubeide_1.4.0/stm32cubeide/plugins/com.st.stm32cube.ide.mcu.externaltools.gnu-tools-for-stm32.7-2018-q2-update.win32_1.4.0.202007081208/tools/bin/../lib/gcc/arm-none-eabi/7.3.1/../../../../arm-none-eabi/lib/thumb/v7e-m/fpv4-sp/hard\libnosys.a
END GROUP
START GROUP
LOAD d:/stm32cubeide_1.4.0/stm32cubeide/plugins/com.st.stm32cube.ide.mcu.externaltools.gnu-tools-for-stm32.7-2018-q2-update.win32_1.4.0.202007081208/tools/bin/../lib/gcc/arm-none-eabi/7.3.1/thumb/v7e-m/fpv4-sp/hard\libgcc.a
LOAD d:/stm32cubeide_1.4.0/stm32cubeide/plugins/com.st.stm32cube.ide.mcu.externaltools.gnu-tools-for-stm32.7-2018-q2-update.win32_1.4.0.202007081208/tools/bin/../lib/gcc/arm-none-eabi/7.3.1/../../../../arm-none-eabi/lib/thumb/v7e-m/fpv4-sp/hard\libc_nano.a
LOAD d:/stm32cubeide_1.4.0/stm32cubeide/plugins/com.st.stm32cube.ide.mcu.externaltools.gnu-tools-for-stm32.7-2018-q2-update.win32_1.4.0.202007081208/tools/bin/../lib/gcc/arm-none-eabi/7.3.1/../../../../arm-none-eabi/lib/thumb/v7e-m/fpv4-sp/hard\libnosys.a
END GROUP
LOAD d:/stm32cubeide_1.4.0/stm32cubeide/plugins/com.st.stm32cube.ide.mcu.externaltools.gnu-tools-for-stm32.7-2018-q2-update.win32_1.4.0.202007081208/tools/bin/../lib/gcc/arm-none-eabi/7.3.1/thumb/v7e-m/fpv4-sp/hard/crtend.o
LOAD d:/stm32cubeide_1.4.0/stm32cubeide/plugins/com.st.stm32cube.ide.mcu.externaltools.gnu-tools-for-stm32.7-2018-q2-update.win32_1.4.0.202007081208/tools/bin/../lib/gcc/arm-none-eabi/7.3.1/thumb/v7e-m/fpv4-sp/hard/crtn.o
                0x0000000020020000                _estack = (ORIGIN (RAM) + LENGTH (RAM))
                0x0000000000000200                _Min_Heap_Size = 0x200
                0x0000000000000400                _Min_Stack_Size = 0x400

.isr_vector     0x0000000008000000      0x1c4
                0x0000000008000000                . = ALIGN (0x4)
 *(.isr_vector)
 .isr_vector    0x0000000008000000      0x1c4 Startup/startup_stm32f446retx.o
                0x0000000008000000                g_pfnVectors
                0x00000000080001c4                . = ALIGN (0x4)

.text           0x00000000080001d0     0x5988
                0x00000000080001d0                . = ALIGN (0x4)
 *(.text)
 .text          0x00000000080001d0       0x40 d:/stm32cubeide_1.4.0/stm32cubeide/plugins/com.st.stm32cube.ide.mcu.externaltools.gnu-tools-for-stm32.7-2018-q2-update.win32_1.4.0.202007081208/tools/bin/../lib/gcc/arm-none-eabi/7.3.1/thumb/v7e-m/fpv4-sp/hard/crtbegin.o
 .text          0x0000000008000210       0x10 d:/stm32cubeide_1.4.0/stm32cubeide/plugins/com.st.stm32cube.ide.mcu.externaltools.gnu-tools-for-stm32.7-2018-q2-update.win32_1.4.0.202007081208/tools/bin/../lib/gcc/arm-none-eabi/7.3.1/../../../../arm-none-eabi/lib/thumb/v7e-m/fpv4-sp/hard\libc_nano.a(lib_a-strlen.o)
                0x0000000008000210                strlen
 .text          0x0000000008000220       0xa0 d:/stm32cubeide_1.4.0/stm32cubeide/plugins/com.st.stm32cube.ide.mcu.externaltools.gnu-tools-for-stm32.7-2018-q2-update.win32_1.4.0.202007081208/tools/bin/../lib/gcc/arm-none-eabi/7.3.1/../../../../arm-none-eabi/lib/thumb/v7e-m/fpv4-sp/hard\libc_nano.a(lib_a-memchr.o)
                0x0000000008000220                memchr
 .text          0x00000000080002c0       0x30 d:/stm32cubeide_1.4.0/stm32cubeide/plugins/com.st.stm32cube.ide.mcu.externaltools.gnu-tools-for-stm32.7-2018-q2-update.win32_1.4.0.202007081208/tools/bin/../lib/gcc/arm-none-eabi/7.3.1/thumb/v7e-m/fpv4-sp/hard\libgcc.a(_aeabi_uldivmod.o)
                0x00000000080002c0                __aeabi_uldivmod
 .text          0x00000000080002f0      0x2cc d:/stm32cubeide_1.4.0/stm32cubeide/plugins/com.st.stm32cube.ide.mcu.externaltools.gnu-tools-for-stm32.7-2018-q2-update.win32_1.4.0.202007081208/tools/bin/../lib/gcc/arm-none-eabi/7.3.1/thumb/v7e-m/fpv4-sp/hard\libgcc.a(_udivmoddi4.o)
                0x00000000080002f0                __udivmoddi4
 .text          0x00000000080005bc        0x4 d:/stm32cubeide_1.4.0/stm32cubeide/plugins/com.st.stm32cube.ide.mcu.externaltools.gnu-tools-for-stm32.7-2018-q2-update.win32_1.4.0.202007081208/tools/bin/../lib/gcc/arm-none-eabi/7.3.1/thumb/v7e-m/fpv4-sp/hard\libgcc.a(_dvmd_tls.o)
                0x00000000080005bc                __aeabi_idiv0
                0x00000000080005bc                __aeabi_ldiv0
 *(.text*)
 .text.HAL_Init
                0x00000000080005c0       0x44 Drivers/STM32F4xx_HAL_Driver/Src/stm32f4xx_hal.o
                0x00000000080005c0                HAL_Init
 .text.HAL_InitTick
                0x0000000008000604       0x60 Drivers/STM32F4xx_HAL_Driver/Src/stm32f4xx_hal.o
                0x0000000008000604                HAL_InitTick
 .text.HAL_IncTick
                0x0000000008000664       0x28 Drivers/STM32F4xx_HAL_Driver/Src/stm32f4xx_hal.o
                0x0000000008000664                HAL_IncTick
 .text.HAL_GetTick
                0x000000000800068c       0x18 Drivers/STM32F4xx_HAL_Driver/Src/stm32f4xx_hal.o
                0x000000000800068c                HAL_GetTick
 .text.HAL_Delay
                0x00000000080006a4       0x44 Drivers/STM32F4xx_HAL_Driver/Src/stm32f4xx_hal.o
                0x00000000080006a4                HAL_Delay
 .text.HAL_ADC_Init
                0x00000000080006e8       0x86 Drivers/STM32F4xx_HAL_Driver/Src/stm32f4xx_hal_adc.o
                0x00000000080006e8                HAL_ADC_Init
 *fill*         0x000000000800076e        0x2 
 .text.HAL_ADC_Start_DMA
                0x0000000008000770      0x1e4 Drivers/STM32F4xx_HAL_Driver/Src/stm32f4xx_hal_adc.o
                0x0000000008000770                HAL_ADC_Start_DMA
 .text.HAL_ADC_ConvCpltCallback
                0x0000000008000954       0x14 Drivers/STM32F4xx_HAL_Driver/Src/stm32f4xx_hal_adc.o
                0x0000000008000954                HAL_ADC_ConvCpltCallback
 .text.HAL_ADC_ConvHalfCpltCallback
                0x0000000008000968       0x14 Drivers/STM32F4xx_HAL_Driver/Src/stm32f4xx_hal_adc.o
                0x0000000008000968                HAL_ADC_ConvHalfCpltCallback
 .text.HAL_ADC_ErrorCallback
                0x000000000800097c       0x14 Drivers/STM32F4xx_HAL_Driver/Src/stm32f4xx_hal_adc.o
                0x000000000800097c                HAL_ADC_ErrorCallback
 .text.HAL_ADC_ConfigChannel
                0x0000000008000990      0x264 Drivers/STM32F4xx_HAL_Driver/Src/stm32f4xx_hal_adc.o
                0x0000000008000990                HAL_ADC_ConfigChannel
 .text.ADC_Init
                0x0000000008000bf4      0x1f8 Drivers/STM32F4xx_HAL_Driver/Src/stm32f4xx_hal_adc.o
 .text.ADC_DMAConvCplt
                0x0000000008000dec       0xba Drivers/STM32F4xx_HAL_Driver/Src/stm32f4xx_hal_adc.o
 .text.ADC_DMAHalfConvCplt
                0x0000000008000ea6       0x1c Drivers/STM32F4xx_HAL_Driver/Src/stm32f4xx_hal_adc.o
 .text.ADC_DMAError
                0x0000000008000ec2       0x2e Drivers/STM32F4xx_HAL_Driver/Src/stm32f4xx_hal_adc.o
 .text.__NVIC_SetPriorityGrouping
                0x0000000008000ef0       0x48 Drivers/STM32F4xx_HAL_Driver/Src/stm32f4xx_hal_cortex.o
 .text.__NVIC_GetPriorityGrouping
                0x0000000008000f38       0x1c Drivers/STM32F4xx_HAL_Driver/Src/stm32f4xx_hal_cortex.o
 .text.__NVIC_EnableIRQ
                0x0000000008000f54       0x3c Drivers/STM32F4xx_HAL_Driver/Src/stm32f4xx_hal_cortex.o
 .text.__NVIC_SetPriority
                0x0000000008000f90       0x54 Drivers/STM32F4xx_HAL_Driver/Src/stm32f4xx_hal_cortex.o
 .text.NVIC_EncodePriority
                0x0000000008000fe4       0x66 Drivers/STM32F4xx_HAL_Driver/Src/stm32f4xx_hal_cortex.o
 *fill*         0x000000000800104a        0x2 
 .text.SysTick_Config
                0x000000000800104c       0x44 Drivers/STM32F4xx_HAL_Driver/Src/stm32f4xx_hal_cortex.o
 .text.HAL_NVIC_SetPriorityGrouping
                0x0000000008001090       0x16 Drivers/STM32F4xx_HAL_Driver/Src/stm32f4xx_hal_cortex.o
                0x0000000008001090                HAL_NVIC_SetPriorityGrouping
 .text.HAL_NVIC_SetPriority
                0x00000000080010a6       0x38 Drivers/STM32F4xx_HAL_Driver/Src/stm32f4xx_hal_cortex.o
                0x00000000080010a6                HAL_NVIC_SetPriority
 .text.HAL_NVIC_EnableIRQ
                0x00000000080010de       0x1c Drivers/STM32F4xx_HAL_Driver/Src/stm32f4xx_hal_cortex.o
                0x00000000080010de                HAL_NVIC_EnableIRQ
 .text.HAL_SYSTICK_Config
                0x00000000080010fa       0x18 Drivers/STM32F4xx_HAL_Driver/Src/stm32f4xx_hal_cortex.o
                0x00000000080010fa                HAL_SYSTICK_Config
 *fill*         0x0000000008001112        0x2 
 .text.HAL_DMA_Init
                0x0000000008001114      0x15c Drivers/STM32F4xx_HAL_Driver/Src/stm32f4xx_hal_dma.o
                0x0000000008001114                HAL_DMA_Init
 .text.HAL_DMA_Start_IT
                0x0000000008001270       0xb0 Drivers/STM32F4xx_HAL_Driver/Src/stm32f4xx_hal_dma.o
                0x0000000008001270                HAL_DMA_Start_IT
 .text.HAL_DMA_IRQHandler
                0x0000000008001320      0x314 Drivers/STM32F4xx_HAL_Driver/Src/stm32f4xx_hal_dma.o
                0x0000000008001320                HAL_DMA_IRQHandler
 .text.DMA_SetConfig
                0x0000000008001634       0x5c Drivers/STM32F4xx_HAL_Driver/Src/stm32f4xx_hal_dma.o
 .text.DMA_CalcBaseAndBitshift
                0x0000000008001690       0x6c Drivers/STM32F4xx_HAL_Driver/Src/stm32f4xx_hal_dma.o
 .text.DMA_CheckFifoParam
                0x00000000080016fc       0xf4 Drivers/STM32F4xx_HAL_Driver/Src/stm32f4xx_hal_dma.o
 .text.HAL_GPIO_Init
                0x00000000080017f0      0x324 Drivers/STM32F4xx_HAL_Driver/Src/stm32f4xx_hal_gpio.o
                0x00000000080017f0                HAL_GPIO_Init
 .text.HAL_GPIO_WritePin
                0x0000000008001b14       0x32 Drivers/STM32F4xx_HAL_Driver/Src/stm32f4xx_hal_gpio.o
                0x0000000008001b14                HAL_GPIO_WritePin
 *fill*         0x0000000008001b46        0x2 
 .text.HAL_RCC_ClockConfig
                0x0000000008001b48      0x1cc Drivers/STM32F4xx_HAL_Driver/Src/stm32f4xx_hal_rcc.o
                0x0000000008001b48                HAL_RCC_ClockConfig
 .text.HAL_RCC_GetHCLKFreq
                0x0000000008001d14       0x18 Drivers/STM32F4xx_HAL_Driver/Src/stm32f4xx_hal_rcc.o
                0x0000000008001d14                HAL_RCC_GetHCLKFreq
 .text.HAL_RCC_GetPCLK1Freq
                0x0000000008001d2c       0x28 Drivers/STM32F4xx_HAL_Driver/Src/stm32f4xx_hal_rcc.o
                0x0000000008001d2c                HAL_RCC_GetPCLK1Freq
 .text.HAL_RCC_GetPCLK2Freq
                0x0000000008001d54       0x28 Drivers/STM32F4xx_HAL_Driver/Src/stm32f4xx_hal_rcc.o
                0x0000000008001d54                HAL_RCC_GetPCLK2Freq
 .text.HAL_RCC_GetSysClockFreq
                0x0000000008001d7c      0x340 Drivers/STM32F4xx_HAL_Driver/Src/stm32f4xx_hal_rcc_ex.o
                0x0000000008001d7c                HAL_RCC_GetSysClockFreq
 .text.HAL_RCC_OscConfig
                0x00000000080020bc      0x4b4 Drivers/STM32F4xx_HAL_Driver/Src/stm32f4xx_hal_rcc_ex.o
                0x00000000080020bc                HAL_RCC_OscConfig
 .text.HAL_SPI_Init
                0x0000000008002570       0xc8 Drivers/STM32F4xx_HAL_Driver/Src/stm32f4xx_hal_spi.o
                0x0000000008002570                HAL_SPI_Init
 .text.HAL_SPI_Transmit
                0x0000000008002638      0x268 Drivers/STM32F4xx_HAL_Driver/Src/stm32f4xx_hal_spi.o
                0x0000000008002638                HAL_SPI_Transmit
 .text.HAL_SPI_Receive
                0x00000000080028a0      0x212 Drivers/STM32F4xx_HAL_Driver/Src/stm32f4xx_hal_spi.o
                0x00000000080028a0                HAL_SPI_Receive
 .text.HAL_SPI_TransmitReceive
                0x0000000008002ab2      0x344 Drivers/STM32F4xx_HAL_Driver/Src/stm32f4xx_hal_spi.o
                0x0000000008002ab2                HAL_SPI_TransmitReceive
 .text.SPI_WaitFlagStateUntilTimeout
                0x0000000008002df6       0xd4 Drivers/STM32F4xx_HAL_Driver/Src/stm32f4xx_hal_spi.o
 .text.SPI_EndRxTransaction
                0x0000000008002eca       0xca Drivers/STM32F4xx_HAL_Driver/Src/stm32f4xx_hal_spi.o
 .text.SPI_EndRxTxTransaction
                0x0000000008002f94       0x84 Drivers/STM32F4xx_HAL_Driver/Src/stm32f4xx_hal_spi.o
 .text.HAL_UART_Init
                0x0000000008003018       0x9a Drivers/STM32F4xx_HAL_Driver/Src/stm32f4xx_hal_uart.o
                0x0000000008003018                HAL_UART_Init
 .text.HAL_UART_Transmit
                0x00000000080030b2      0x132 Drivers/STM32F4xx_HAL_Driver/Src/stm32f4xx_hal_uart.o
                0x00000000080030b2                HAL_UART_Transmit
 .text.UART_WaitOnFlagUntilTimeout
                0x00000000080031e4       0x94 Drivers/STM32F4xx_HAL_Driver/Src/stm32f4xx_hal_uart.o
 .text.UART_SetConfig
                0x0000000008003278      0x6f8 Drivers/STM32F4xx_HAL_Driver/Src/stm32f4xx_hal_uart.o
 .text.NRF24_csn
                0x0000000008003970       0x40 Src/KK_NRF24.o
                0x0000000008003970                NRF24_csn
 .text.NRF24_ce
                0x00000000080039b0       0x40 Src/KK_NRF24.o
                0x00000000080039b0                NRF24_ce
 .text.NRF24_read_register
                0x00000000080039f0       0x50 Src/KK_NRF24.o
                0x00000000080039f0                NRF24_read_register
 .text.NRF24_read_registerN
                0x0000000008003a40       0x50 Src/KK_NRF24.o
                0x0000000008003a40                NRF24_read_registerN
 .text.NRF24_write_register
                0x0000000008003a90       0x44 Src/KK_NRF24.o
                0x0000000008003a90                NRF24_write_register
 .text.NRF24_write_registerN
                0x0000000008003ad4       0x50 Src/KK_NRF24.o
                0x0000000008003ad4                NRF24_write_registerN
 .text.NRF24_get_status
                0x0000000008003b24       0x1a Src/KK_NRF24.o
                0x0000000008003b24                NRF24_get_status
 *fill*         0x0000000008003b3e        0x2 
 .text.NRF24_begin
                0x0000000008003b40      0x1ac Src/KK_NRF24.o
                0x0000000008003b40                NRF24_begin
 .text.nrf24_DebugUART_Init
                0x0000000008003cec       0x38 Src/KK_NRF24.o
                0x0000000008003cec                nrf24_DebugUART_Init
 .text.NRF24_ACTIVATE_cmd
                0x0000000008003d24       0x34 Src/KK_NRF24.o
                0x0000000008003d24                NRF24_ACTIVATE_cmd
 .text.NRF24_setRetries
                0x0000000008003d58       0x36 Src/KK_NRF24.o
                0x0000000008003d58                NRF24_setRetries
 *fill*         0x0000000008003d8e        0x2 
 .text.NRF24_disableDynamicPayloads
                0x0000000008003d90       0x30 Src/KK_NRF24.o
                0x0000000008003d90                NRF24_disableDynamicPayloads
 .text.NRF24_setPayloadSize
                0x0000000008003dc0       0x30 Src/KK_NRF24.o
                0x0000000008003dc0                NRF24_setPayloadSize
 .text.NRF24_resetStatus
                0x0000000008003df0       0x10 Src/KK_NRF24.o
                0x0000000008003df0                NRF24_resetStatus
 .text.NRF24_setChannel
                0x0000000008003e00       0x2a Src/KK_NRF24.o
                0x0000000008003e00                NRF24_setChannel
 .text.NRF24_powerDown
                0x0000000008003e2a       0x1e Src/KK_NRF24.o
                0x0000000008003e2a                NRF24_powerDown
 .text.NRF24_setAutoAck
                0x0000000008003e48       0x2a Src/KK_NRF24.o
                0x0000000008003e48                NRF24_setAutoAck
 *fill*         0x0000000008003e72        0x2 
 .text.NRF24_openWritingPipe
                0x0000000008003e74       0x48 Src/KK_NRF24.o
                0x0000000008003e74                NRF24_openWritingPipe
 .text.NRF24_stopListening
                0x0000000008003ebc       0x16 Src/KK_NRF24.o
                0x0000000008003ebc                NRF24_stopListening
 .text.NRF24_available
                0x0000000008003ed2       0x10 Src/KK_NRF24.o
                0x0000000008003ed2                NRF24_available
 .text.NRF24_availablePipe
                0x0000000008003ee2       0x58 Src/KK_NRF24.o
                0x0000000008003ee2                NRF24_availablePipe
 *fill*         0x0000000008003f3a        0x2 
 .text.NRF24_write
                0x0000000008003f3c       0x98 Src/KK_NRF24.o
                0x0000000008003f3c                NRF24_write
 .text.NRF24_write_payload
                0x0000000008003fd4       0x44 Src/KK_NRF24.o
                0x0000000008003fd4                NRF24_write_payload
 .text.NRF24_getDynamicPayloadSize
                0x0000000008004018       0x10 Src/KK_NRF24.o
                0x0000000008004018                NRF24_getDynamicPayloadSize
 .text.NRF24_startWrite
                0x0000000008004028       0x5e Src/KK_NRF24.o
                0x0000000008004028                NRF24_startWrite
 .text.NRF24_checkInterruptFlags
                0x0000000008004086       0x4e Src/KK_NRF24.o
                0x0000000008004086                NRF24_checkInterruptFlags
 .text.NRF24_flush_tx
                0x00000000080040d4       0x10 Src/KK_NRF24.o
                0x00000000080040d4                NRF24_flush_tx
 .text.NRF24_flush_rx
                0x00000000080040e4       0x10 Src/KK_NRF24.o
                0x00000000080040e4                NRF24_flush_rx
 .text.printRadioSettings
                0x00000000080040f4      0x924 Src/KK_NRF24.o
                0x00000000080040f4                printRadioSettings
 .text.MX_ADC1_Init
                0x0000000008004a18       0xc0 Src/adc.o
                0x0000000008004a18                MX_ADC1_Init
 .text.HAL_ADC_MspInit
                0x0000000008004ad8       0xf0 Src/adc.o
                0x0000000008004ad8                HAL_ADC_MspInit
 .text.MX_DMA_Init
                0x0000000008004bc8       0x40 Src/dma.o
                0x0000000008004bc8                MX_DMA_Init
 .text.MX_GPIO_Init
                0x0000000008004c08      0x108 Src/gpio.o
                0x0000000008004c08                MX_GPIO_Init
 .text.main     0x0000000008004d10       0xf8 Src/main.o
                0x0000000008004d10                main
 .text.SystemClock_Config
                0x0000000008004e08       0xdc Src/main.o
                0x0000000008004e08                SystemClock_Config
 .text.Error_Handler
                0x0000000008004ee4        0xe Src/main.o
                0x0000000008004ee4                Error_Handler
 *fill*         0x0000000008004ef2        0x2 
 .text.MX_SPI2_Init
                0x0000000008004ef4       0x6c Src/spi.o
                0x0000000008004ef4                MX_SPI2_Init
 .text.HAL_SPI_MspInit
                0x0000000008004f60       0xf0 Src/spi.o
                0x0000000008004f60                HAL_SPI_MspInit
 .text.HAL_MspInit
                0x0000000008005050       0x50 Src/stm32f4xx_hal_msp.o
                0x0000000008005050                HAL_MspInit
 .text.NMI_Handler
                0x00000000080050a0        0xe Src/stm32f4xx_it.o
                0x00000000080050a0                NMI_Handler
 .text.HardFault_Handler
                0x00000000080050ae        0x6 Src/stm32f4xx_it.o
                0x00000000080050ae                HardFault_Handler
 .text.MemManage_Handler
                0x00000000080050b4        0x6 Src/stm32f4xx_it.o
                0x00000000080050b4                MemManage_Handler
 .text.BusFault_Handler
                0x00000000080050ba        0x6 Src/stm32f4xx_it.o
                0x00000000080050ba                BusFault_Handler
 .text.UsageFault_Handler
                0x00000000080050c0        0x6 Src/stm32f4xx_it.o
                0x00000000080050c0                UsageFault_Handler
 .text.SVC_Handler
                0x00000000080050c6        0xe Src/stm32f4xx_it.o
                0x00000000080050c6                SVC_Handler
 .text.DebugMon_Handler
                0x00000000080050d4        0xe Src/stm32f4xx_it.o
                0x00000000080050d4                DebugMon_Handler
 .text.PendSV_Handler
                0x00000000080050e2        0xe Src/stm32f4xx_it.o
                0x00000000080050e2                PendSV_Handler
 .text.SysTick_Handler
                0x00000000080050f0        0xc Src/stm32f4xx_it.o
                0x00000000080050f0                SysTick_Handler
 .text.DMA2_Stream0_IRQHandler
                0x00000000080050fc       0x14 Src/stm32f4xx_it.o
                0x00000000080050fc                DMA2_Stream0_IRQHandler
 .text._sbrk    0x0000000008005110       0x58 Src/sysmem.o
                0x0000000008005110                _sbrk
 .text.SystemInit
                0x0000000008005168       0x2c Src/system_stm32f4xx.o
                0x0000000008005168                SystemInit
 .text.MX_USART2_UART_Init
                0x0000000008005194       0x54 Src/usart.o
                0x0000000008005194                MX_USART2_UART_Init
 .text.HAL_UART_MspInit
                0x00000000080051e8       0x90 Src/usart.o
                0x00000000080051e8                HAL_UART_MspInit
 .text.Reset_Handler
                0x0000000008005278       0x50 Startup/startup_stm32f446retx.o
                0x0000000008005278                Reset_Handler
 .text.Default_Handler
                0x00000000080052c8        0x2 Startup/startup_stm32f446retx.o
                0x00000000080052c8                RTC_Alarm_IRQHandler
                0x00000000080052c8                EXTI2_IRQHandler
                0x00000000080052c8                TIM8_CC_IRQHandler
                0x00000000080052c8                FMPI2C1_EV_IRQHandler
                0x00000000080052c8                SPI4_IRQHandler
                0x00000000080052c8                TIM1_CC_IRQHandler
                0x00000000080052c8                DMA2_Stream5_IRQHandler
                0x00000000080052c8                DMA1_Stream5_IRQHandler
                0x00000000080052c8                PVD_IRQHandler
                0x00000000080052c8                SDIO_IRQHandler
                0x00000000080052c8                TAMP_STAMP_IRQHandler
                0x00000000080052c8                CAN2_RX1_IRQHandler
                0x00000000080052c8                EXTI3_IRQHandler
                0x00000000080052c8                TIM8_TRG_COM_TIM14_IRQHandler
                0x00000000080052c8                TIM1_UP_TIM10_IRQHandler
                0x00000000080052c8                TIM8_UP_TIM13_IRQHandler
                0x00000000080052c8                I2C3_ER_IRQHandler
                0x00000000080052c8                EXTI0_IRQHandler
                0x00000000080052c8                I2C2_EV_IRQHandler
                0x00000000080052c8                DMA1_Stream2_IRQHandler
                0x00000000080052c8                CAN1_RX0_IRQHandler
                0x00000000080052c8                FPU_IRQHandler
                0x00000000080052c8                OTG_HS_WKUP_IRQHandler
                0x00000000080052c8                CAN2_SCE_IRQHandler
                0x00000000080052c8                DMA2_Stream2_IRQHandler
                0x00000000080052c8                SPI1_IRQHandler
                0x00000000080052c8                TIM6_DAC_IRQHandler
                0x00000000080052c8                TIM1_BRK_TIM9_IRQHandler
                0x00000000080052c8                DCMI_IRQHandler
                0x00000000080052c8                CAN2_RX0_IRQHandler
                0x00000000080052c8                DMA2_Stream3_IRQHandler
                0x00000000080052c8                SAI2_IRQHandler
                0x00000000080052c8                USART6_IRQHandler
                0x00000000080052c8                USART3_IRQHandler
                0x00000000080052c8                CAN1_RX1_IRQHandler
                0x00000000080052c8                UART5_IRQHandler
                0x00000000080052c8                TIM4_IRQHandler
                0x00000000080052c8                QUADSPI_IRQHandler
                0x00000000080052c8                I2C1_EV_IRQHandler
                0x00000000080052c8                DMA1_Stream6_IRQHandler
                0x00000000080052c8                DMA1_Stream1_IRQHandler
                0x00000000080052c8                UART4_IRQHandler
                0x00000000080052c8                TIM3_IRQHandler
                0x00000000080052c8                RCC_IRQHandler
                0x00000000080052c8                TIM8_BRK_TIM12_IRQHandler
                0x00000000080052c8                Default_Handler
                0x00000000080052c8                CEC_IRQHandler
                0x00000000080052c8                EXTI15_10_IRQHandler
                0x00000000080052c8                ADC_IRQHandler
                0x00000000080052c8                DMA1_Stream7_IRQHandler
                0x00000000080052c8                TIM7_IRQHandler
                0x00000000080052c8                CAN2_TX_IRQHandler
                0x00000000080052c8                TIM5_IRQHandler
                0x00000000080052c8                DMA2_Stream7_IRQHandler
                0x00000000080052c8                I2C3_EV_IRQHandler
                0x00000000080052c8                EXTI9_5_IRQHandler
                0x00000000080052c8                RTC_WKUP_IRQHandler
                0x00000000080052c8                SPDIF_RX_IRQHandler
                0x00000000080052c8                SPI2_IRQHandler
                0x00000000080052c8                OTG_HS_EP1_IN_IRQHandler
                0x00000000080052c8                DMA1_Stream0_IRQHandler
                0x00000000080052c8                CAN1_TX_IRQHandler
                0x00000000080052c8                FMPI2C1_ER_IRQHandler
                0x00000000080052c8                EXTI4_IRQHandler
                0x00000000080052c8                OTG_HS_EP1_OUT_IRQHandler
                0x00000000080052c8                WWDG_IRQHandler
                0x00000000080052c8                TIM2_IRQHandler
                0x00000000080052c8                OTG_FS_WKUP_IRQHandler
                0x00000000080052c8                TIM1_TRG_COM_TIM11_IRQHandler
                0x00000000080052c8                OTG_HS_IRQHandler
                0x00000000080052c8                EXTI1_IRQHandler
                0x00000000080052c8                USART2_IRQHandler
                0x00000000080052c8                I2C2_ER_IRQHandler
                0x00000000080052c8                DMA2_Stream1_IRQHandler
                0x00000000080052c8                CAN1_SCE_IRQHandler
                0x00000000080052c8                FLASH_IRQHandler
                0x00000000080052c8                DMA2_Stream4_IRQHandler
                0x00000000080052c8                USART1_IRQHandler
                0x00000000080052c8                OTG_FS_IRQHandler
                0x00000000080052c8                SPI3_IRQHandler
                0x00000000080052c8                DMA1_Stream4_IRQHandler
                0x00000000080052c8                I2C1_ER_IRQHandler
                0x00000000080052c8                FMC_IRQHandler
                0x00000000080052c8                DMA2_Stream6_IRQHandler
                0x00000000080052c8                SAI1_IRQHandler
                0x00000000080052c8                DMA1_Stream3_IRQHandler
 *fill*         0x00000000080052ca        0x2 
 .text.__errno  0x00000000080052cc        0xc d:/stm32cubeide_1.4.0/stm32cubeide/plugins/com.st.stm32cube.ide.mcu.externaltools.gnu-tools-for-stm32.7-2018-q2-update.win32_1.4.0.202007081208/tools/bin/../lib/gcc/arm-none-eabi/7.3.1/../../../../arm-none-eabi/lib/thumb/v7e-m/fpv4-sp/hard\libc_nano.a(lib_a-errno.o)
                0x00000000080052cc                __errno
 .text.__libc_init_array
                0x00000000080052d8       0x48 d:/stm32cubeide_1.4.0/stm32cubeide/plugins/com.st.stm32cube.ide.mcu.externaltools.gnu-tools-for-stm32.7-2018-q2-update.win32_1.4.0.202007081208/tools/bin/../lib/gcc/arm-none-eabi/7.3.1/../../../../arm-none-eabi/lib/thumb/v7e-m/fpv4-sp/hard\libc_nano.a(lib_a-init.o)
                0x00000000080052d8                __libc_init_array
 .text.memcpy   0x0000000008005320       0x16 d:/stm32cubeide_1.4.0/stm32cubeide/plugins/com.st.stm32cube.ide.mcu.externaltools.gnu-tools-for-stm32.7-2018-q2-update.win32_1.4.0.202007081208/tools/bin/../lib/gcc/arm-none-eabi/7.3.1/../../../../arm-none-eabi/lib/thumb/v7e-m/fpv4-sp/hard\libc_nano.a(lib_a-memcpy-stub.o)
                0x0000000008005320                memcpy
 .text.memset   0x0000000008005336       0x10 d:/stm32cubeide_1.4.0/stm32cubeide/plugins/com.st.stm32cube.ide.mcu.externaltools.gnu-tools-for-stm32.7-2018-q2-update.win32_1.4.0.202007081208/tools/bin/../lib/gcc/arm-none-eabi/7.3.1/../../../../arm-none-eabi/lib/thumb/v7e-m/fpv4-sp/hard\libc_nano.a(lib_a-memset.o)
                0x0000000008005336                memset
 *fill*         0x0000000008005346        0x2 
 .text.sprintf  0x0000000008005348       0x40 d:/stm32cubeide_1.4.0/stm32cubeide/plugins/com.st.stm32cube.ide.mcu.externaltools.gnu-tools-for-stm32.7-2018-q2-update.win32_1.4.0.202007081208/tools/bin/../lib/gcc/arm-none-eabi/7.3.1/../../../../arm-none-eabi/lib/thumb/v7e-m/fpv4-sp/hard\libc_nano.a(lib_a-sprintf.o)
                0x0000000008005348                siprintf
                0x0000000008005348                sprintf
 .text.__ssputs_r
                0x0000000008005388       0xb4 d:/stm32cubeide_1.4.0/stm32cubeide/plugins/com.st.stm32cube.ide.mcu.externaltools.gnu-tools-for-stm32.7-2018-q2-update.win32_1.4.0.202007081208/tools/bin/../lib/gcc/arm-none-eabi/7.3.1/../../../../arm-none-eabi/lib/thumb/v7e-m/fpv4-sp/hard\libc_nano.a(lib_a-nano-svfprintf.o)
                0x0000000008005388                __ssputs_r
 .text._svfprintf_r
                0x000000000800543c      0x1f0 d:/stm32cubeide_1.4.0/stm32cubeide/plugins/com.st.stm32cube.ide.mcu.externaltools.gnu-tools-for-stm32.7-2018-q2-update.win32_1.4.0.202007081208/tools/bin/../lib/gcc/arm-none-eabi/7.3.1/../../../../arm-none-eabi/lib/thumb/v7e-m/fpv4-sp/hard\libc_nano.a(lib_a-nano-svfprintf.o)
                0x000000000800543c                _svfiprintf_r
                0x000000000800543c                _svfprintf_r
 .text._printf_common
                0x000000000800562c       0xea d:/stm32cubeide_1.4.0/stm32cubeide/plugins/com.st.stm32cube.ide.mcu.externaltools.gnu-tools-for-stm32.7-2018-q2-update.win32_1.4.0.202007081208/tools/bin/../lib/gcc/arm-none-eabi/7.3.1/../../../../arm-none-eabi/lib/thumb/v7e-m/fpv4-sp/hard\libc_nano.a(lib_a-nano-vfprintf_i.o)
                0x000000000800562c                _printf_common
 *fill*         0x0000000008005716        0x2 
 .text._printf_i
                0x0000000008005718      0x224 d:/stm32cubeide_1.4.0/stm32cubeide/plugins/com.st.stm32cube.ide.mcu.externaltools.gnu-tools-for-stm32.7-2018-q2-update.win32_1.4.0.202007081208/tools/bin/../lib/gcc/arm-none-eabi/7.3.1/../../../../arm-none-eabi/lib/thumb/v7e-m/fpv4-sp/hard\libc_nano.a(lib_a-nano-vfprintf_i.o)
                0x0000000008005718                _printf_i
 .text.memmove  0x000000000800593c       0x32 d:/stm32cubeide_1.4.0/stm32cubeide/plugins/com.st.stm32cube.ide.mcu.externaltools.gnu-tools-for-stm32.7-2018-q2-update.win32_1.4.0.202007081208/tools/bin/../lib/gcc/arm-none-eabi/7.3.1/../../../../arm-none-eabi/lib/thumb/v7e-m/fpv4-sp/hard\libc_nano.a(lib_a-memmove.o)
                0x000000000800593c                memmove
 *fill*         0x000000000800596e        0x2 
 .text._free_r  0x0000000008005970       0x9c d:/stm32cubeide_1.4.0/stm32cubeide/plugins/com.st.stm32cube.ide.mcu.externaltools.gnu-tools-for-stm32.7-2018-q2-update.win32_1.4.0.202007081208/tools/bin/../lib/gcc/arm-none-eabi/7.3.1/../../../../arm-none-eabi/lib/thumb/v7e-m/fpv4-sp/hard\libc_nano.a(lib_a-nano-freer.o)
                0x0000000008005970                _free_r
 .text._malloc_r
                0x0000000008005a0c       0xb4 d:/stm32cubeide_1.4.0/stm32cubeide/plugins/com.st.stm32cube.ide.mcu.externaltools.gnu-tools-for-stm32.7-2018-q2-update.win32_1.4.0.202007081208/tools/bin/../lib/gcc/arm-none-eabi/7.3.1/../../../../arm-none-eabi/lib/thumb/v7e-m/fpv4-sp/hard\libc_nano.a(lib_a-nano-mallocr.o)
                0x0000000008005a0c                _malloc_r
 .text._realloc_r
                0x0000000008005ac0       0x4c d:/stm32cubeide_1.4.0/stm32cubeide/plugins/com.st.stm32cube.ide.mcu.externaltools.gnu-tools-for-stm32.7-2018-q2-update.win32_1.4.0.202007081208/tools/bin/../lib/gcc/arm-none-eabi/7.3.1/../../../../arm-none-eabi/lib/thumb/v7e-m/fpv4-sp/hard\libc_nano.a(lib_a-nano-reallocr.o)
                0x0000000008005ac0                _realloc_r
 .text._sbrk_r  0x0000000008005b0c       0x20 d:/stm32cubeide_1.4.0/stm32cubeide/plugins/com.st.stm32cube.ide.mcu.externaltools.gnu-tools-for-stm32.7-2018-q2-update.win32_1.4.0.202007081208/tools/bin/../lib/gcc/arm-none-eabi/7.3.1/../../../../arm-none-eabi/lib/thumb/v7e-m/fpv4-sp/hard\libc_nano.a(lib_a-sbrkr.o)
                0x0000000008005b0c                _sbrk_r
 .text.__malloc_lock
                0x0000000008005b2c        0x2 d:/stm32cubeide_1.4.0/stm32cubeide/plugins/com.st.stm32cube.ide.mcu.externaltools.gnu-tools-for-stm32.7-2018-q2-update.win32_1.4.0.202007081208/tools/bin/../lib/gcc/arm-none-eabi/7.3.1/../../../../arm-none-eabi/lib/thumb/v7e-m/fpv4-sp/hard\libc_nano.a(lib_a-mlock.o)
                0x0000000008005b2c                __malloc_lock
 .text.__malloc_unlock
                0x0000000008005b2e        0x2 d:/stm32cubeide_1.4.0/stm32cubeide/plugins/com.st.stm32cube.ide.mcu.externaltools.gnu-tools-for-stm32.7-2018-q2-update.win32_1.4.0.202007081208/tools/bin/../lib/gcc/arm-none-eabi/7.3.1/../../../../arm-none-eabi/lib/thumb/v7e-m/fpv4-sp/hard\libc_nano.a(lib_a-mlock.o)
                0x0000000008005b2e                __malloc_unlock
 .text._malloc_usable_size_r
                0x0000000008005b30       0x10 d:/stm32cubeide_1.4.0/stm32cubeide/plugins/com.st.stm32cube.ide.mcu.externaltools.gnu-tools-for-stm32.7-2018-q2-update.win32_1.4.0.202007081208/tools/bin/../lib/gcc/arm-none-eabi/7.3.1/../../../../arm-none-eabi/lib/thumb/v7e-m/fpv4-sp/hard\libc_nano.a(lib_a-nano-msizer.o)
                0x0000000008005b30                _malloc_usable_size_r
 *(.glue_7)
 .glue_7        0x0000000008005b40        0x0 linker stubs
 *(.glue_7t)
 .glue_7t       0x0000000008005b40        0x0 linker stubs
 *(.eh_frame)
 .eh_frame      0x0000000008005b40        0x0 d:/stm32cubeide_1.4.0/stm32cubeide/plugins/com.st.stm32cube.ide.mcu.externaltools.gnu-tools-for-stm32.7-2018-q2-update.win32_1.4.0.202007081208/tools/bin/../lib/gcc/arm-none-eabi/7.3.1/thumb/v7e-m/fpv4-sp/hard/crtbegin.o
 *(.init)
 .init          0x0000000008005b40        0x4 d:/stm32cubeide_1.4.0/stm32cubeide/plugins/com.st.stm32cube.ide.mcu.externaltools.gnu-tools-for-stm32.7-2018-q2-update.win32_1.4.0.202007081208/tools/bin/../lib/gcc/arm-none-eabi/7.3.1/thumb/v7e-m/fpv4-sp/hard/crti.o
                0x0000000008005b40                _init
 .init          0x0000000008005b44        0x8 d:/stm32cubeide_1.4.0/stm32cubeide/plugins/com.st.stm32cube.ide.mcu.externaltools.gnu-tools-for-stm32.7-2018-q2-update.win32_1.4.0.202007081208/tools/bin/../lib/gcc/arm-none-eabi/7.3.1/thumb/v7e-m/fpv4-sp/hard/crtn.o
 *(.fini)
 .fini          0x0000000008005b4c        0x4 d:/stm32cubeide_1.4.0/stm32cubeide/plugins/com.st.stm32cube.ide.mcu.externaltools.gnu-tools-for-stm32.7-2018-q2-update.win32_1.4.0.202007081208/tools/bin/../lib/gcc/arm-none-eabi/7.3.1/thumb/v7e-m/fpv4-sp/hard/crti.o
                0x0000000008005b4c                _fini
 .fini          0x0000000008005b50        0x8 d:/stm32cubeide_1.4.0/stm32cubeide/plugins/com.st.stm32cube.ide.mcu.externaltools.gnu-tools-for-stm32.7-2018-q2-update.win32_1.4.0.202007081208/tools/bin/../lib/gcc/arm-none-eabi/7.3.1/thumb/v7e-m/fpv4-sp/hard/crtn.o
                0x0000000008005b58                . = ALIGN (0x4)
                0x0000000008005b58                _etext = .

.vfp11_veneer   0x0000000008005b58        0x0
 .vfp11_veneer  0x0000000008005b58        0x0 linker stubs

.v4_bx          0x0000000008005b58        0x0
 .v4_bx         0x0000000008005b58        0x0 linker stubs

.iplt           0x0000000008005b58        0x0
 .iplt          0x0000000008005b58        0x0 d:/stm32cubeide_1.4.0/stm32cubeide/plugins/com.st.stm32cube.ide.mcu.externaltools.gnu-tools-for-stm32.7-2018-q2-update.win32_1.4.0.202007081208/tools/bin/../lib/gcc/arm-none-eabi/7.3.1/thumb/v7e-m/fpv4-sp/hard/crtbegin.o

.rodata         0x0000000008005b58      0x49c
                0x0000000008005b58                . = ALIGN (0x4)
 *(.rodata)
 .rodata        0x0000000008005b58      0x447 Src/KK_NRF24.o
 *(.rodata*)
 *fill*         0x0000000008005f9f        0x1 
 .rodata.flagBitshiftOffset.7938
                0x0000000008005fa0        0x8 Drivers/STM32F4xx_HAL_Driver/Src/stm32f4xx_hal_dma.o
 .rodata.AHBPrescTable
                0x0000000008005fa8       0x10 Src/system_stm32f4xx.o
                0x0000000008005fa8                AHBPrescTable
 .rodata.APBPrescTable
                0x0000000008005fb8        0x8 Src/system_stm32f4xx.o
                0x0000000008005fb8                APBPrescTable
 .rodata._svfprintf_r.str1.1
                0x0000000008005fc0       0x11 d:/stm32cubeide_1.4.0/stm32cubeide/plugins/com.st.stm32cube.ide.mcu.externaltools.gnu-tools-for-stm32.7-2018-q2-update.win32_1.4.0.202007081208/tools/bin/../lib/gcc/arm-none-eabi/7.3.1/../../../../arm-none-eabi/lib/thumb/v7e-m/fpv4-sp/hard\libc_nano.a(lib_a-nano-svfprintf.o)
 .rodata._printf_i.str1.1
                0x0000000008005fd1       0x22 d:/stm32cubeide_1.4.0/stm32cubeide/plugins/com.st.stm32cube.ide.mcu.externaltools.gnu-tools-for-stm32.7-2018-q2-update.win32_1.4.0.202007081208/tools/bin/../lib/gcc/arm-none-eabi/7.3.1/../../../../arm-none-eabi/lib/thumb/v7e-m/fpv4-sp/hard\libc_nano.a(lib_a-nano-vfprintf_i.o)
                0x0000000008005ff4                . = ALIGN (0x4)
 *fill*         0x0000000008005ff3        0x1 

.ARM.extab      0x0000000008005ff4        0x0
                0x0000000008005ff4                . = ALIGN (0x4)
 *(.ARM.extab* .gnu.linkonce.armextab.*)
                0x0000000008005ff4                . = ALIGN (0x4)

.ARM            0x0000000008005ff4        0x8
                0x0000000008005ff4                . = ALIGN (0x4)
                0x0000000008005ff4                __exidx_start = .
 *(.ARM.exidx*)
 .ARM.exidx     0x0000000008005ff4        0x8 d:/stm32cubeide_1.4.0/stm32cubeide/plugins/com.st.stm32cube.ide.mcu.externaltools.gnu-tools-for-stm32.7-2018-q2-update.win32_1.4.0.202007081208/tools/bin/../lib/gcc/arm-none-eabi/7.3.1/thumb/v7e-m/fpv4-sp/hard\libgcc.a(_udivmoddi4.o)
                0x0000000008005ffc                __exidx_end = .
                0x0000000008005ffc                . = ALIGN (0x4)

.rel.dyn        0x0000000008005ffc        0x0
 .rel.iplt      0x0000000008005ffc        0x0 d:/stm32cubeide_1.4.0/stm32cubeide/plugins/com.st.stm32cube.ide.mcu.externaltools.gnu-tools-for-stm32.7-2018-q2-update.win32_1.4.0.202007081208/tools/bin/../lib/gcc/arm-none-eabi/7.3.1/thumb/v7e-m/fpv4-sp/hard/crtbegin.o

.preinit_array  0x0000000008005ffc        0x0
                0x0000000008005ffc                . = ALIGN (0x4)
                0x0000000008005ffc                PROVIDE (__preinit_array_start = .)
 *(.preinit_array*)
                0x0000000008005ffc                PROVIDE (__preinit_array_end = .)
                0x0000000008005ffc                . = ALIGN (0x4)

.init_array     0x0000000008005ffc        0x4
                0x0000000008005ffc                . = ALIGN (0x4)
                0x0000000008005ffc                PROVIDE (__init_array_start = .)
 *(SORT_BY_NAME(.init_array.*))
 *(.init_array*)
 .init_array    0x0000000008005ffc        0x4 d:/stm32cubeide_1.4.0/stm32cubeide/plugins/com.st.stm32cube.ide.mcu.externaltools.gnu-tools-for-stm32.7-2018-q2-update.win32_1.4.0.202007081208/tools/bin/../lib/gcc/arm-none-eabi/7.3.1/thumb/v7e-m/fpv4-sp/hard/crtbegin.o
                0x0000000008006000                PROVIDE (__init_array_end = .)
                0x0000000008006000                . = ALIGN (0x4)

.fini_array     0x0000000008006000        0x4
                0x0000000008006000                . = ALIGN (0x4)
                [!provide]                        PROVIDE (__fini_array_start = .)
 *(SORT_BY_NAME(.fini_array.*))
 *(.fini_array*)
 .fini_array    0x0000000008006000        0x4 d:/stm32cubeide_1.4.0/stm32cubeide/plugins/com.st.stm32cube.ide.mcu.externaltools.gnu-tools-for-stm32.7-2018-q2-update.win32_1.4.0.202007081208/tools/bin/../lib/gcc/arm-none-eabi/7.3.1/thumb/v7e-m/fpv4-sp/hard/crtbegin.o
                [!provide]                        PROVIDE (__fini_array_end = .)
                0x0000000008006004                . = ALIGN (0x4)
                0x0000000008006004                _sidata = LOADADDR (.data)

.data           0x0000000020000000       0x70 load address 0x0000000008006004
                0x0000000020000000                . = ALIGN (0x4)
                0x0000000020000000                _sdata = .
 *(.data)
 *(.data*)
 .data.uwTickPrio
                0x0000000020000000        0x4 Drivers/STM32F4xx_HAL_Driver/Src/stm32f4xx_hal.o
                0x0000000020000000                uwTickPrio
 .data.uwTickFreq
                0x0000000020000004        0x1 Drivers/STM32F4xx_HAL_Driver/Src/stm32f4xx_hal.o
                0x0000000020000004                uwTickFreq
 *fill*         0x0000000020000005        0x3 
 .data.SystemCoreClock
                0x0000000020000008        0x4 Src/system_stm32f4xx.o
                0x0000000020000008                SystemCoreClock
 .data._impure_ptr
                0x000000002000000c        0x4 d:/stm32cubeide_1.4.0/stm32cubeide/plugins/com.st.stm32cube.ide.mcu.externaltools.gnu-tools-for-stm32.7-2018-q2-update.win32_1.4.0.202007081208/tools/bin/../lib/gcc/arm-none-eabi/7.3.1/../../../../arm-none-eabi/lib/thumb/v7e-m/fpv4-sp/hard\libc_nano.a(lib_a-impure.o)
                0x000000002000000c                _impure_ptr
 .data.impure_data
                0x0000000020000010       0x60 d:/stm32cubeide_1.4.0/stm32cubeide/plugins/com.st.stm32cube.ide.mcu.externaltools.gnu-tools-for-stm32.7-2018-q2-update.win32_1.4.0.202007081208/tools/bin/../lib/gcc/arm-none-eabi/7.3.1/../../../../arm-none-eabi/lib/thumb/v7e-m/fpv4-sp/hard\libc_nano.a(lib_a-impure.o)
                0x0000000020000070                . = ALIGN (0x4)
                0x0000000020000070                _edata = .

.igot.plt       0x0000000020000070        0x0 load address 0x0000000008006074
 .igot.plt      0x0000000020000070        0x0 d:/stm32cubeide_1.4.0/stm32cubeide/plugins/com.st.stm32cube.ide.mcu.externaltools.gnu-tools-for-stm32.7-2018-q2-update.win32_1.4.0.202007081208/tools/bin/../lib/gcc/arm-none-eabi/7.3.1/thumb/v7e-m/fpv4-sp/hard/crtbegin.o
                0x0000000020000070                . = ALIGN (0x4)

.bss            0x0000000020000070      0x23c load address 0x0000000008006074
                0x0000000020000070                _sbss = .
                0x0000000020000070                __bss_start__ = _sbss
 *(.bss)
 .bss           0x0000000020000070       0x1c d:/stm32cubeide_1.4.0/stm32cubeide/plugins/com.st.stm32cube.ide.mcu.externaltools.gnu-tools-for-stm32.7-2018-q2-update.win32_1.4.0.202007081208/tools/bin/../lib/gcc/arm-none-eabi/7.3.1/thumb/v7e-m/fpv4-sp/hard/crtbegin.o
 *(.bss*)
 .bss.payload_size
                0x000000002000008c        0x1 Src/KK_NRF24.o
 .bss.dynamic_payloads_enabled
                0x000000002000008d        0x1 Src/KK_NRF24.o
 .bss.ack_payload_length
                0x000000002000008e        0x1 Src/KK_NRF24.o
 .bss.ack_payload_available
                0x000000002000008f        0x1 Src/KK_NRF24.o
 .bss.nrf24_PORT
                0x0000000020000090        0x4 Src/KK_NRF24.o
 .bss.nrf24_CSN_PIN
                0x0000000020000094        0x2 Src/KK_NRF24.o
 .bss.nrf24_CE_PIN
                0x0000000020000096        0x2 Src/KK_NRF24.o
 .bss.nrf24_hspi
                0x0000000020000098       0x58 Src/KK_NRF24.o
 .bss.nrf24_huart
                0x00000000200000f0       0x40 Src/KK_NRF24.o
 .bss.heap_end.6424
                0x0000000020000130        0x4 Src/sysmem.o
 .bss.__malloc_free_list
                0x0000000020000134        0x4 d:/stm32cubeide_1.4.0/stm32cubeide/plugins/com.st.stm32cube.ide.mcu.externaltools.gnu-tools-for-stm32.7-2018-q2-update.win32_1.4.0.202007081208/tools/bin/../lib/gcc/arm-none-eabi/7.3.1/../../../../arm-none-eabi/lib/thumb/v7e-m/fpv4-sp/hard\libc_nano.a(lib_a-nano-mallocr.o)
                0x0000000020000134                __malloc_free_list
 .bss.__malloc_sbrk_start
                0x0000000020000138        0x4 d:/stm32cubeide_1.4.0/stm32cubeide/plugins/com.st.stm32cube.ide.mcu.externaltools.gnu-tools-for-stm32.7-2018-q2-update.win32_1.4.0.202007081208/tools/bin/../lib/gcc/arm-none-eabi/7.3.1/../../../../arm-none-eabi/lib/thumb/v7e-m/fpv4-sp/hard\libc_nano.a(lib_a-nano-mallocr.o)
                0x0000000020000138                __malloc_sbrk_start
 *(COMMON)
 COMMON         0x000000002000013c        0x4 Drivers/STM32F4xx_HAL_Driver/Src/stm32f4xx_hal.o
                0x000000002000013c                uwTick
 COMMON         0x0000000020000140       0xa8 Src/adc.o
                0x0000000020000140                hadc1
                0x0000000020000188                hdma_adc1
 COMMON         0x00000000200001e8       0x26 Src/main.o
                0x00000000200001e8                Joystick
                0x00000000200001ec                my_tx_data
 *fill*         0x000000002000020e        0x2 
 COMMON         0x0000000020000210       0x58 Src/spi.o
                0x0000000020000210                hspi2
 COMMON         0x0000000020000268       0x40 Src/usart.o
                0x0000000020000268                huart2
 COMMON         0x00000000200002a8        0x4 d:/stm32cubeide_1.4.0/stm32cubeide/plugins/com.st.stm32cube.ide.mcu.externaltools.gnu-tools-for-stm32.7-2018-q2-update.win32_1.4.0.202007081208/tools/bin/../lib/gcc/arm-none-eabi/7.3.1/../../../../arm-none-eabi/lib/thumb/v7e-m/fpv4-sp/hard\libc_nano.a(lib_a-reent.o)
                0x00000000200002a8                errno
                0x00000000200002ac                . = ALIGN (0x4)
                0x00000000200002ac                _ebss = .
                0x00000000200002ac                __bss_end__ = _ebss

._user_heap_stack
                0x00000000200002ac      0x604 load address 0x0000000008006074
                0x00000000200002b0                . = ALIGN (0x8)
 *fill*         0x00000000200002ac        0x4 
                0x00000000200002b0                PROVIDE (end = .)
                [!provide]                        PROVIDE (_end = .)
                0x00000000200004b0                . = (. + _Min_Heap_Size)
 *fill*         0x00000000200002b0      0x200 
                0x00000000200008b0                . = (. + _Min_Stack_Size)
 *fill*         0x00000000200004b0      0x400 
                0x00000000200008b0                . = ALIGN (0x8)

/DISCARD/
 libc.a(*)
 libm.a(*)
 libgcc.a(*)

.ARM.attributes
                0x0000000000000000       0x30
 *(.ARM.attributes)
 .ARM.attributes
                0x0000000000000000       0x22 d:/stm32cubeide_1.4.0/stm32cubeide/plugins/com.st.stm32cube.ide.mcu.externaltools.gnu-tools-for-stm32.7-2018-q2-update.win32_1.4.0.202007081208/tools/bin/../lib/gcc/arm-none-eabi/7.3.1/thumb/v7e-m/fpv4-sp/hard/crti.o
 .ARM.attributes
                0x0000000000000022       0x34 d:/stm32cubeide_1.4.0/stm32cubeide/plugins/com.st.stm32cube.ide.mcu.externaltools.gnu-tools-for-stm32.7-2018-q2-update.win32_1.4.0.202007081208/tools/bin/../lib/gcc/arm-none-eabi/7.3.1/thumb/v7e-m/fpv4-sp/hard/crtbegin.o
 .ARM.attributes
                0x0000000000000056       0x39 Drivers/STM32F4xx_HAL_Driver/Src/stm32f4xx_hal.o
 .ARM.attributes
                0x000000000000008f       0x39 Drivers/STM32F4xx_HAL_Driver/Src/stm32f4xx_hal_adc.o
 .ARM.attributes
                0x00000000000000c8       0x39 Drivers/STM32F4xx_HAL_Driver/Src/stm32f4xx_hal_cortex.o
 .ARM.attributes
                0x0000000000000101       0x39 Drivers/STM32F4xx_HAL_Driver/Src/stm32f4xx_hal_dma.o
 .ARM.attributes
                0x000000000000013a       0x39 Drivers/STM32F4xx_HAL_Driver/Src/stm32f4xx_hal_gpio.o
 .ARM.attributes
                0x0000000000000173       0x39 Drivers/STM32F4xx_HAL_Driver/Src/stm32f4xx_hal_rcc.o
 .ARM.attributes
                0x00000000000001ac       0x39 Drivers/STM32F4xx_HAL_Driver/Src/stm32f4xx_hal_rcc_ex.o
 .ARM.attributes
                0x00000000000001e5       0x39 Drivers/STM32F4xx_HAL_Driver/Src/stm32f4xx_hal_spi.o
 .ARM.attributes
                0x000000000000021e       0x39 Drivers/STM32F4xx_HAL_Driver/Src/stm32f4xx_hal_uart.o
 .ARM.attributes
                0x0000000000000257       0x39 Src/KK_NRF24.o
 .ARM.attributes
                0x0000000000000290       0x39 Src/adc.o
 .ARM.attributes
                0x00000000000002c9       0x39 Src/dma.o
 .ARM.attributes
                0x0000000000000302       0x39 Src/gpio.o
 .ARM.attributes
                0x000000000000033b       0x39 Src/main.o
 .ARM.attributes
                0x0000000000000374       0x39 Src/spi.o
 .ARM.attributes
                0x00000000000003ad       0x39 Src/stm32f4xx_hal_msp.o
 .ARM.attributes
                0x00000000000003e6       0x39 Src/stm32f4xx_it.o
 .ARM.attributes
                0x000000000000041f       0x39 Src/sysmem.o
 .ARM.attributes
                0x0000000000000458       0x39 Src/system_stm32f4xx.o
 .ARM.attributes
                0x0000000000000491       0x39 Src/usart.o
 .ARM.attributes
                0x00000000000004ca       0x21 Startup/startup_stm32f446retx.o
 .ARM.attributes
                0x00000000000004eb       0x34 d:/stm32cubeide_1.4.0/stm32cubeide/plugins/com.st.stm32cube.ide.mcu.externaltools.gnu-tools-for-stm32.7-2018-q2-update.win32_1.4.0.202007081208/tools/bin/../lib/gcc/arm-none-eabi/7.3.1/../../../../arm-none-eabi/lib/thumb/v7e-m/fpv4-sp/hard\libc_nano.a(lib_a-errno.o)
 .ARM.attributes
                0x000000000000051f       0x34 d:/stm32cubeide_1.4.0/stm32cubeide/plugins/com.st.stm32cube.ide.mcu.externaltools.gnu-tools-for-stm32.7-2018-q2-update.win32_1.4.0.202007081208/tools/bin/../lib/gcc/arm-none-eabi/7.3.1/../../../../arm-none-eabi/lib/thumb/v7e-m/fpv4-sp/hard\libc_nano.a(lib_a-impure.o)
 .ARM.attributes
                0x0000000000000553       0x34 d:/stm32cubeide_1.4.0/stm32cubeide/plugins/com.st.stm32cube.ide.mcu.externaltools.gnu-tools-for-stm32.7-2018-q2-update.win32_1.4.0.202007081208/tools/bin/../lib/gcc/arm-none-eabi/7.3.1/../../../../arm-none-eabi/lib/thumb/v7e-m/fpv4-sp/hard\libc_nano.a(lib_a-init.o)
 .ARM.attributes
                0x0000000000000587       0x34 d:/stm32cubeide_1.4.0/stm32cubeide/plugins/com.st.stm32cube.ide.mcu.externaltools.gnu-tools-for-stm32.7-2018-q2-update.win32_1.4.0.202007081208/tools/bin/../lib/gcc/arm-none-eabi/7.3.1/../../../../arm-none-eabi/lib/thumb/v7e-m/fpv4-sp/hard\libc_nano.a(lib_a-memcpy-stub.o)
 .ARM.attributes
                0x00000000000005bb       0x34 d:/stm32cubeide_1.4.0/stm32cubeide/plugins/com.st.stm32cube.ide.mcu.externaltools.gnu-tools-for-stm32.7-2018-q2-update.win32_1.4.0.202007081208/tools/bin/../lib/gcc/arm-none-eabi/7.3.1/../../../../arm-none-eabi/lib/thumb/v7e-m/fpv4-sp/hard\libc_nano.a(lib_a-memset.o)
 .ARM.attributes
                0x00000000000005ef       0x34 d:/stm32cubeide_1.4.0/stm32cubeide/plugins/com.st.stm32cube.ide.mcu.externaltools.gnu-tools-for-stm32.7-2018-q2-update.win32_1.4.0.202007081208/tools/bin/../lib/gcc/arm-none-eabi/7.3.1/../../../../arm-none-eabi/lib/thumb/v7e-m/fpv4-sp/hard\libc_nano.a(lib_a-sprintf.o)
 .ARM.attributes
                0x0000000000000623       0x1b d:/stm32cubeide_1.4.0/stm32cubeide/plugins/com.st.stm32cube.ide.mcu.externaltools.gnu-tools-for-stm32.7-2018-q2-update.win32_1.4.0.202007081208/tools/bin/../lib/gcc/arm-none-eabi/7.3.1/../../../../arm-none-eabi/lib/thumb/v7e-m/fpv4-sp/hard\libc_nano.a(lib_a-strlen.o)
 .ARM.attributes
                0x000000000000063e       0x34 d:/stm32cubeide_1.4.0/stm32cubeide/plugins/com.st.stm32cube.ide.mcu.externaltools.gnu-tools-for-stm32.7-2018-q2-update.win32_1.4.0.202007081208/tools/bin/../lib/gcc/arm-none-eabi/7.3.1/../../../../arm-none-eabi/lib/thumb/v7e-m/fpv4-sp/hard\libc_nano.a(lib_a-nano-svfprintf.o)
 .ARM.attributes
                0x0000000000000672       0x34 d:/stm32cubeide_1.4.0/stm32cubeide/plugins/com.st.stm32cube.ide.mcu.externaltools.gnu-tools-for-stm32.7-2018-q2-update.win32_1.4.0.202007081208/tools/bin/../lib/gcc/arm-none-eabi/7.3.1/../../../../arm-none-eabi/lib/thumb/v7e-m/fpv4-sp/hard\libc_nano.a(lib_a-nano-vfprintf_i.o)
 .ARM.attributes
                0x00000000000006a6       0x20 d:/stm32cubeide_1.4.0/stm32cubeide/plugins/com.st.stm32cube.ide.mcu.externaltools.gnu-tools-for-stm32.7-2018-q2-update.win32_1.4.0.202007081208/tools/bin/../lib/gcc/arm-none-eabi/7.3.1/../../../../arm-none-eabi/lib/thumb/v7e-m/fpv4-sp/hard\libc_nano.a(lib_a-memchr.o)
 .ARM.attributes
                0x00000000000006c6       0x34 d:/stm32cubeide_1.4.0/stm32cubeide/plugins/com.st.stm32cube.ide.mcu.externaltools.gnu-tools-for-stm32.7-2018-q2-update.win32_1.4.0.202007081208/tools/bin/../lib/gcc/arm-none-eabi/7.3.1/../../../../arm-none-eabi/lib/thumb/v7e-m/fpv4-sp/hard\libc_nano.a(lib_a-memmove.o)
 .ARM.attributes
                0x00000000000006fa       0x34 d:/stm32cubeide_1.4.0/stm32cubeide/plugins/com.st.stm32cube.ide.mcu.externaltools.gnu-tools-for-stm32.7-2018-q2-update.win32_1.4.0.202007081208/tools/bin/../lib/gcc/arm-none-eabi/7.3.1/../../../../arm-none-eabi/lib/thumb/v7e-m/fpv4-sp/hard\libc_nano.a(lib_a-nano-freer.o)
 .ARM.attributes
                0x000000000000072e       0x34 d:/stm32cubeide_1.4.0/stm32cubeide/plugins/com.st.stm32cube.ide.mcu.externaltools.gnu-tools-for-stm32.7-2018-q2-update.win32_1.4.0.202007081208/tools/bin/../lib/gcc/arm-none-eabi/7.3.1/../../../../arm-none-eabi/lib/thumb/v7e-m/fpv4-sp/hard\libc_nano.a(lib_a-nano-mallocr.o)
 .ARM.attributes
                0x0000000000000762       0x34 d:/stm32cubeide_1.4.0/stm32cubeide/plugins/com.st.stm32cube.ide.mcu.externaltools.gnu-tools-for-stm32.7-2018-q2-update.win32_1.4.0.202007081208/tools/bin/../lib/gcc/arm-none-eabi/7.3.1/../../../../arm-none-eabi/lib/thumb/v7e-m/fpv4-sp/hard\libc_nano.a(lib_a-nano-reallocr.o)
 .ARM.attributes
                0x0000000000000796       0x34 d:/stm32cubeide_1.4.0/stm32cubeide/plugins/com.st.stm32cube.ide.mcu.externaltools.gnu-tools-for-stm32.7-2018-q2-update.win32_1.4.0.202007081208/tools/bin/../lib/gcc/arm-none-eabi/7.3.1/../../../../arm-none-eabi/lib/thumb/v7e-m/fpv4-sp/hard\libc_nano.a(lib_a-sbrkr.o)
 .ARM.attributes
                0x00000000000007ca       0x34 d:/stm32cubeide_1.4.0/stm32cubeide/plugins/com.st.stm32cube.ide.mcu.externaltools.gnu-tools-for-stm32.7-2018-q2-update.win32_1.4.0.202007081208/tools/bin/../lib/gcc/arm-none-eabi/7.3.1/../../../../arm-none-eabi/lib/thumb/v7e-m/fpv4-sp/hard\libc_nano.a(lib_a-mlock.o)
 .ARM.attributes
                0x00000000000007fe       0x34 d:/stm32cubeide_1.4.0/stm32cubeide/plugins/com.st.stm32cube.ide.mcu.externaltools.gnu-tools-for-stm32.7-2018-q2-update.win32_1.4.0.202007081208/tools/bin/../lib/gcc/arm-none-eabi/7.3.1/../../../../arm-none-eabi/lib/thumb/v7e-m/fpv4-sp/hard\libc_nano.a(lib_a-nano-msizer.o)
 .ARM.attributes
                0x0000000000000832       0x34 d:/stm32cubeide_1.4.0/stm32cubeide/plugins/com.st.stm32cube.ide.mcu.externaltools.gnu-tools-for-stm32.7-2018-q2-update.win32_1.4.0.202007081208/tools/bin/../lib/gcc/arm-none-eabi/7.3.1/../../../../arm-none-eabi/lib/thumb/v7e-m/fpv4-sp/hard\libc_nano.a(lib_a-reent.o)
 .ARM.attributes
                0x0000000000000866       0x22 d:/stm32cubeide_1.4.0/stm32cubeide/plugins/com.st.stm32cube.ide.mcu.externaltools.gnu-tools-for-stm32.7-2018-q2-update.win32_1.4.0.202007081208/tools/bin/../lib/gcc/arm-none-eabi/7.3.1/thumb/v7e-m/fpv4-sp/hard\libgcc.a(_aeabi_uldivmod.o)
 .ARM.attributes
                0x0000000000000888       0x34 d:/stm32cubeide_1.4.0/stm32cubeide/plugins/com.st.stm32cube.ide.mcu.externaltools.gnu-tools-for-stm32.7-2018-q2-update.win32_1.4.0.202007081208/tools/bin/../lib/gcc/arm-none-eabi/7.3.1/thumb/v7e-m/fpv4-sp/hard\libgcc.a(_udivmoddi4.o)
 .ARM.attributes
                0x00000000000008bc       0x22 d:/stm32cubeide_1.4.0/stm32cubeide/plugins/com.st.stm32cube.ide.mcu.externaltools.gnu-tools-for-stm32.7-2018-q2-update.win32_1.4.0.202007081208/tools/bin/../lib/gcc/arm-none-eabi/7.3.1/thumb/v7e-m/fpv4-sp/hard\libgcc.a(_dvmd_tls.o)
 .ARM.attributes
                0x00000000000008de       0x22 d:/stm32cubeide_1.4.0/stm32cubeide/plugins/com.st.stm32cube.ide.mcu.externaltools.gnu-tools-for-stm32.7-2018-q2-update.win32_1.4.0.202007081208/tools/bin/../lib/gcc/arm-none-eabi/7.3.1/thumb/v7e-m/fpv4-sp/hard/crtn.o
OUTPUT(Boat_TX.elf elf32-littlearm)

.debug_info     0x0000000000000000     0xe214
 .debug_info    0x0000000000000000      0x997 Drivers/STM32F4xx_HAL_Driver/Src/stm32f4xx_hal.o
 .debug_info    0x0000000000000997      0xcee Drivers/STM32F4xx_HAL_Driver/Src/stm32f4xx_hal_adc.o
 .debug_info    0x0000000000001685      0xe46 Drivers/STM32F4xx_HAL_Driver/Src/stm32f4xx_hal_cortex.o
 .debug_info    0x00000000000024cb      0x968 Drivers/STM32F4xx_HAL_Driver/Src/stm32f4xx_hal_dma.o
 .debug_info    0x0000000000002e33      0x803 Drivers/STM32F4xx_HAL_Driver/Src/stm32f4xx_hal_gpio.o
 .debug_info    0x0000000000003636      0x944 Drivers/STM32F4xx_HAL_Driver/Src/stm32f4xx_hal_rcc.o
 .debug_info    0x0000000000003f7a      0x9d5 Drivers/STM32F4xx_HAL_Driver/Src/stm32f4xx_hal_rcc_ex.o
 .debug_info    0x000000000000494f     0x163a Drivers/STM32F4xx_HAL_Driver/Src/stm32f4xx_hal_spi.o
 .debug_info    0x0000000000005f89     0x124c Drivers/STM32F4xx_HAL_Driver/Src/stm32f4xx_hal_uart.o
 .debug_info    0x00000000000071d5     0x1927 Src/KK_NRF24.o
 .debug_info    0x0000000000008afc      0xa25 Src/adc.o
 .debug_info    0x0000000000009521      0x5bc Src/dma.o
 .debug_info    0x0000000000009add      0x4fc Src/gpio.o
 .debug_info    0x0000000000009fd9     0x17e7 Src/main.o
 .debug_info    0x000000000000b7c0      0xa07 Src/spi.o
 .debug_info    0x000000000000c1c7      0x396 Src/stm32f4xx_hal_msp.o
 .debug_info    0x000000000000c55d      0x473 Src/stm32f4xx_it.o
 .debug_info    0x000000000000c9d0      0x91c Src/sysmem.o
 .debug_info    0x000000000000d2ec      0x588 Src/system_stm32f4xx.o
 .debug_info    0x000000000000d874      0x97e Src/usart.o
 .debug_info    0x000000000000e1f2       0x22 Startup/startup_stm32f446retx.o

.debug_abbrev   0x0000000000000000     0x24ba
 .debug_abbrev  0x0000000000000000      0x1c7 Drivers/STM32F4xx_HAL_Driver/Src/stm32f4xx_hal.o
 .debug_abbrev  0x00000000000001c7      0x205 Drivers/STM32F4xx_HAL_Driver/Src/stm32f4xx_hal_adc.o
 .debug_abbrev  0x00000000000003cc      0x2fa Drivers/STM32F4xx_HAL_Driver/Src/stm32f4xx_hal_cortex.o
 .debug_abbrev  0x00000000000006c6      0x229 Drivers/STM32F4xx_HAL_Driver/Src/stm32f4xx_hal_dma.o
 .debug_abbrev  0x00000000000008ef      0x1c9 Drivers/STM32F4xx_HAL_Driver/Src/stm32f4xx_hal_gpio.o
 .debug_abbrev  0x0000000000000ab8      0x245 Drivers/STM32F4xx_HAL_Driver/Src/stm32f4xx_hal_rcc.o
 .debug_abbrev  0x0000000000000cfd      0x1bc Drivers/STM32F4xx_HAL_Driver/Src/stm32f4xx_hal_rcc_ex.o
 .debug_abbrev  0x0000000000000eb9      0x240 Drivers/STM32F4xx_HAL_Driver/Src/stm32f4xx_hal_spi.o
 .debug_abbrev  0x00000000000010f9      0x242 Drivers/STM32F4xx_HAL_Driver/Src/stm32f4xx_hal_uart.o
 .debug_abbrev  0x000000000000133b      0x305 Src/KK_NRF24.o
 .debug_abbrev  0x0000000000001640      0x1aa Src/adc.o
 .debug_abbrev  0x00000000000017ea      0x107 Src/dma.o
 .debug_abbrev  0x00000000000018f1      0x134 Src/gpio.o
 .debug_abbrev  0x0000000000001a25      0x219 Src/main.o
 .debug_abbrev  0x0000000000001c3e      0x199 Src/spi.o
 .debug_abbrev  0x0000000000001dd7      0x109 Src/stm32f4xx_hal_msp.o
 .debug_abbrev  0x0000000000001ee0      0x149 Src/stm32f4xx_it.o
 .debug_abbrev  0x0000000000002029      0x1bb Src/sysmem.o
 .debug_abbrev  0x00000000000021e4      0x12b Src/system_stm32f4xx.o
 .debug_abbrev  0x000000000000230f      0x199 Src/usart.o
 .debug_abbrev  0x00000000000024a8       0x12 Startup/startup_stm32f446retx.o

.debug_aranges  0x0000000000000000      0xb98
 .debug_aranges
                0x0000000000000000       0xf0 Drivers/STM32F4xx_HAL_Driver/Src/stm32f4xx_hal.o
 .debug_aranges
                0x00000000000000f0       0xe8 Drivers/STM32F4xx_HAL_Driver/Src/stm32f4xx_hal_adc.o
 .debug_aranges
                0x00000000000001d8      0x118 Drivers/STM32F4xx_HAL_Driver/Src/stm32f4xx_hal_cortex.o
 .debug_aranges
                0x00000000000002f0       0x90 Drivers/STM32F4xx_HAL_Driver/Src/stm32f4xx_hal_dma.o
 .debug_aranges
                0x0000000000000380       0x58 Drivers/STM32F4xx_HAL_Driver/Src/stm32f4xx_hal_gpio.o
 .debug_aranges
                0x00000000000003d8       0x88 Drivers/STM32F4xx_HAL_Driver/Src/stm32f4xx_hal_rcc.o
 .debug_aranges
                0x0000000000000460       0x78 Drivers/STM32F4xx_HAL_Driver/Src/stm32f4xx_hal_rcc_ex.o
 .debug_aranges
                0x00000000000004d8      0x1d0 Drivers/STM32F4xx_HAL_Driver/Src/stm32f4xx_hal_spi.o
 .debug_aranges
                0x00000000000006a8      0x1d0 Drivers/STM32F4xx_HAL_Driver/Src/stm32f4xx_hal_uart.o
 .debug_aranges
                0x0000000000000878      0x128 Src/KK_NRF24.o
 .debug_aranges
                0x00000000000009a0       0x30 Src/adc.o
 .debug_aranges
                0x00000000000009d0       0x20 Src/dma.o
 .debug_aranges
                0x00000000000009f0       0x20 Src/gpio.o
 .debug_aranges
                0x0000000000000a10       0x30 Src/main.o
 .debug_aranges
                0x0000000000000a40       0x30 Src/spi.o
 .debug_aranges
                0x0000000000000a70       0x20 Src/stm32f4xx_hal_msp.o
 .debug_aranges
                0x0000000000000a90       0x68 Src/stm32f4xx_it.o
 .debug_aranges
                0x0000000000000af8       0x20 Src/sysmem.o
 .debug_aranges
                0x0000000000000b18       0x28 Src/system_stm32f4xx.o
 .debug_aranges
                0x0000000000000b40       0x30 Src/usart.o
 .debug_aranges
                0x0000000000000b70       0x28 Startup/startup_stm32f446retx.o

.debug_ranges   0x0000000000000000      0xa50
 .debug_ranges  0x0000000000000000       0xe0 Drivers/STM32F4xx_HAL_Driver/Src/stm32f4xx_hal.o
 .debug_ranges  0x00000000000000e0       0xd8 Drivers/STM32F4xx_HAL_Driver/Src/stm32f4xx_hal_adc.o
 .debug_ranges  0x00000000000001b8      0x108 Drivers/STM32F4xx_HAL_Driver/Src/stm32f4xx_hal_cortex.o
 .debug_ranges  0x00000000000002c0       0x80 Drivers/STM32F4xx_HAL_Driver/Src/stm32f4xx_hal_dma.o
 .debug_ranges  0x0000000000000340       0x48 Drivers/STM32F4xx_HAL_Driver/Src/stm32f4xx_hal_gpio.o
 .debug_ranges  0x0000000000000388       0x78 Drivers/STM32F4xx_HAL_Driver/Src/stm32f4xx_hal_rcc.o
 .debug_ranges  0x0000000000000400       0x68 Drivers/STM32F4xx_HAL_Driver/Src/stm32f4xx_hal_rcc_ex.o
 .debug_ranges  0x0000000000000468      0x1c0 Drivers/STM32F4xx_HAL_Driver/Src/stm32f4xx_hal_spi.o
 .debug_ranges  0x0000000000000628      0x1c0 Drivers/STM32F4xx_HAL_Driver/Src/stm32f4xx_hal_uart.o
 .debug_ranges  0x00000000000007e8      0x118 Src/KK_NRF24.o
 .debug_ranges  0x0000000000000900       0x20 Src/adc.o
 .debug_ranges  0x0000000000000920       0x10 Src/dma.o
 .debug_ranges  0x0000000000000930       0x10 Src/gpio.o
 .debug_ranges  0x0000000000000940       0x20 Src/main.o
 .debug_ranges  0x0000000000000960       0x20 Src/spi.o
 .debug_ranges  0x0000000000000980       0x10 Src/stm32f4xx_hal_msp.o
 .debug_ranges  0x0000000000000990       0x58 Src/stm32f4xx_it.o
 .debug_ranges  0x00000000000009e8       0x10 Src/sysmem.o
 .debug_ranges  0x00000000000009f8       0x18 Src/system_stm32f4xx.o
 .debug_ranges  0x0000000000000a10       0x20 Src/usart.o
 .debug_ranges  0x0000000000000a30       0x20 Startup/startup_stm32f446retx.o

.debug_macro    0x0000000000000000    0x229ee
 .debug_macro   0x0000000000000000      0x23d Drivers/STM32F4xx_HAL_Driver/Src/stm32f4xx_hal.o
 .debug_macro   0x000000000000023d      0xa5a Drivers/STM32F4xx_HAL_Driver/Src/stm32f4xx_hal.o
 .debug_macro   0x0000000000000c97      0x190 Drivers/STM32F4xx_HAL_Driver/Src/stm32f4xx_hal.o
 .debug_macro   0x0000000000000e27       0x2e Drivers/STM32F4xx_HAL_Driver/Src/stm32f4xx_hal.o
 .debug_macro   0x0000000000000e55       0x28 Drivers/STM32F4xx_HAL_Driver/Src/stm32f4xx_hal.o
 .debug_macro   0x0000000000000e7d       0x22 Drivers/STM32F4xx_HAL_Driver/Src/stm32f4xx_hal.o
 .debug_macro   0x0000000000000e9f       0x8e Drivers/STM32F4xx_HAL_Driver/Src/stm32f4xx_hal.o
 .debug_macro   0x0000000000000f2d       0x51 Drivers/STM32F4xx_HAL_Driver/Src/stm32f4xx_hal.o
 .debug_macro   0x0000000000000f7e       0xef Drivers/STM32F4xx_HAL_Driver/Src/stm32f4xx_hal.o
 .debug_macro   0x000000000000106d       0x6a Drivers/STM32F4xx_HAL_Driver/Src/stm32f4xx_hal.o
 .debug_macro   0x00000000000010d7      0x1df Drivers/STM32F4xx_HAL_Driver/Src/stm32f4xx_hal.o
 .debug_macro   0x00000000000012b6       0x1c Drivers/STM32F4xx_HAL_Driver/Src/stm32f4xx_hal.o
 .debug_macro   0x00000000000012d2       0x22 Drivers/STM32F4xx_HAL_Driver/Src/stm32f4xx_hal.o
 .debug_macro   0x00000000000012f4       0xdf Drivers/STM32F4xx_HAL_Driver/Src/stm32f4xx_hal.o
 .debug_macro   0x00000000000013d3     0x102d Drivers/STM32F4xx_HAL_Driver/Src/stm32f4xx_hal.o
 .debug_macro   0x0000000000002400      0x11f Drivers/STM32F4xx_HAL_Driver/Src/stm32f4xx_hal.o
 .debug_macro   0x000000000000251f    0x1672d Drivers/STM32F4xx_HAL_Driver/Src/stm32f4xx_hal.o
 .debug_macro   0x0000000000018c4c       0x43 Drivers/STM32F4xx_HAL_Driver/Src/stm32f4xx_hal.o
 .debug_macro   0x0000000000018c8f     0x3659 Drivers/STM32F4xx_HAL_Driver/Src/stm32f4xx_hal.o
 .debug_macro   0x000000000001c2e8      0x174 Drivers/STM32F4xx_HAL_Driver/Src/stm32f4xx_hal.o
 .debug_macro   0x000000000001c45c       0x5a Drivers/STM32F4xx_HAL_Driver/Src/stm32f4xx_hal.o
 .debug_macro   0x000000000001c4b6      0xc90 Drivers/STM32F4xx_HAL_Driver/Src/stm32f4xx_hal.o
 .debug_macro   0x000000000001d146      0x9fe Drivers/STM32F4xx_HAL_Driver/Src/stm32f4xx_hal.o
 .debug_macro   0x000000000001db44      0x16d Drivers/STM32F4xx_HAL_Driver/Src/stm32f4xx_hal.o
 .debug_macro   0x000000000001dcb1      0x117 Drivers/STM32F4xx_HAL_Driver/Src/stm32f4xx_hal.o
 .debug_macro   0x000000000001ddc8      0x1a0 Drivers/STM32F4xx_HAL_Driver/Src/stm32f4xx_hal.o
 .debug_macro   0x000000000001df68       0x27 Drivers/STM32F4xx_HAL_Driver/Src/stm32f4xx_hal.o
 .debug_macro   0x000000000001df8f      0x287 Drivers/STM32F4xx_HAL_Driver/Src/stm32f4xx_hal.o
 .debug_macro   0x000000000001e216       0x5f Drivers/STM32F4xx_HAL_Driver/Src/stm32f4xx_hal.o
 .debug_macro   0x000000000001e275      0x236 Drivers/STM32F4xx_HAL_Driver/Src/stm32f4xx_hal.o
 .debug_macro   0x000000000001e4ab      0x391 Drivers/STM32F4xx_HAL_Driver/Src/stm32f4xx_hal.o
 .debug_macro   0x000000000001e83c      0x17d Drivers/STM32F4xx_HAL_Driver/Src/stm32f4xx_hal.o
 .debug_macro   0x000000000001e9b9       0xf9 Drivers/STM32F4xx_HAL_Driver/Src/stm32f4xx_hal.o
 .debug_macro   0x000000000001eab2      0x132 Drivers/STM32F4xx_HAL_Driver/Src/stm32f4xx_hal.o
 .debug_macro   0x000000000001ebe4      0x29c Drivers/STM32F4xx_HAL_Driver/Src/stm32f4xx_hal.o
 .debug_macro   0x000000000001ee80       0x2e Drivers/STM32F4xx_HAL_Driver/Src/stm32f4xx_hal.o
 .debug_macro   0x000000000001eeae      0x11a Drivers/STM32F4xx_HAL_Driver/Src/stm32f4xx_hal.o
 .debug_macro   0x000000000001efc8       0xe8 Drivers/STM32F4xx_HAL_Driver/Src/stm32f4xx_hal.o
 .debug_macro   0x000000000001f0b0       0x89 Drivers/STM32F4xx_HAL_Driver/Src/stm32f4xx_hal.o
 .debug_macro   0x000000000001f139      0x225 Drivers/STM32F4xx_HAL_Driver/Src/stm32f4xx_hal.o
 .debug_macro   0x000000000001f35e      0x287 Drivers/STM32F4xx_HAL_Driver/Src/stm32f4xx_hal.o
 .debug_macro   0x000000000001f5e5      0x126 Drivers/STM32F4xx_HAL_Driver/Src/stm32f4xx_hal.o
 .debug_macro   0x000000000001f70b      0x1de Drivers/STM32F4xx_HAL_Driver/Src/stm32f4xx_hal_adc.o
 .debug_macro   0x000000000001f8e9      0x1dd Drivers/STM32F4xx_HAL_Driver/Src/stm32f4xx_hal_cortex.o
 .debug_macro   0x000000000001fac6      0x1e3 Drivers/STM32F4xx_HAL_Driver/Src/stm32f4xx_hal_dma.o
 .debug_macro   0x000000000001fca9      0x213 Drivers/STM32F4xx_HAL_Driver/Src/stm32f4xx_hal_gpio.o
 .debug_macro   0x000000000001febc      0x201 Drivers/STM32F4xx_HAL_Driver/Src/stm32f4xx_hal_rcc.o
 .debug_macro   0x00000000000200bd      0x1dd Drivers/STM32F4xx_HAL_Driver/Src/stm32f4xx_hal_rcc_ex.o
 .debug_macro   0x000000000002029a      0x1ec Drivers/STM32F4xx_HAL_Driver/Src/stm32f4xx_hal_spi.o
 .debug_macro   0x0000000000020486      0x1de Drivers/STM32F4xx_HAL_Driver/Src/stm32f4xx_hal_uart.o
 .debug_macro   0x0000000000020664      0x2eb Src/KK_NRF24.o
 .debug_macro   0x000000000002094f      0x250 Src/KK_NRF24.o
 .debug_macro   0x0000000000020b9f       0x18 Src/KK_NRF24.o
 .debug_macro   0x0000000000020bb7       0x46 Src/KK_NRF24.o
 .debug_macro   0x0000000000020bfd       0x3c Src/KK_NRF24.o
 .debug_macro   0x0000000000020c39       0x34 Src/KK_NRF24.o
 .debug_macro   0x0000000000020c6d       0x16 Src/KK_NRF24.o
 .debug_macro   0x0000000000020c83       0x35 Src/KK_NRF24.o
 .debug_macro   0x0000000000020cb8       0x52 Src/KK_NRF24.o
 .debug_macro   0x0000000000020d0a       0x1f Src/KK_NRF24.o
 .debug_macro   0x0000000000020d29       0x43 Src/KK_NRF24.o
 .debug_macro   0x0000000000020d6c       0x20 Src/KK_NRF24.o
 .debug_macro   0x0000000000020d8c      0x1a3 Src/KK_NRF24.o
 .debug_macro   0x0000000000020f2f      0x32a Src/KK_NRF24.o
 .debug_macro   0x0000000000021259       0x16 Src/KK_NRF24.o
 .debug_macro   0x000000000002126f       0x29 Src/KK_NRF24.o
 .debug_macro   0x0000000000021298       0x16 Src/KK_NRF24.o
 .debug_macro   0x00000000000212ae       0x20 Src/KK_NRF24.o
 .debug_macro   0x00000000000212ce      0x1f6 Src/adc.o
 .debug_macro   0x00000000000214c4       0x70 Src/adc.o
 .debug_macro   0x0000000000021534      0x1f6 Src/dma.o
 .debug_macro   0x000000000002172a      0x1f6 Src/gpio.o
 .debug_macro   0x0000000000021920      0x31e Src/main.o
 .debug_macro   0x0000000000021c3e      0x1f6 Src/spi.o
 .debug_macro   0x0000000000021e34      0x1ec Src/stm32f4xx_hal_msp.o
 .debug_macro   0x0000000000022020      0x1f6 Src/stm32f4xx_it.o
 .debug_macro   0x0000000000022216      0x1ae Src/sysmem.o
 .debug_macro   0x00000000000223c4      0x23b Src/sysmem.o
 .debug_macro   0x00000000000225ff       0x16 Src/sysmem.o
 .debug_macro   0x0000000000022615      0x1e3 Src/system_stm32f4xx.o
 .debug_macro   0x00000000000227f8      0x1f6 Src/usart.o

.debug_line     0x0000000000000000     0xb6cb
 .debug_line    0x0000000000000000      0x8cc Drivers/STM32F4xx_HAL_Driver/Src/stm32f4xx_hal.o
 .debug_line    0x00000000000008cc      0xb33 Drivers/STM32F4xx_HAL_Driver/Src/stm32f4xx_hal_adc.o
 .debug_line    0x00000000000013ff      0x9f0 Drivers/STM32F4xx_HAL_Driver/Src/stm32f4xx_hal_cortex.o
 .debug_line    0x0000000000001def      0x99a Drivers/STM32F4xx_HAL_Driver/Src/stm32f4xx_hal_dma.o
 .debug_line    0x0000000000002789      0x897 Drivers/STM32F4xx_HAL_Driver/Src/stm32f4xx_hal_gpio.o
 .debug_line    0x0000000000003020      0x924 Drivers/STM32F4xx_HAL_Driver/Src/stm32f4xx_hal_rcc.o
 .debug_line    0x0000000000003944      0xab5 Drivers/STM32F4xx_HAL_Driver/Src/stm32f4xx_hal_rcc_ex.o
 .debug_line    0x00000000000043f9     0x1088 Drivers/STM32F4xx_HAL_Driver/Src/stm32f4xx_hal_spi.o
 .debug_line    0x0000000000005481      0xfda Drivers/STM32F4xx_HAL_Driver/Src/stm32f4xx_hal_uart.o
 .debug_line    0x000000000000645b      0xc32 Src/KK_NRF24.o
 .debug_line    0x000000000000708d      0x70d Src/adc.o
 .debug_line    0x000000000000779a      0x6bd Src/dma.o
 .debug_line    0x0000000000007e57      0x6d1 Src/gpio.o
 .debug_line    0x0000000000008528      0x8c7 Src/main.o
 .debug_line    0x0000000000008def      0x704 Src/spi.o
 .debug_line    0x00000000000094f3      0x6c3 Src/stm32f4xx_hal_msp.o
 .debug_line    0x0000000000009bb6      0x778 Src/stm32f4xx_it.o
 .debug_line    0x000000000000a32e      0x54a Src/sysmem.o
 .debug_line    0x000000000000a878      0x6dd Src/system_stm32f4xx.o
 .debug_line    0x000000000000af55      0x6f6 Src/usart.o
 .debug_line    0x000000000000b64b       0x80 Startup/startup_stm32f446retx.o

.debug_str      0x0000000000000000    0xcf16b
 .debug_str     0x0000000000000000    0xc76ee Drivers/STM32F4xx_HAL_Driver/Src/stm32f4xx_hal.o
                                      0xc7a99 (size before relaxing)
 .debug_str     0x00000000000c76ee      0x668 Drivers/STM32F4xx_HAL_Driver/Src/stm32f4xx_hal_adc.o
                                      0xc74fd (size before relaxing)
 .debug_str     0x00000000000c7d56      0x3e6 Drivers/STM32F4xx_HAL_Driver/Src/stm32f4xx_hal_cortex.o
                                      0xc7863 (size before relaxing)
 .debug_str     0x00000000000c813c      0x31d Drivers/STM32F4xx_HAL_Driver/Src/stm32f4xx_hal_dma.o
                                      0xc737b (size before relaxing)
 .debug_str     0x00000000000c8459      0x287 Drivers/STM32F4xx_HAL_Driver/Src/stm32f4xx_hal_gpio.o
                                      0xc71ca (size before relaxing)
 .debug_str     0x00000000000c86e0      0x394 Drivers/STM32F4xx_HAL_Driver/Src/stm32f4xx_hal_rcc.o
                                      0xc737d (size before relaxing)
 .debug_str     0x00000000000c8a74      0x324 Drivers/STM32F4xx_HAL_Driver/Src/stm32f4xx_hal_rcc_ex.o
                                      0xc73cf (size before relaxing)
 .debug_str     0x00000000000c8d98      0x732 Drivers/STM32F4xx_HAL_Driver/Src/stm32f4xx_hal_spi.o
                                      0xc77d4 (size before relaxing)
 .debug_str     0x00000000000c94ca      0x67c Drivers/STM32F4xx_HAL_Driver/Src/stm32f4xx_hal_uart.o
                                      0xc77b2 (size before relaxing)
 .debug_str     0x00000000000c9b46     0x3af9 Src/KK_NRF24.o
                                      0xcaf83 (size before relaxing)
 .debug_str     0x00000000000cd63f      0x1d1 Src/adc.o
                                      0xc756d (size before relaxing)
 .debug_str     0x00000000000cd810       0x22 Src/dma.o
                                      0xc75b3 (size before relaxing)
 .debug_str     0x00000000000cd832       0x25 Src/gpio.o
                                      0xc7124 (size before relaxing)
 .debug_str     0x00000000000cd857       0x76 Src/main.o
                                      0xcb0b2 (size before relaxing)
 .debug_str     0x00000000000cd8cd       0x24 Src/spi.o
                                      0xc7581 (size before relaxing)
 .debug_str     0x00000000000cd8f1       0x1b Src/stm32f4xx_hal_msp.o
                                      0xc7089 (size before relaxing)
 .debug_str     0x00000000000cd90c       0xd0 Src/stm32f4xx_it.o
                                      0xc7260 (size before relaxing)
 .debug_str     0x00000000000cd9dc     0x16d6 Src/sysmem.o
                                       0x7af5 (size before relaxing)
 .debug_str     0x00000000000cf0b2       0x5a Src/system_stm32f4xx.o
                                      0xc6f86 (size before relaxing)
 .debug_str     0x00000000000cf10c       0x2e Src/usart.o
                                      0xc7564 (size before relaxing)
 .debug_str     0x00000000000cf13a       0x31 Startup/startup_stm32f446retx.o
                                         0x77 (size before relaxing)

.comment        0x0000000000000000       0x7b
 .comment       0x0000000000000000       0x7b Drivers/STM32F4xx_HAL_Driver/Src/stm32f4xx_hal.o
                                         0x7c (size before relaxing)
 .comment       0x000000000000007b       0x7c Drivers/STM32F4xx_HAL_Driver/Src/stm32f4xx_hal_adc.o
 .comment       0x000000000000007b       0x7c Drivers/STM32F4xx_HAL_Driver/Src/stm32f4xx_hal_cortex.o
 .comment       0x000000000000007b       0x7c Drivers/STM32F4xx_HAL_Driver/Src/stm32f4xx_hal_dma.o
 .comment       0x000000000000007b       0x7c Drivers/STM32F4xx_HAL_Driver/Src/stm32f4xx_hal_gpio.o
 .comment       0x000000000000007b       0x7c Drivers/STM32F4xx_HAL_Driver/Src/stm32f4xx_hal_rcc.o
 .comment       0x000000000000007b       0x7c Drivers/STM32F4xx_HAL_Driver/Src/stm32f4xx_hal_rcc_ex.o
 .comment       0x000000000000007b       0x7c Drivers/STM32F4xx_HAL_Driver/Src/stm32f4xx_hal_spi.o
 .comment       0x000000000000007b       0x7c Drivers/STM32F4xx_HAL_Driver/Src/stm32f4xx_hal_uart.o
 .comment       0x000000000000007b       0x7c Src/KK_NRF24.o
 .comment       0x000000000000007b       0x7c Src/adc.o
 .comment       0x000000000000007b       0x7c Src/dma.o
 .comment       0x000000000000007b       0x7c Src/gpio.o
 .comment       0x000000000000007b       0x7c Src/main.o
 .comment       0x000000000000007b       0x7c Src/spi.o
 .comment       0x000000000000007b       0x7c Src/stm32f4xx_hal_msp.o
 .comment       0x000000000000007b       0x7c Src/stm32f4xx_it.o
 .comment       0x000000000000007b       0x7c Src/sysmem.o
 .comment       0x000000000000007b       0x7c Src/system_stm32f4xx.o
 .comment       0x000000000000007b       0x7c Src/usart.o

.debug_frame    0x0000000000000000     0x30b0
 .debug_frame   0x0000000000000000      0x374 Drivers/STM32F4xx_HAL_Driver/Src/stm32f4xx_hal.o
 .debug_frame   0x0000000000000374      0x3fc Drivers/STM32F4xx_HAL_Driver/Src/stm32f4xx_hal_adc.o
 .debug_frame   0x0000000000000770      0x498 Drivers/STM32F4xx_HAL_Driver/Src/stm32f4xx_hal_cortex.o
 .debug_frame   0x0000000000000c08      0x250 Drivers/STM32F4xx_HAL_Driver/Src/stm32f4xx_hal_dma.o
 .debug_frame   0x0000000000000e58      0x14c Drivers/STM32F4xx_HAL_Driver/Src/stm32f4xx_hal_gpio.o
 .debug_frame   0x0000000000000fa4      0x1f0 Drivers/STM32F4xx_HAL_Driver/Src/stm32f4xx_hal_rcc.o
 .debug_frame   0x0000000000001194      0x1e0 Drivers/STM32F4xx_HAL_Driver/Src/stm32f4xx_hal_rcc_ex.o
 .debug_frame   0x0000000000001374      0x824 Drivers/STM32F4xx_HAL_Driver/Src/stm32f4xx_hal_spi.o
 .debug_frame   0x0000000000001b98      0x844 Drivers/STM32F4xx_HAL_Driver/Src/stm32f4xx_hal_uart.o
 .debug_frame   0x00000000000023dc      0x4b8 Src/KK_NRF24.o
 .debug_frame   0x0000000000002894       0x7c Src/adc.o
 .debug_frame   0x0000000000002910       0x34 Src/dma.o
 .debug_frame   0x0000000000002944       0x34 Src/gpio.o
 .debug_frame   0x0000000000002978       0x78 Src/main.o
 .debug_frame   0x00000000000029f0       0x74 Src/spi.o
 .debug_frame   0x0000000000002a64       0x34 Src/stm32f4xx_hal_msp.o
 .debug_frame   0x0000000000002a98      0x128 Src/stm32f4xx_it.o
 .debug_frame   0x0000000000002bc0       0x34 Src/sysmem.o
 .debug_frame   0x0000000000002bf4       0x58 Src/system_stm32f4xx.o
 .debug_frame   0x0000000000002c4c       0x74 Src/usart.o
 .debug_frame   0x0000000000002cc0       0x20 d:/stm32cubeide_1.4.0/stm32cubeide/plugins/com.st.stm32cube.ide.mcu.externaltools.gnu-tools-for-stm32.7-2018-q2-update.win32_1.4.0.202007081208/tools/bin/../lib/gcc/arm-none-eabi/7.3.1/../../../../arm-none-eabi/lib/thumb/v7e-m/fpv4-sp/hard\libc_nano.a(lib_a-errno.o)
 .debug_frame   0x0000000000002ce0       0x2c d:/stm32cubeide_1.4.0/stm32cubeide/plugins/com.st.stm32cube.ide.mcu.externaltools.gnu-tools-for-stm32.7-2018-q2-update.win32_1.4.0.202007081208/tools/bin/../lib/gcc/arm-none-eabi/7.3.1/../../../../arm-none-eabi/lib/thumb/v7e-m/fpv4-sp/hard\libc_nano.a(lib_a-init.o)
 .debug_frame   0x0000000000002d0c       0x28 d:/stm32cubeide_1.4.0/stm32cubeide/plugins/com.st.stm32cube.ide.mcu.externaltools.gnu-tools-for-stm32.7-2018-q2-update.win32_1.4.0.202007081208/tools/bin/../lib/gcc/arm-none-eabi/7.3.1/../../../../arm-none-eabi/lib/thumb/v7e-m/fpv4-sp/hard\libc_nano.a(lib_a-memcpy-stub.o)
 .debug_frame   0x0000000000002d34       0x20 d:/stm32cubeide_1.4.0/stm32cubeide/plugins/com.st.stm32cube.ide.mcu.externaltools.gnu-tools-for-stm32.7-2018-q2-update.win32_1.4.0.202007081208/tools/bin/../lib/gcc/arm-none-eabi/7.3.1/../../../../arm-none-eabi/lib/thumb/v7e-m/fpv4-sp/hard\libc_nano.a(lib_a-memset.o)
 .debug_frame   0x0000000000002d54       0x6c d:/stm32cubeide_1.4.0/stm32cubeide/plugins/com.st.stm32cube.ide.mcu.externaltools.gnu-tools-for-stm32.7-2018-q2-update.win32_1.4.0.202007081208/tools/bin/../lib/gcc/arm-none-eabi/7.3.1/../../../../arm-none-eabi/lib/thumb/v7e-m/fpv4-sp/hard\libc_nano.a(lib_a-sprintf.o)
 .debug_frame   0x0000000000002dc0       0x90 d:/stm32cubeide_1.4.0/stm32cubeide/plugins/com.st.stm32cube.ide.mcu.externaltools.gnu-tools-for-stm32.7-2018-q2-update.win32_1.4.0.202007081208/tools/bin/../lib/gcc/arm-none-eabi/7.3.1/../../../../arm-none-eabi/lib/thumb/v7e-m/fpv4-sp/hard\libc_nano.a(lib_a-nano-svfprintf.o)
 .debug_frame   0x0000000000002e50       0x60 d:/stm32cubeide_1.4.0/stm32cubeide/plugins/com.st.stm32cube.ide.mcu.externaltools.gnu-tools-for-stm32.7-2018-q2-update.win32_1.4.0.202007081208/tools/bin/../lib/gcc/arm-none-eabi/7.3.1/../../../../arm-none-eabi/lib/thumb/v7e-m/fpv4-sp/hard\libc_nano.a(lib_a-nano-vfprintf_i.o)
 .debug_frame   0x0000000000002eb0       0x28 d:/stm32cubeide_1.4.0/stm32cubeide/plugins/com.st.stm32cube.ide.mcu.externaltools.gnu-tools-for-stm32.7-2018-q2-update.win32_1.4.0.202007081208/tools/bin/../lib/gcc/arm-none-eabi/7.3.1/../../../../arm-none-eabi/lib/thumb/v7e-m/fpv4-sp/hard\libc_nano.a(lib_a-memmove.o)
 .debug_frame   0x0000000000002ed8       0x38 d:/stm32cubeide_1.4.0/stm32cubeide/plugins/com.st.stm32cube.ide.mcu.externaltools.gnu-tools-for-stm32.7-2018-q2-update.win32_1.4.0.202007081208/tools/bin/../lib/gcc/arm-none-eabi/7.3.1/../../../../arm-none-eabi/lib/thumb/v7e-m/fpv4-sp/hard\libc_nano.a(lib_a-nano-freer.o)
 .debug_frame   0x0000000000002f10       0x2c d:/stm32cubeide_1.4.0/stm32cubeide/plugins/com.st.stm32cube.ide.mcu.externaltools.gnu-tools-for-stm32.7-2018-q2-update.win32_1.4.0.202007081208/tools/bin/../lib/gcc/arm-none-eabi/7.3.1/../../../../arm-none-eabi/lib/thumb/v7e-m/fpv4-sp/hard\libc_nano.a(lib_a-nano-mallocr.o)
 .debug_frame   0x0000000000002f3c       0x3c d:/stm32cubeide_1.4.0/stm32cubeide/plugins/com.st.stm32cube.ide.mcu.externaltools.gnu-tools-for-stm32.7-2018-q2-update.win32_1.4.0.202007081208/tools/bin/../lib/gcc/arm-none-eabi/7.3.1/../../../../arm-none-eabi/lib/thumb/v7e-m/fpv4-sp/hard\libc_nano.a(lib_a-nano-reallocr.o)
 .debug_frame   0x0000000000002f78       0x2c d:/stm32cubeide_1.4.0/stm32cubeide/plugins/com.st.stm32cube.ide.mcu.externaltools.gnu-tools-for-stm32.7-2018-q2-update.win32_1.4.0.202007081208/tools/bin/../lib/gcc/arm-none-eabi/7.3.1/../../../../arm-none-eabi/lib/thumb/v7e-m/fpv4-sp/hard\libc_nano.a(lib_a-sbrkr.o)
 .debug_frame   0x0000000000002fa4       0x30 d:/stm32cubeide_1.4.0/stm32cubeide/plugins/com.st.stm32cube.ide.mcu.externaltools.gnu-tools-for-stm32.7-2018-q2-update.win32_1.4.0.202007081208/tools/bin/../lib/gcc/arm-none-eabi/7.3.1/../../../../arm-none-eabi/lib/thumb/v7e-m/fpv4-sp/hard\libc_nano.a(lib_a-mlock.o)
 .debug_frame   0x0000000000002fd4       0x20 d:/stm32cubeide_1.4.0/stm32cubeide/plugins/com.st.stm32cube.ide.mcu.externaltools.gnu-tools-for-stm32.7-2018-q2-update.win32_1.4.0.202007081208/tools/bin/../lib/gcc/arm-none-eabi/7.3.1/../../../../arm-none-eabi/lib/thumb/v7e-m/fpv4-sp/hard\libc_nano.a(lib_a-nano-msizer.o)
 .debug_frame   0x0000000000002ff4       0x5c d:/stm32cubeide_1.4.0/stm32cubeide/plugins/com.st.stm32cube.ide.mcu.externaltools.gnu-tools-for-stm32.7-2018-q2-update.win32_1.4.0.202007081208/tools/bin/../lib/gcc/arm-none-eabi/7.3.1/../../../../arm-none-eabi/lib/thumb/v7e-m/fpv4-sp/hard\libc_nano.a(lib_a-reent.o)
 .debug_frame   0x0000000000003050       0x2c d:/stm32cubeide_1.4.0/stm32cubeide/plugins/com.st.stm32cube.ide.mcu.externaltools.gnu-tools-for-stm32.7-2018-q2-update.win32_1.4.0.202007081208/tools/bin/../lib/gcc/arm-none-eabi/7.3.1/thumb/v7e-m/fpv4-sp/hard\libgcc.a(_aeabi_uldivmod.o)
 .debug_frame   0x000000000000307c       0x34 d:/stm32cubeide_1.4.0/stm32cubeide/plugins/com.st.stm32cube.ide.mcu.externaltools.gnu-tools-for-stm32.7-2018-q2-update.win32_1.4.0.202007081208/tools/bin/../lib/gcc/arm-none-eabi/7.3.1/thumb/v7e-m/fpv4-sp/hard\libgcc.a(_udivmoddi4.o)
