KK_NRF24.c:46:13:NRF24_CSN	16	static
KK_NRF24.c:55:13:NRF24_CE	16	static
KK_NRF24.c:66:16:NRF24_read_register	24	static
KK_NRF24.c:85:13:NRF24_read_registerN	24	static
KK_NRF24.c:102:13:NRF24_write_register	24	static
KK_NRF24.c:117:13:NRF24_write_registerN	24	static
KK_NRF24.c:135:13:NRF24_ACTIVATE_cmd	16	static
KK_NRF24.c:150:13:NRF24_resetStatus	8	static
KK_NRF24.c:156:13:NRF24_powerDown	8	static
KK_NRF24.c:165:9:NRF24_available	16	static
KK_NRF24.c:186:9:NRF24_write	32	static
KK_NRF24.c:244:9:NRF24_read	24	static
KK_NRF24.c:265:6:NRF24_openWritingPipe	16	static
KK_NRF24.c:274:6:NRF24_openReadingPipe	32	static
KK_NRF24.c:300:6:NRF24_startListening	16	static
KK_NRF24.c:319:6:NRF24_stopListening	8	static
KK_NRF24.c:331:6:NRF24_init	32	static
KK_NRF24.c:414:6:nrf24_DebugUART_Init	16	static
KK_NRF24.c:423:13:NRF24_flush_TX	8	static
KK_NRF24.c:429:13:NRF24_flush_RX	8	static
KK_NRF24.c:438:6:printRadioSettings	152	static
