KK_NRF24.c:37:6:NRF24_CSN	16	static
KK_NRF24.c:46:6:NRF24_CE	16	static
KK_NRF24.c:57:9:NRF24_read_register	24	static
KK_NRF24.c:76:6:NRF24_read_registerN	24	static
KK_NRF24.c:93:6:NRF24_write_register	24	static
KK_NRF24.c:108:6:NRF24_write_registerN	24	static
KK_NRF24.c:126:6:NRF24_ACTIVATE_cmd	16	static
KK_NRF24.c:141:6:NRF24_setPayloadSize	24	static
KK_NRF24.c:148:9:NRF24_getPayloadSize	4	static
KK_NRF24.c:154:6:NRF24_resetStatus	8	static
KK_NRF24.c:160:6:NRF24_powerDown	8	static
KK_NRF24.c:169:9:NRF24_available	16	static
KK_NRF24.c:190:9:NRF24_write	32	static
KK_NRF24.c:248:9:NRF24_read	24	static
KK_NRF24.c:269:6:NRF24_openWritingPipe	16	static
KK_NRF24.c:278:6:NRF24_openReadingPipe	32	static
KK_NRF24.c:304:6:NRF24_startListening	16	static
KK_NRF24.c:323:6:NRF24_stopListening	8	static
KK_NRF24.c:335:6:NRF24_begin	24	static
KK_NRF24.c:418:6:nrf24_DebugUART_Init	12	static
KK_NRF24.c:427:6:NRF24_flush_TX	8	static
KK_NRF24.c:433:6:NRF24_flush_RX	8	static
KK_NRF24.c:442:6:printRadioSettings	152	static
