KK_NRF24.c:44:13:NRF24_CSN	16	static
KK_NRF24.c:53:13:NRF24_CE	16	static
KK_NRF24.c:64:16:NRF24_read_register	24	static
KK_NRF24.c:83:13:NRF24_read_registerN	24	static
KK_NRF24.c:100:13:NRF24_write_register	24	static
KK_NRF24.c:115:13:NRF24_write_registerN	24	static
KK_NRF24.c:133:13:NRF24_resetStatus	8	static
KK_NRF24.c:139:13:NRF24_powerUp	8	static
KK_NRF24.c:145:13:NRF24_powerDown	8	static
KK_NRF24.c:154:9:NRF24_available	16	static
KK_NRF24.c:175:9:NRF24_write	32	static
KK_NRF24.c:233:9:NRF24_read	24	static
KK_NRF24.c:254:6:NRF24_openWritingPipe	16	static
KK_NRF24.c:263:6:NRF24_openReadingPipe	32	static
KK_NRF24.c:289:6:NRF24_startListening	16	static
KK_NRF24.c:307:6:NRF24_stopListening	8	static
KK_NRF24.c:320:6:NRF24_init	32	static
KK_NRF24.c:402:13:NRF24_flush_TX	8	static
KK_NRF24.c:408:13:NRF24_flush_RX	8	static
