KK_NRF24.c:42:6:NRF24_csn	16	static
KK_NRF24.c:49:6:NRF24_ce	16	static
KK_NRF24.c:58:9:NRF24_read_register	24	static
KK_NRF24.c:77:6:NRF24_read_registerN	24	static
KK_NRF24.c:94:6:NRF24_write_register	24	static
KK_NRF24.c:109:6:NRF24_write_registerN	24	static
KK_NRF24.c:127:6:NRF24_begin	24	static
KK_NRF24.c:210:6:nrf24_DebugUART_Init	12	static
KK_NRF24.c:219:6:NRF24_ACTIVATE_cmd	16	static
KK_NRF24.c:231:6:NRF24_setPayloadSize	24	static
KK_NRF24.c:238:6:NRF24_resetStatus	8	static
KK_NRF24.c:244:6:NRF24_powerDown	8	static
KK_NRF24.c:250:6:NRF24_setAutoAck	16	static
KK_NRF24.c:259:6:NRF24_openWritingPipe	24	static
KK_NRF24.c:269:6:NRF24_openReadingPipe	32	static
KK_NRF24.c:293:6:NRF24_startListening	16	static
KK_NRF24.c:311:6:NRF24_stopListening	8	static
KK_NRF24.c:321:9:NRF24_available	8	static
KK_NRF24.c:327:9:NRF24_availablePipe	24	static
KK_NRF24.c:352:9:NRF24_write	32	static
KK_NRF24.c:387:9:NRF24_read	24	static
KK_NRF24.c:397:6:NRF24_write_payload	24	static
KK_NRF24.c:411:6:NRF24_read_payload	24	static
KK_NRF24.c:425:9:NRF24_getPayloadSize	4	static
KK_NRF24.c:431:9:NRF24_getDynamicPayloadSize	8	static
KK_NRF24.c:438:6:NRF24_startWrite	16	static
KK_NRF24.c:457:6:NRF24_checkInterruptFlags	32	static
KK_NRF24.c:473:6:NRF24_flush_tx	8	static
KK_NRF24.c:479:6:NRF24_flush_rx	8	static
KK_NRF24.c:487:6:printRadioSettings	152	static
