KK_NRF24.c:39:6:NRF24_csn	16	static
KK_NRF24.c:48:6:NRF24_ce	16	static
KK_NRF24.c:59:9:NRF24_read_register	24	static
KK_NRF24.c:78:6:NRF24_read_registerN	24	static
KK_NRF24.c:95:6:NRF24_write_register	24	static
KK_NRF24.c:110:6:NRF24_write_registerN	24	static
KK_NRF24.c:128:6:NRF24_begin	24	static
KK_NRF24.c:211:6:nrf24_DebugUART_Init	12	static
KK_NRF24.c:220:6:NRF24_ACTIVATE_cmd	16	static
KK_NRF24.c:235:6:NRF24_setPayloadSize	24	static
KK_NRF24.c:242:6:NRF24_resetStatus	8	static
KK_NRF24.c:248:6:NRF24_powerDown	8	static
KK_NRF24.c:254:6:NRF24_openWritingPipe	16	static
KK_NRF24.c:263:6:NRF24_openReadingPipe	32	static
KK_NRF24.c:289:6:NRF24_startListening	16	static
KK_NRF24.c:308:6:NRF24_stopListening	8	static
KK_NRF24.c:319:9:NRF24_available	16	static
KK_NRF24.c:340:9:NRF24_write	32	static
KK_NRF24.c:372:9:NRF24_read	24	static
KK_NRF24.c:394:9:NRF24_getPayloadSize	4	static
KK_NRF24.c:401:6:NRF24_startWrite	24	static
KK_NRF24.c:436:6:NRF24_flush_tx	8	static
KK_NRF24.c:442:6:NRF24_flush_rx	8	static
KK_NRF24.c:450:6:printRadioSettings	152	static
