MY_NRF24.c:37:6:NRF24_DelayMicroSeconds	24	static
MY_NRF24.c:45:6:NRF24_csn	16	static
MY_NRF24.c:51:6:NRF24_ce	16	static
MY_NRF24.c:57:9:NRF24_read_register	24	static
MY_NRF24.c:74:6:NRF24_read_registerN	24	static
MY_NRF24.c:89:6:NRF24_write_register	24	static
MY_NRF24.c:102:6:NRF24_write_registerN	24	static
MY_NRF24.c:115:6:NRF24_write_payload	24	static
MY_NRF24.c:128:6:NRF24_read_payload	24	static
MY_NRF24.c:142:6:NRF24_flush_tx	8	static
MY_NRF24.c:147:6:NRF24_flush_rx	8	static
MY_NRF24.c:152:9:NRF24_get_status	16	static
MY_NRF24.c:160:6:NRF24_begin	24	static
MY_NRF24.c:233:6:NRF24_startListening	16	static
MY_NRF24.c:250:6:NRF24_stopListening	8	static
MY_NRF24.c:257:6:NRF24_write	32	static
MY_NRF24.c:293:6:NRF24_available	8	static
MY_NRF24.c:298:6:NRF24_read	24	static
MY_NRF24.c:307:6:NRF24_openWritingPipe	24	static
MY_NRF24.c:316:6:NRF24_openReadingPipe	32	static
MY_NRF24.c:340:6:NRF24_setRetries	16	static
MY_NRF24.c:346:6:NRF24_setChannel	24	static
MY_NRF24.c:352:6:NRF24_setPayloadSize	24	static
MY_NRF24.c:358:9:NRF24_getPayloadSize	4	static
MY_NRF24.c:363:9:NRF24_getDynamicPayloadSize	8	static
MY_NRF24.c:368:6:NRF24_enableAckPayload	8	static
MY_NRF24.c:381:6:NRF24_enableDynamicPayloads	8	static
MY_NRF24.c:395:6:NRF24_disableDynamicPayloads	8	static
MY_NRF24.c:403:6:NRF24_isNRF_Plus	4	static
MY_NRF24.c:408:6:NRF24_setAutoAck	16	static
MY_NRF24.c:416:6:NRF24_setAutoAckPipe	24	static
MY_NRF24.c:433:6:NRF24_setPALevel	24	static
MY_NRF24.c:464:15:NRF24_getPALevel	16	static
MY_NRF24.c:490:6:NRF24_setDataRate	24	static
MY_NRF24.c:535:17:NRF24_getDataRate	16	static
MY_NRF24.c:560:6:NRF24_setCRCLength	24	static
MY_NRF24.c:581:18:NRF24_getCRCLength	16	static
MY_NRF24.c:597:6:NRF24_disableCRC	16	static
MY_NRF24.c:603:6:NRF24_powerUp	8	static
MY_NRF24.c:608:6:NRF24_powerDown	8	static
MY_NRF24.c:613:6:NRF24_availablePipe	24	static
MY_NRF24.c:637:6:NRF24_startWrite	16	static
MY_NRF24.c:654:6:NRF24_writeAckPayload	24	static
MY_NRF24.c:665:6:NRF24_isAckPayloadAvailable	16	static
MY_NRF24.c:672:6:NRF24_whatHappened	32	static
MY_NRF24.c:683:6:NRF24_testCarrier	8	static
MY_NRF24.c:688:6:NRF24_testRPD	8	static
MY_NRF24.c:694:6:NRF24_resetStatus	8	static
MY_NRF24.c:700:6:NRF24_ACTIVATE_cmd	16	static
MY_NRF24.c:711:9:NRF24_GetAckPayloadSize	4	static
MY_NRF24.c:716:6:printRadioSettings	152	static
MY_NRF24.c:843:6:printStatusReg	136	static
MY_NRF24.c:859:6:printConfigReg	120	static
MY_NRF24.c:877:6:nrf24_DebugUART_Init	12	static
MY_NRF24.c:882:6:printFIFOstatus	128	static
