KK_NRF24.c:39:6:NRF24_csn	16	static
KK_NRF24.c:46:6:NRF24_ce	16	static
KK_NRF24.c:55:9:NRF24_read_register	24	static
KK_NRF24.c:73:6:NRF24_read_registerN	24	static
KK_NRF24.c:89:6:NRF24_write_register	24	static
KK_NRF24.c:103:6:NRF24_write_registerN	24	static
KK_NRF24.c:117:9:NRF24_get_status	16	static
KK_NRF24.c:128:6:NRF24_begin	24	static
KK_NRF24.c:201:6:nrf24_DebugUART_Init	12	static
KK_NRF24.c:210:6:NRF24_ACTIVATE_cmd	16	static
KK_NRF24.c:222:6:NRF24_setRetries	16	static
KK_NRF24.c:228:6:NRF24_disableDynamicPayloads	8	static
KK_NRF24.c:237:6:NRF24_setPayloadSize	24	static
KK_NRF24.c:244:6:NRF24_resetStatus	8	static
KK_NRF24.c:250:6:NRF24_setChannel	24	static
KK_NRF24.c:257:6:NRF24_powerDown	8	static
KK_NRF24.c:263:6:NRF24_setAutoAck	16	static
KK_NRF24.c:272:6:NRF24_openWritingPipe	24	static
KK_NRF24.c:282:6:NRF24_openReadingPipe	32	static
KK_NRF24.c:306:6:NRF24_startListening	16	static
KK_NRF24.c:324:6:NRF24_stopListening	8	static
KK_NRF24.c:334:9:NRF24_available	8	static
KK_NRF24.c:340:9:NRF24_availablePipe	24	static
KK_NRF24.c:365:9:NRF24_write	32	static
KK_NRF24.c:400:9:NRF24_read	24	static
KK_NRF24.c:410:6:NRF24_write_payload	24	static
KK_NRF24.c:424:6:NRF24_read_payload	24	static
KK_NRF24.c:438:9:NRF24_getPayloadSize	4	static
KK_NRF24.c:444:9:NRF24_getDynamicPayloadSize	8	static
KK_NRF24.c:451:6:NRF24_startWrite	16	static
KK_NRF24.c:470:6:NRF24_checkInterruptFlags	32	static
KK_NRF24.c:486:6:NRF24_flush_tx	8	static
KK_NRF24.c:492:6:NRF24_flush_rx	8	static
KK_NRF24.c:500:6:printRadioSettings	152	static
