KK_NRF24.c:44:13:NRF24_CSN	16	static
KK_NRF24.c:53:13:NRF24_CE	16	static
KK_NRF24.c:64:16:NRF24_read_register	24	static
KK_NRF24.c:83:13:NRF24_read_registerN	24	static
KK_NRF24.c:100:13:NRF24_write_register	24	static
KK_NRF24.c:115:13:NRF24_write_registerN	24	static
KK_NRF24.c:133:13:NRF24_ACTIVATE_cmd	16	static
KK_NRF24.c:148:13:NRF24_resetStatus	8	static
KK_NRF24.c:154:13:NRF24_powerDown	8	static
KK_NRF24.c:163:9:NRF24_available	16	static
KK_NRF24.c:184:9:NRF24_write	32	static
KK_NRF24.c:242:9:NRF24_read	24	static
KK_NRF24.c:263:6:NRF24_openWritingPipe	16	static
KK_NRF24.c:272:6:NRF24_openReadingPipe	32	static
KK_NRF24.c:297:6:NRF24_startListening	16	static
KK_NRF24.c:316:6:NRF24_stopListening	8	static
KK_NRF24.c:328:6:NRF24_init	32	static
KK_NRF24.c:412:13:NRF24_flush_TX	8	static
KK_NRF24.c:418:13:NRF24_flush_RX	8	static
